2025-09-13 14:47:55.430 | LSN:00000001 | TXN_START    | TXN:1757746075384 |                 | 事务开始 | INFO:事务ID: 1757746075384
2025-09-13 14:47:55.434 | LSN:00000002 | SELECT       | TXN:1757746075384 | users           | SQL执行开始 | INFO:SQL: select * from users
2025-09-13 14:47:55.600 | LSN:00000003 | SELECT       | TXN:1757746075384 | users           | SQL执行成功 | DATA:NEW[返回 3 条记录] | INFO:SQL: select * from users
2025-09-13 14:47:55.601 | LSN:00000004 | TXN_COMMIT   | TXN:1757746075384 |                 | 事务提交 | INFO:事务ID: 1757746075384
2025-09-13 14:51:31.249 | LSN:00000005 | CHECKPOINT   | TXN:---- |                 | 检查点创建 | INFO:LSN: 5
2025-09-13 14:51:32.087 | LSN:00000006 | SYSTEM       | TXN:---- |                 | 日志管理器关闭 | INFO:正常关闭
2025-09-13 14:52:56.055 | LSN:00000007 | TXN_START    | TXN:1757746376049 |                 | 事务开始 | INFO:事务ID: 1757746376049
2025-09-13 14:52:56.073 | LSN:00000008 | SELECT       | TXN:1757746376049 | users           | SQL执行开始 | INFO:SQL: select * from users
2025-09-13 14:52:56.076 | LSN:00000009 | SELECT       | TXN:1757746376049 | users           | SQL执行成功 | DATA:NEW[返回 3 条记录] | INFO:SQL: select * from users
2025-09-13 14:52:56.078 | LSN:00000010 | TXN_COMMIT   | TXN:1757746376049 |                 | 事务提交 | INFO:事务ID: 1757746376049
2025-09-13 15:01:59.580 | LSN:00000011 | TXN_START    | TXN:1757746919580 |                 | 事务开始 | INFO:事务ID: 1757746919580
2025-09-13 15:01:59.581 | LSN:00000012 | SELECT       | TXN:1757746919580 | users           | SQL执行开始 | INFO:SQL: select * from users
2025-09-13 15:01:59.583 | LSN:00000013 | SELECT       | TXN:1757746919580 | users           | SQL执行成功 | DATA:NEW[返回 3 条记录] | INFO:SQL: select * from users
2025-09-13 15:01:59.584 | LSN:00000014 | TXN_COMMIT   | TXN:1757746919580 |                 | 事务提交 | INFO:事务ID: 1757746919580
2025-09-13 15:03:58.561 | LSN:00000015 | TXN_START    | TXN:1757747038561 |                 | 事务开始 | INFO:事务ID: 1757747038561
2025-09-13 15:03:58.562 | LSN:00000016 | DELETE       | TXN:1757747038561 | users           | SQL执行开始 | INFO:SQL: delete from users where id=6
2025-09-13 15:03:58.564 | LSN:00000017 | DELETE       | TXN:1757747038561 | users           | SQL执行成功 | DATA:NEW[无数据返回] | INFO:SQL: delete from users where id=6
2025-09-13 15:03:58.565 | LSN:00000018 | TXN_COMMIT   | TXN:1757747038561 |                 | 事务提交 | INFO:事务ID: 1757747038561
2025-09-13 15:04:12.760 | LSN:00000019 | TXN_START    | TXN:1757747052760 |                 | 事务开始 | INFO:事务ID: 1757747052760
2025-09-13 15:04:12.761 | LSN:00000020 | SELECT       | TXN:1757747052760 | users           | SQL执行开始 | INFO:SQL: select * from users
2025-09-13 15:04:12.763 | LSN:00000021 | SELECT       | TXN:1757747052760 | users           | SQL执行成功 | DATA:NEW[返回 2 条记录] | INFO:SQL: select * from users
2025-09-13 15:04:12.763 | LSN:00000022 | TXN_COMMIT   | TXN:1757747052760 |                 | 事务提交 | INFO:事务ID: 1757747052760
2025-09-13 16:13:46.064 | LSN:00000023 | TXN_START    | TXN:1757751226055 |                 | 事务开始 | INFO:事务ID: 1757751226055
2025-09-13 16:13:46.078 | LSN:00000024 | CREATE_TABLE | TXN:1757751226055 | employees       | SQL执行开始 | INFO:SQL: CREATE TABLE employees (
    id INT PRIMARY KEY, 
    name VARCHAR(50), 
    department VARCHAR(50), 
    salary INT, 
    hire_date VARCHAR(10)
);
2025-09-13 16:13:46.144 | LSN:00000025 | CREATE_TABLE | TXN:1757751226055 | employees       | SQL执行成功 | DATA:NEW[无数据返回] | INFO:SQL: CREATE TABLE employees (
    id INT PRIMARY KEY, 
    name VARCHAR(50), 
    department VARCHAR(50), 
    salary INT, 
    hire_date VARCHAR(10)
);
2025-09-13 16:13:46.145 | LSN:00000026 | TXN_COMMIT   | TXN:1757751226055 |                 | 事务提交 | INFO:事务ID: 1757751226055
2025-09-13 16:34:56.587 | LSN:00000027 | TXN_START    | TXN:1757752496587 |                 | 事务开始 | INFO:事务ID: 1757752496587
2025-09-13 16:34:56.590 | LSN:00000028 | INSERT       | TXN:1757752496587 | employees       | SQL执行开始 | INFO:SQL: INSERT INTO employees VALUES (1, 'Alice', 'Engineering', 75000, '2020-01-15');
INSERT INTO employees VALUES (2, 'Bob', 'Sales', 65000, '2019-03-20');
INSERT INTO employees VALUES (3, 'Charlie', 'Engineering', 80000, '2021-06-10');
INSERT INTO employees VALUES (4, 'Diana', 'HR', 70000, '2020-08-05');
2025-09-13 16:34:56.613 | LSN:00000029 | INSERT       | TXN:1757752496587 | employees       | SQL执行成功 | DATA:NEW[无数据返回] | INFO:SQL: INSERT INTO employees VALUES (1, 'Alice', 'Engineering', 75000, '2020-01-15');
INSERT INTO employees VALUES (2, 'Bob', 'Sales', 65000, '2019-03-20');
INSERT INTO employees VALUES (3, 'Charlie', 'Engineering', 80000, '2021-06-10');
INSERT INTO employees VALUES (4, 'Diana', 'HR', 70000, '2020-08-05');
2025-09-13 16:34:56.613 | LSN:00000030 | TXN_COMMIT   | TXN:1757752496587 |                 | 事务提交 | INFO:事务ID: 1757752496587
2025-09-13 16:35:21.640 | LSN:00000031 | TXN_START    | TXN:1757752521640 |                 | 事务开始 | INFO:事务ID: 1757752521640
2025-09-13 16:35:21.641 | LSN:00000032 | INSERT       | TXN:1757752521640 | products        | SQL执行开始 | INFO:SQL: INSERT INTO products VALUES (1, 'Laptop', 999.99, 'Electronics');
INSERT INTO products VALUES (2, 'Mouse', 29.99, 'Electronics');
INSERT INTO products VALUES (3, 'Book', 15.50, 'Education');
2025-09-13 16:35:21.655 | LSN:00000033 | INSERT       | TXN:1757752521640 | products        | SQL执行成功 | DATA:NEW[无数据返回] | INFO:SQL: INSERT INTO products VALUES (1, 'Laptop', 999.99, 'Electronics');
INSERT INTO products VALUES (2, 'Mouse', 29.99, 'Electronics');
INSERT INTO products VALUES (3, 'Book', 15.50, 'Education');
2025-09-13 16:35:21.656 | LSN:00000034 | TXN_COMMIT   | TXN:1757752521640 |                 | 事务提交 | INFO:事务ID: 1757752521640
2025-09-13 16:35:46.867 | LSN:00000035 | TXN_START    | TXN:1757752546867 |                 | 事务开始 | INFO:事务ID: 1757752546867
2025-09-13 16:35:46.869 | LSN:00000036 | SELECT       | TXN:1757752546867 | employees;      | SQL执行开始 | INFO:SQL: SELECT name, salary, ABS(salary - 70000) AS salary_diff FROM employees;
2025-09-13 16:35:46.891 | LSN:00000037 | SELECT       | TXN:1757752546867 | employees;      | SQL执行成功 | DATA:NEW[返回 4 条记录] | INFO:SQL: SELECT name, salary, ABS(salary - 70000) AS salary_diff FROM employees;
2025-09-13 16:35:46.892 | LSN:00000038 | TXN_COMMIT   | TXN:1757752546867 |                 | 事务提交 | INFO:事务ID: 1757752546867
2025-09-13 16:36:04.637 | LSN:00000039 | TXN_START    | TXN:1757752564637 |                 | 事务开始 | INFO:事务ID: 1757752564637
2025-09-13 16:36:04.638 | LSN:00000040 | SELECT       | TXN:1757752564637 | employees;      | SQL执行开始 | INFO:SQL: SELECT name, ROUND(salary / 12, 2) AS monthly_salary FROM employees;
2025-09-13 16:36:04.640 | LSN:00000041 | SELECT       | TXN:1757752564637 | employees;      | SQL执行成功 | DATA:NEW[返回 4 条记录] | INFO:SQL: SELECT name, ROUND(salary / 12, 2) AS monthly_salary FROM employees;
2025-09-13 16:36:04.641 | LSN:00000042 | TXN_COMMIT   | TXN:1757752564637 |                 | 事务提交 | INFO:事务ID: 1757752564637
2025-09-13 16:39:54.366 | LSN:00000043 | TXN_START    | TXN:1757752794366 |                 | 事务开始 | INFO:事务ID: 1757752794366
2025-09-13 16:39:54.368 | LSN:00000044 | SYSTEM       | TXN:1757752794366 |                 | SQL执行开始 | INFO:SQL: CREATE VIEW engineering_employees AS 
SELECT name, salary FROM employees WHERE department = 'Engineering';
2025-09-13 16:39:54.375 | LSN:00000045 | SYSTEM       | TXN:1757752794366 |                 | SQL执行成功 | DATA:NEW[无数据返回] | INFO:SQL: CREATE VIEW engineering_employees AS 
SELECT name, salary FROM employees WHERE department = 'Engineering';
2025-09-13 16:39:54.376 | LSN:00000046 | TXN_COMMIT   | TXN:1757752794366 |                 | 事务提交 | INFO:事务ID: 1757752794366
2025-09-13 16:40:17.871 | LSN:00000047 | TXN_START    | TXN:1757752817871 |                 | 事务开始 | INFO:事务ID: 1757752817871
2025-09-13 16:40:17.872 | LSN:00000048 | SYSTEM       | TXN:1757752817871 |                 | SQL执行开始 | INFO:SQL: CREATE VIEW high_salary_employees AS 
SELECT name, department, salary FROM employees WHERE salary > 70000;
2025-09-13 16:40:17.874 | LSN:00000049 | SYSTEM       | TXN:1757752817871 |                 | SQL执行失败 | DATA:NEW[视图 high_salary_employees 已存在] | INFO:SQL: CREATE VIEW high_salary_employees AS 
SELECT name, department, salary FROM employees WHERE salary > 70000;
2025-09-13 16:40:17.875 | LSN:00000050 | TXN_ABORT    | TXN:1757752817871 |                 | 事务回滚 | INFO:事务ID: 1757752817871
2025-09-13 17:19:34.593 | LSN:00000051 | TXN_START    | TXN:1757755174590 |                 | 事务开始 | INFO:事务ID: 1757755174590
2025-09-13 17:19:34.600 | LSN:00000052 | SYSTEM       | TXN:1757755174590 |                 | SQL执行开始 | INFO:SQL: CREATE FUNCTION add_numbers(a INT, b INT) RETURNS INT BEGIN RETURN a + b; END
2025-09-13 17:19:34.604 | LSN:00000053 | SYSTEM       | TXN:1757755174590 |                 | SQL执行成功 | DATA:NEW[无数据返回] | INFO:SQL: CREATE FUNCTION add_numbers(a INT, b INT) RETURNS INT BEGIN RETURN a + b; END
2025-09-13 17:19:34.605 | LSN:00000054 | TXN_COMMIT   | TXN:1757755174590 |                 | 事务提交 | INFO:事务ID: 1757755174590
2025-09-13 17:20:19.132 | LSN:00000055 | TXN_START    | TXN:1757755219132 |                 | 事务开始 | INFO:事务ID: 1757755219132
2025-09-13 17:20:19.133 | LSN:00000056 | SYSTEM       | TXN:1757755219132 |                 | SQL执行开始 | INFO:SQL: CALL add_numbers(5, 3)
2025-09-13 17:20:19.137 | LSN:00000057 | SYSTEM       | TXN:1757755219132 |                 | SQL执行成功 | DATA:NEW[返回 1 条记录] | INFO:SQL: CALL add_numbers(5, 3)
2025-09-13 17:20:19.137 | LSN:00000058 | TXN_COMMIT   | TXN:1757755219132 |                 | 事务提交 | INFO:事务ID: 1757755219132
2025-09-13 17:20:50.396 | LSN:00000059 | TXN_START    | TXN:1757755250396 |                 | 事务开始 | INFO:事务ID: 1757755250396
2025-09-13 17:20:50.398 | LSN:00000060 | SYSTEM       | TXN:1757755250396 |                 | SQL执行开始 | INFO:SQL: CREATE FUNCTION multiply(x INT, y INT) RETURNS INT BEGIN RETURN x * y; END
2025-09-13 17:20:50.401 | LSN:00000061 | SYSTEM       | TXN:1757755250396 |                 | SQL执行成功 | DATA:NEW[无数据返回] | INFO:SQL: CREATE FUNCTION multiply(x INT, y INT) RETURNS INT BEGIN RETURN x * y; END
2025-09-13 17:20:50.402 | LSN:00000062 | TXN_COMMIT   | TXN:1757755250396 |                 | 事务提交 | INFO:事务ID: 1757755250396
2025-09-13 17:21:03.266 | LSN:00000063 | TXN_START    | TXN:1757755263266 |                 | 事务开始 | INFO:事务ID: 1757755263266
2025-09-13 17:21:03.267 | LSN:00000064 | SYSTEM       | TXN:1757755263266 |                 | SQL执行开始 | INFO:SQL: CALL multiply(7, 6)
2025-09-13 17:21:03.269 | LSN:00000065 | SYSTEM       | TXN:1757755263266 |                 | SQL执行成功 | DATA:NEW[返回 1 条记录] | INFO:SQL: CALL multiply(7, 6)
2025-09-13 17:21:03.269 | LSN:00000066 | TXN_COMMIT   | TXN:1757755263266 |                 | 事务提交 | INFO:事务ID: 1757755263266
