2025-09-15 08:53:56.017 | LSN:00000327 | TXN_START    | TXN:1757897636015 |                 | 事务开始 | INFO:事务ID: 1757897636015
2025-09-15 08:53:56.022 | LSN:00000328 | SYSTEM       | TXN:1757897636015 |                 | SQL执行开始 | INFO:SQL: CREATE permanent FUNCTION add_numbers(a INT, b INT) RETURNS INT BEGIN RETURN a + b; END
2025-09-15 08:53:56.026 | LSN:00000329 | SYSTEM       | TXN:1757897636015 |                 | SQL执行成功 | DATA:NEW[无数据返回] | INFO:SQL: CREATE permanent FUNCTION add_numbers(a INT, b INT) RETURNS INT BEGIN RETURN a + b; END
2025-09-15 08:53:56.027 | LSN:00000330 | TXN_COMMIT   | TXN:1757897636015 |                 | 事务提交 | INFO:事务ID: 1757897636015
2025-09-15 08:54:17.929 | LSN:00000331 | TXN_START    | TXN:1757897657929 |                 | 事务开始 | INFO:事务ID: 1757897657929
2025-09-15 08:54:17.930 | LSN:00000332 | SYSTEM       | TXN:1757897657929 |                 | SQL执行开始 | INFO:SQL: CALL add_numbers(5, 3)
2025-09-15 08:54:17.933 | LSN:00000333 | SYSTEM       | TXN:1757897657929 |                 | SQL执行成功 | DATA:NEW[返回 1 条记录] | INFO:SQL: CALL add_numbers(5, 3)
2025-09-15 08:54:17.934 | LSN:00000334 | TXN_COMMIT   | TXN:1757897657929 |                 | 事务提交 | INFO:事务ID: 1757897657929
2025-09-15 08:54:36.921 | LSN:00000335 | TXN_START    | TXN:1757897676921 |                 | 事务开始 | INFO:事务ID: 1757897676921
2025-09-15 08:54:36.922 | LSN:00000336 | SYSTEM       | TXN:1757897676921 |                 | SQL执行开始 | INFO:SQL: CREATE permanent FUNCTION calculate_difference(a INT, b INT) RETURNS INT BEGIN RETURN a - b; END
2025-09-15 08:54:36.925 | LSN:00000337 | SYSTEM       | TXN:1757897676921 |                 | SQL执行成功 | DATA:NEW[无数据返回] | INFO:SQL: CREATE permanent FUNCTION calculate_difference(a INT, b INT) RETURNS INT BEGIN RETURN a - b; END
2025-09-15 08:54:36.927 | LSN:00000338 | TXN_COMMIT   | TXN:1757897676921 |                 | 事务提交 | INFO:事务ID: 1757897676921
2025-09-15 08:54:52.914 | LSN:00000339 | TXN_START    | TXN:1757897692913 |                 | 事务开始 | INFO:事务ID: 1757897692913
2025-09-15 08:54:52.914 | LSN:00000340 | SYSTEM       | TXN:1757897692913 |                 | SQL执行开始 | INFO:SQL: CREATE FUNCTION divide_numbers(a INT, b INT) RETURNS INT BEGIN RETURN a / b; END
2025-09-15 08:54:52.917 | LSN:00000341 | SYSTEM       | TXN:1757897692913 |                 | SQL执行成功 | DATA:NEW[无数据返回] | INFO:SQL: CREATE FUNCTION divide_numbers(a INT, b INT) RETURNS INT BEGIN RETURN a / b; END
2025-09-15 08:54:52.918 | LSN:00000342 | TXN_COMMIT   | TXN:1757897692913 |                 | 事务提交 | INFO:事务ID: 1757897692913
2025-09-15 08:55:15.660 | LSN:00000343 | TXN_START    | TXN:1757897715660 |                 | 事务开始 | INFO:事务ID: 1757897715660
2025-09-15 08:55:15.663 | LSN:00000344 | SELECT       | TXN:1757897715660 | __system_functions__; | SQL执行开始 | INFO:SQL: SELECT * FROM __system_functions__;
2025-09-15 08:55:15.775 | LSN:00000345 | SELECT       | TXN:1757897715660 | __system_functions__; | SQL执行成功 | DATA:NEW[返回 2 条记录] | INFO:SQL: SELECT * FROM __system_functions__;
2025-09-15 08:55:15.776 | LSN:00000346 | TXN_COMMIT   | TXN:1757897715660 |                 | 事务提交 | INFO:事务ID: 1757897715660
2025-09-15 08:55:38.090 | LSN:00000347 | TXN_START    | TXN:1757897738086 |                 | 事务开始 | INFO:事务ID: 1757897738086
2025-09-15 08:55:38.097 | LSN:00000348 | SELECT       | TXN:1757897738086 | __system_functions__; | SQL执行开始 | INFO:SQL: SELECT * FROM __system_functions__;
2025-09-15 08:55:38.211 | LSN:00000349 | SELECT       | TXN:1757897738086 | __system_functions__; | SQL执行成功 | DATA:NEW[返回 2 条记录] | INFO:SQL: SELECT * FROM __system_functions__;
2025-09-15 08:55:38.212 | LSN:00000350 | TXN_COMMIT   | TXN:1757897738086 |                 | 事务提交 | INFO:事务ID: 1757897738086
2025-09-15 08:56:18.523 | LSN:00000351 | TXN_START    | TXN:1757897778523 |                 | 事务开始 | INFO:事务ID: 1757897778523
2025-09-15 08:56:18.523 | LSN:00000352 | SYSTEM       | TXN:1757897778523 |                 | SQL执行开始 | INFO:SQL: DROP FUNCTION divide_numbers
2025-09-15 08:56:18.526 | LSN:00000353 | SYSTEM       | TXN:1757897778523 |                 | SQL执行失败 | DATA:NEW[删除函数失败: 删除函数失败: 函数 'divide_numbers' 不存在] | INFO:SQL: DROP FUNCTION divide_numbers
2025-09-15 08:56:18.560 | LSN:00000354 | TXN_ABORT    | TXN:1757897778523 |                 | 事务回滚 | INFO:事务ID: 1757897778523
2025-09-15 08:56:28.112 | LSN:00000355 | TXN_START    | TXN:1757897788112 |                 | 事务开始 | INFO:事务ID: 1757897788112
2025-09-15 08:56:28.113 | LSN:00000356 | SYSTEM       | TXN:1757897788112 |                 | SQL执行开始 | INFO:SQL: DROP FUNCTION add_numbers
2025-09-15 08:56:28.115 | LSN:00000357 | SYSTEM       | TXN:1757897788112 |                 | SQL执行成功 | DATA:NEW[无数据返回] | INFO:SQL: DROP FUNCTION add_numbers
2025-09-15 08:56:28.116 | LSN:00000358 | TXN_COMMIT   | TXN:1757897788112 |                 | 事务提交 | INFO:事务ID: 1757897788112
2025-09-15 08:56:59.610 | LSN:00000359 | TXN_START    | TXN:1757897819610 |                 | 事务开始 | INFO:事务ID: 1757897819610
2025-09-15 08:56:59.611 | LSN:00000360 | SYSTEM       | TXN:1757897819610 |                 | SQL执行开始 | INFO:SQL: CREATE permanent FUNCTION add_numbers(a INT, b INT) RETURNS INT BEGIN RETURN a + b; END
2025-09-15 08:56:59.615 | LSN:00000361 | SYSTEM       | TXN:1757897819610 |                 | SQL执行成功 | DATA:NEW[无数据返回] | INFO:SQL: CREATE permanent FUNCTION add_numbers(a INT, b INT) RETURNS INT BEGIN RETURN a + b; END
2025-09-15 08:56:59.615 | LSN:00000362 | TXN_COMMIT   | TXN:1757897819610 |                 | 事务提交 | INFO:事务ID: 1757897819610
2025-09-15 08:57:27.445 | LSN:00000363 | TXN_START    | TXN:1757897847445 |                 | 事务开始 | INFO:事务ID: 1757897847445
2025-09-15 08:57:27.446 | LSN:00000364 | SELECT       | TXN:1757897847445 | __system_functions__; | SQL执行开始 | INFO:SQL: SELECT * FROM __system_functions__;
2025-09-15 08:57:27.574 | LSN:00000365 | SELECT       | TXN:1757897847445 | __system_functions__; | SQL执行成功 | DATA:NEW[返回 2 条记录] | INFO:SQL: SELECT * FROM __system_functions__;
2025-09-15 08:57:27.575 | LSN:00000366 | TXN_COMMIT   | TXN:1757897847445 |                 | 事务提交 | INFO:事务ID: 1757897847445
2025-09-15 09:34:14.204 | LSN:00000367 | TXN_START    | TXN:1757900054201 |                 | 事务开始 | INFO:事务ID: 1757900054201
2025-09-15 09:34:14.208 | LSN:00000368 | INSERT       | TXN:1757900054201 | users           | SQL执行开始 | INFO:SQL: INSERT INTO users VALUES (1, 'Alice Johnson', 'alice@example.com', 28);
INSERT INTO users VALUES (2, 'Bob Smith', 'bob@example.com', 35);
INSERT INTO users VALUES (3, 'Charlie Brown', 'charlie@example.com', 22);
INSERT INTO users VALUES (4, 'Diana Prince', 'diana@example.com', 30);
INSERT INTO users VALUES (5, 'Eve Wilson', 'eve@example.com', 26);
2025-09-15 09:34:14.222 | LSN:00000369 | INSERT       | TXN:1757900054201 | users           | SQL执行成功 | DATA:NEW[无数据返回] | INFO:SQL: INSERT INTO users VALUES (1, 'Alice Johnson', 'alice@example.com', 28);
INSERT INTO users VALUES (2, 'Bob Smith', 'bob@example.com', 35);
INSERT INTO users VALUES (3, 'Charlie Brown', 'charlie@example.com', 22);
INSERT INTO users VALUES (4, 'Diana Prince', 'diana@example.com', 30);
INSERT INTO users VALUES (5, 'Eve Wilson', 'eve@example.com', 26);
2025-09-15 09:34:14.222 | LSN:00000370 | TXN_COMMIT   | TXN:1757900054201 |                 | 事务提交 | INFO:事务ID: 1757900054201
2025-09-15 09:34:44.317 | LSN:00000371 | TXN_START    | TXN:1757900084317 |                 | 事务开始 | INFO:事务ID: 1757900084317
2025-09-15 09:34:44.319 | LSN:00000372 | INSERT       | TXN:1757900084317 | products        | SQL执行开始 | INFO:SQL: INSERT INTO products VALUES (1, 'Laptop', 1299.99, 'Electronics');
INSERT INTO products VALUES (2, 'Mouse', 25.50, 'Electronics');
INSERT INTO products VALUES (3, 'Book', 15.99, 'Education');
INSERT INTO products VALUES (4, 'Chair', 89.99, 'Furniture');
INSERT INTO products VALUES (5, 'Monitor', 299.99, 'Electronics');
2025-09-15 09:34:44.334 | LSN:00000373 | INSERT       | TXN:1757900084317 | products        | SQL执行成功 | DATA:NEW[无数据返回] | INFO:SQL: INSERT INTO products VALUES (1, 'Laptop', 1299.99, 'Electronics');
INSERT INTO products VALUES (2, 'Mouse', 25.50, 'Electronics');
INSERT INTO products VALUES (3, 'Book', 15.99, 'Education');
INSERT INTO products VALUES (4, 'Chair', 89.99, 'Furniture');
INSERT INTO products VALUES (5, 'Monitor', 299.99, 'Electronics');
2025-09-15 09:34:44.335 | LSN:00000374 | TXN_COMMIT   | TXN:1757900084317 |                 | 事务提交 | INFO:事务ID: 1757900084317
2025-09-15 09:35:01.783 | LSN:00000375 | TXN_START    | TXN:1757900101783 |                 | 事务开始 | INFO:事务ID: 1757900101783
2025-09-15 09:35:01.784 | LSN:00000376 | SYSTEM       | TXN:1757900101783 |                 | SQL执行开始 | INFO:SQL: CREATE VIEW young_users AS 
SELECT id, name, email, age 
FROM users 
WHERE age < 30;
2025-09-15 09:35:01.789 | LSN:00000377 | SYSTEM       | TXN:1757900101783 |                 | SQL执行成功 | DATA:NEW[无数据返回] | INFO:SQL: CREATE VIEW young_users AS 
SELECT id, name, email, age 
FROM users 
WHERE age < 30;
2025-09-15 09:35:01.789 | LSN:00000378 | TXN_COMMIT   | TXN:1757900101783 |                 | 事务提交 | INFO:事务ID: 1757900101783
2025-09-15 09:35:21.530 | LSN:00000379 | TXN_START    | TXN:1757900121530 |                 | 事务开始 | INFO:事务ID: 1757900121530
2025-09-15 09:35:21.531 | LSN:00000380 | SELECT       | TXN:1757900121530 | users           | SQL执行开始 | INFO:SQL: SELECT * FROM users WHERE age < 30;
2025-09-15 09:35:21.654 | LSN:00000381 | SELECT       | TXN:1757900121530 | users           | SQL执行成功 | DATA:NEW[返回 5 条记录] | INFO:SQL: SELECT * FROM users WHERE age < 30;
2025-09-15 09:35:21.655 | LSN:00000382 | TXN_COMMIT   | TXN:1757900121530 |                 | 事务提交 | INFO:事务ID: 1757900121530
2025-09-15 09:47:29.551 | LSN:00000383 | TXN_START    | TXN:1757900849549 |                 | 事务开始 | INFO:事务ID: 1757900849549
2025-09-15 09:47:29.555 | LSN:00000384 | SYSTEM       | TXN:1757900849549 |                 | SQL执行开始 | INFO:SQL: CREATE VIEW young_users AS 
SELECT id, name, email, age 
FROM users 
WHERE age < 30;
2025-09-15 09:47:29.559 | LSN:00000385 | SYSTEM       | TXN:1757900849549 |                 | SQL执行失败 | DATA:NEW[创建视图失败: 视图 young_users 已存在] | INFO:SQL: CREATE VIEW young_users AS 
SELECT id, name, email, age 
FROM users 
WHERE age < 30;
2025-09-15 09:47:29.576 | LSN:00000386 | TXN_ABORT    | TXN:1757900849549 |                 | 事务回滚 | INFO:事务ID: 1757900849549
2025-09-15 09:47:37.658 | LSN:00000387 | TXN_START    | TXN:1757900857658 |                 | 事务开始 | INFO:事务ID: 1757900857658
2025-09-15 09:47:37.659 | LSN:00000388 | SELECT       | TXN:1757900857658 | young_users;    | SQL执行开始 | INFO:SQL: SELECT * FROM young_users;
2025-09-15 09:47:37.660 | LSN:00000389 | TXN_START    | TXN:1757900857660 |                 | 事务开始 | INFO:事务ID: 1757900857660
2025-09-15 09:47:37.661 | LSN:00000390 | SYSTEM       | TXN:1757900857660 |                 | SQL执行开始 | INFO:SQL: com.sqlcompiler.ast.SelectStatement@71ea1c4c
2025-09-15 09:47:37.662 | LSN:00000391 | SYSTEM       | TXN:1757900857660 |                 | SQL解析失败 | INFO:SQL: com.sqlcompiler.ast.SelectStatement@71ea1c4c
2025-09-15 09:47:37.668 | LSN:00000392 | TXN_ABORT    | TXN:1757900857660 |                 | 事务回滚 | INFO:事务ID: 1757900857660
2025-09-15 09:47:37.669 | LSN:00000393 | SELECT       | TXN:1757900857658 | young_users;    | SQL执行失败 | DATA:NEW[SQL解析失败] | INFO:SQL: SELECT * FROM young_users;
2025-09-15 09:47:37.674 | LSN:00000394 | TXN_ABORT    | TXN:1757900857658 |                 | 事务回滚 | INFO:事务ID: 1757900857658
2025-09-15 10:00:36.373 | LSN:00000395 | TXN_START    | TXN:1757901636370 |                 | 事务开始 | INFO:事务ID: 1757901636370
2025-09-15 10:00:36.377 | LSN:00000396 | SYSTEM       | TXN:1757901636370 |                 | SQL执行开始 | INFO:SQL: CREATE VIEW young_users AS 
SELECT id, name, email, age 
FROM users 
WHERE age < 30;
2025-09-15 10:00:36.383 | LSN:00000397 | SYSTEM       | TXN:1757901636370 |                 | SQL执行成功 | DATA:NEW[无数据返回] | INFO:SQL: CREATE VIEW young_users AS 
SELECT id, name, email, age 
FROM users 
WHERE age < 30;
2025-09-15 10:00:36.384 | LSN:00000398 | TXN_COMMIT   | TXN:1757901636370 |                 | 事务提交 | INFO:事务ID: 1757901636370
2025-09-15 10:00:38.086 | LSN:00000399 | TXN_START    | TXN:1757901638086 |                 | 事务开始 | INFO:事务ID: 1757901638086
2025-09-15 10:00:38.086 | LSN:00000400 | SYSTEM       | TXN:1757901638086 |                 | SQL执行开始 | INFO:SQL: CREATE VIEW young_users AS 
SELECT id, name, email, age 
FROM users 
WHERE age < 30;
2025-09-15 10:00:38.089 | LSN:00000401 | SYSTEM       | TXN:1757901638086 |                 | SQL执行失败 | DATA:NEW[创建视图失败: 视图 young_users 已存在] | INFO:SQL: CREATE VIEW young_users AS 
SELECT id, name, email, age 
FROM users 
WHERE age < 30;
2025-09-15 10:00:38.110 | LSN:00000402 | TXN_ABORT    | TXN:1757901638086 |                 | 事务回滚 | INFO:事务ID: 1757901638086
2025-09-15 10:00:44.853 | LSN:00000403 | TXN_START    | TXN:1757901644853 |                 | 事务开始 | INFO:事务ID: 1757901644853
2025-09-15 10:00:44.854 | LSN:00000404 | SELECT       | TXN:1757901644853 | young_users;    | SQL执行开始 | INFO:SQL: SELECT * FROM young_users;
2025-09-15 10:00:44.855 | LSN:00000405 | TXN_START    | TXN:1757901644855 |                 | 事务开始 | INFO:事务ID: 1757901644855
2025-09-15 10:00:44.856 | LSN:00000406 | SELECT       | TXN:1757901644855 | users           | SQL执行开始 | INFO:SQL: SELECT id, name, email, age FROM users WHERE age < 30
2025-09-15 10:00:44.975 | LSN:00000407 | SELECT       | TXN:1757901644855 | users           | SQL执行成功 | DATA:NEW[返回 5 条记录] | INFO:SQL: SELECT id, name, email, age FROM users WHERE age < 30
2025-09-15 10:00:44.976 | LSN:00000408 | TXN_COMMIT   | TXN:1757901644855 |                 | 事务提交 | INFO:事务ID: 1757901644855
2025-09-15 10:00:44.976 | LSN:00000409 | SELECT       | TXN:1757901644853 | young_users;    | SQL执行成功 | DATA:NEW[返回 5 条记录] | INFO:SQL: SELECT * FROM young_users;
2025-09-15 10:00:44.977 | LSN:00000410 | TXN_COMMIT   | TXN:1757901644853 |                 | 事务提交 | INFO:事务ID: 1757901644853
2025-09-15 10:00:48.026 | LSN:00000411 | TXN_START    | TXN:1757901648026 |                 | 事务开始 | INFO:事务ID: 1757901648026
2025-09-15 10:00:48.026 | LSN:00000412 | SELECT       | TXN:1757901648026 | young_users;    | SQL执行开始 | INFO:SQL: SELECT * FROM young_users;
2025-09-15 10:00:48.028 | LSN:00000413 | TXN_START    | TXN:1757901648028 |                 | 事务开始 | INFO:事务ID: 1757901648028
2025-09-15 10:00:48.028 | LSN:00000414 | SELECT       | TXN:1757901648028 | users           | SQL执行开始 | INFO:SQL: SELECT id, name, email, age FROM users WHERE age < 30
2025-09-15 10:00:48.144 | LSN:00000415 | SELECT       | TXN:1757901648028 | users           | SQL执行成功 | DATA:NEW[返回 5 条记录] | INFO:SQL: SELECT id, name, email, age FROM users WHERE age < 30
2025-09-15 10:00:48.144 | LSN:00000416 | TXN_COMMIT   | TXN:1757901648028 |                 | 事务提交 | INFO:事务ID: 1757901648028
2025-09-15 10:00:48.146 | LSN:00000417 | SELECT       | TXN:1757901648026 | young_users;    | SQL执行成功 | DATA:NEW[返回 5 条记录] | INFO:SQL: SELECT * FROM young_users;
2025-09-15 10:00:48.146 | LSN:00000418 | TXN_COMMIT   | TXN:1757901648026 |                 | 事务提交 | INFO:事务ID: 1757901648026
2025-09-15 10:05:43.981 | LSN:00000419 | TXN_START    | TXN:1757901943978 |                 | 事务开始 | INFO:事务ID: 1757901943978
2025-09-15 10:05:43.986 | LSN:00000420 | SYSTEM       | TXN:1757901943978 |                 | SQL执行开始 | INFO:SQL: CREATE VIEW young_users AS 
SELECT id, name, email, age 
FROM users 
WHERE age < 30;
2025-09-15 10:05:43.989 | LSN:00000421 | SYSTEM       | TXN:1757901943978 |                 | SQL执行失败 | DATA:NEW[创建视图失败: 视图 young_users 已存在] | INFO:SQL: CREATE VIEW young_users AS 
SELECT id, name, email, age 
FROM users 
WHERE age < 30;
2025-09-15 10:05:44.007 | LSN:00000422 | TXN_ABORT    | TXN:1757901943978 |                 | 事务回滚 | INFO:事务ID: 1757901943978
2025-09-15 10:06:00.963 | LSN:00000423 | TXN_START    | TXN:1757901960963 |                 | 事务开始 | INFO:事务ID: 1757901960963
2025-09-15 10:06:00.963 | LSN:00000424 | SYSTEM       | TXN:1757901960963 |                 | SQL执行开始 | INFO:SQL: CREATE VIEW young_user AS 
SELECT id, name, email, age 
FROM users 
WHERE age < 30;
2025-09-15 10:06:00.969 | LSN:00000425 | SYSTEM       | TXN:1757901960963 |                 | SQL执行成功 | DATA:NEW[无数据返回] | INFO:SQL: CREATE VIEW young_user AS 
SELECT id, name, email, age 
FROM users 
WHERE age < 30;
2025-09-15 10:06:00.969 | LSN:00000426 | TXN_COMMIT   | TXN:1757901960963 |                 | 事务提交 | INFO:事务ID: 1757901960963
2025-09-15 10:06:02.722 | LSN:00000427 | TXN_START    | TXN:1757901962722 |                 | 事务开始 | INFO:事务ID: 1757901962722
2025-09-15 10:06:02.723 | LSN:00000428 | SYSTEM       | TXN:1757901962722 |                 | SQL执行开始 | INFO:SQL: CREATE VIEW young_user AS 
SELECT id, name, email, age 
FROM users 
WHERE age < 30;
2025-09-15 10:06:02.724 | LSN:00000429 | SYSTEM       | TXN:1757901962722 |                 | SQL执行失败 | DATA:NEW[创建视图失败: 视图 young_user 已存在] | INFO:SQL: CREATE VIEW young_user AS 
SELECT id, name, email, age 
FROM users 
WHERE age < 30;
2025-09-15 10:06:02.731 | LSN:00000430 | TXN_ABORT    | TXN:1757901962722 |                 | 事务回滚 | INFO:事务ID: 1757901962722
2025-09-15 10:06:33.006 | LSN:00000431 | TXN_START    | TXN:1757901993006 |                 | 事务开始 | INFO:事务ID: 1757901993006
2025-09-15 10:06:33.007 | LSN:00000432 | SELECT       | TXN:1757901993006 | young_users;    | SQL执行开始 | INFO:SQL: SELECT * FROM young_users;
2025-09-15 10:06:33.009 | LSN:00000433 | TXN_START    | TXN:1757901993009 |                 | 事务开始 | INFO:事务ID: 1757901993009
2025-09-15 10:06:33.010 | LSN:00000434 | SELECT       | TXN:1757901993009 | users           | SQL执行开始 | INFO:SQL: SELECT id, name, email, age FROM users WHERE age < 30
2025-09-15 10:06:33.131 | LSN:00000435 | SELECT       | TXN:1757901993009 | users           | SQL执行成功 | DATA:NEW[返回 5 条记录] | INFO:SQL: SELECT id, name, email, age FROM users WHERE age < 30
2025-09-15 10:06:33.132 | LSN:00000436 | TXN_COMMIT   | TXN:1757901993009 |                 | 事务提交 | INFO:事务ID: 1757901993009
2025-09-15 10:06:33.133 | LSN:00000437 | SELECT       | TXN:1757901993006 | young_users;    | SQL执行成功 | DATA:NEW[返回 5 条记录] | INFO:SQL: SELECT * FROM young_users;
2025-09-15 10:06:33.134 | LSN:00000438 | TXN_COMMIT   | TXN:1757901993006 |                 | 事务提交 | INFO:事务ID: 1757901993006
2025-09-15 10:06:38.797 | LSN:00000439 | TXN_START    | TXN:1757901998797 |                 | 事务开始 | INFO:事务ID: 1757901998797
2025-09-15 10:06:38.797 | LSN:00000440 | SYSTEM       | TXN:1757901998797 |                 | SQL执行开始 | INFO:SQL: CREATE VIEW young_user AS 
SELECT id, name, email, age 
FROM users 
WHERE age < 30;
SELECT * FROM young_user;
2025-09-15 10:06:38.798 | LSN:00000441 | SYSTEM       | TXN:1757901998797 |                 | SQL执行失败 | DATA:NEW[批量执行失败: 0/2 成功, 错误: 创建视图失败: 视图 young_user 已存在] | INFO:SQL: CREATE VIEW young_user AS 
SELECT id, name, email, age 
FROM users 
WHERE age < 30;
SELECT * FROM young_user;
2025-09-15 10:06:38.806 | LSN:00000442 | TXN_ABORT    | TXN:1757901998797 |                 | 事务回滚 | INFO:事务ID: 1757901998797
2025-09-15 10:06:43.777 | LSN:00000443 | TXN_START    | TXN:1757902003777 |                 | 事务开始 | INFO:事务ID: 1757902003777
2025-09-15 10:06:43.778 | LSN:00000444 | SELECT       | TXN:1757902003777 | young_user;     | SQL执行开始 | INFO:SQL: SELECT * FROM young_user;
2025-09-15 10:06:43.778 | LSN:00000445 | TXN_START    | TXN:1757902003778 |                 | 事务开始 | INFO:事务ID: 1757902003778
2025-09-15 10:06:43.779 | LSN:00000446 | SELECT       | TXN:1757902003778 | users           | SQL执行开始 | INFO:SQL: SELECT id, name, email, age FROM users WHERE age < 30
2025-09-15 10:06:43.892 | LSN:00000447 | SELECT       | TXN:1757902003778 | users           | SQL执行成功 | DATA:NEW[返回 5 条记录] | INFO:SQL: SELECT id, name, email, age FROM users WHERE age < 30
2025-09-15 10:06:43.893 | LSN:00000448 | TXN_COMMIT   | TXN:1757902003778 |                 | 事务提交 | INFO:事务ID: 1757902003778
2025-09-15 10:06:43.893 | LSN:00000449 | SELECT       | TXN:1757902003777 | young_user;     | SQL执行成功 | DATA:NEW[返回 5 条记录] | INFO:SQL: SELECT * FROM young_user;
2025-09-15 10:06:43.894 | LSN:00000450 | TXN_COMMIT   | TXN:1757902003777 |                 | 事务提交 | INFO:事务ID: 1757902003777
2025-09-15 10:28:09.240 | LSN:00000451 | TXN_START    | TXN:1757903289239 |                 | 事务开始 | INFO:事务ID: 1757903289239
2025-09-15 10:28:09.252 | LSN:00000452 | SYSTEM       | TXN:1757903289239 |                 | SQL执行开始 | INFO:SQL: CREATE VIEW young_users AS SELECT * FROM users WHERE age < 30
2025-09-15 10:28:09.261 | LSN:00000453 | SYSTEM       | TXN:1757903289239 |                 | SQL执行成功 | DATA:NEW[无数据返回] | INFO:SQL: CREATE VIEW young_users AS SELECT * FROM users WHERE age < 30
2025-09-15 10:28:09.262 | LSN:00000454 | TXN_COMMIT   | TXN:1757903289239 |                 | 事务提交 | INFO:事务ID: 1757903289239
2025-09-15 10:28:09.263 | LSN:00000455 | TXN_START    | TXN:1757903289263 |                 | 事务开始 | INFO:事务ID: 1757903289263
2025-09-15 10:28:09.264 | LSN:00000456 | SYSTEM       | TXN:1757903289263 |                 | SQL执行开始 | INFO:SQL: CREATE VIEW young_user AS SELECT name FROM users WHERE age < 25
2025-09-15 10:28:09.267 | LSN:00000457 | SYSTEM       | TXN:1757903289263 |                 | SQL执行成功 | DATA:NEW[无数据返回] | INFO:SQL: CREATE VIEW young_user AS SELECT name FROM users WHERE age < 25
2025-09-15 10:28:09.268 | LSN:00000458 | TXN_COMMIT   | TXN:1757903289263 |                 | 事务提交 | INFO:事务ID: 1757903289263
2025-09-15 10:29:09.456 | LSN:00000459 | TXN_START    | TXN:1757903349455 |                 | 事务开始 | INFO:事务ID: 1757903349455
2025-09-15 10:29:09.467 | LSN:00000460 | SYSTEM       | TXN:1757903349455 |                 | SQL执行开始 | INFO:SQL: CREATE VIEW young_users AS SELECT * FROM users WHERE age < 30
2025-09-15 10:29:09.471 | LSN:00000461 | SYSTEM       | TXN:1757903349455 |                 | SQL执行失败 | DATA:NEW[创建视图失败: 视图 young_users 已存在] | INFO:SQL: CREATE VIEW young_users AS SELECT * FROM users WHERE age < 30
2025-09-15 10:29:09.496 | LSN:00000462 | TXN_ABORT    | TXN:1757903349455 |                 | 事务回滚 | INFO:事务ID: 1757903349455
2025-09-15 10:29:09.497 | LSN:00000463 | TXN_START    | TXN:1757903349497 |                 | 事务开始 | INFO:事务ID: 1757903349497
2025-09-15 10:29:09.498 | LSN:00000464 | SYSTEM       | TXN:1757903349497 |                 | SQL执行开始 | INFO:SQL: CREATE VIEW young_user AS SELECT name FROM users WHERE age < 25
2025-09-15 10:29:09.501 | LSN:00000465 | SYSTEM       | TXN:1757903349497 |                 | SQL执行失败 | DATA:NEW[创建视图失败: 视图 young_user 已存在] | INFO:SQL: CREATE VIEW young_user AS SELECT name FROM users WHERE age < 25
2025-09-15 10:29:09.506 | LSN:00000466 | TXN_ABORT    | TXN:1757903349497 |                 | 事务回滚 | INFO:事务ID: 1757903349497
2025-09-15 10:33:06.336 | LSN:00000467 | TXN_START    | TXN:1757903586333 |                 | 事务开始 | INFO:事务ID: 1757903586333
2025-09-15 10:33:06.341 | LSN:00000468 | SELECT       | TXN:1757903586333 | young_users;    | SQL执行开始 | INFO:SQL: SELECT * FROM young_users;
2025-09-15 10:33:06.343 | LSN:00000469 | TXN_START    | TXN:1757903586343 |                 | 事务开始 | INFO:事务ID: 1757903586343
2025-09-15 10:33:06.344 | LSN:00000470 | SELECT       | TXN:1757903586343 | users           | SQL执行开始 | INFO:SQL: SELECT * FROM users WHERE age < 30
2025-09-15 10:33:06.477 | LSN:00000471 | SELECT       | TXN:1757903586343 | users           | SQL执行成功 | DATA:NEW[返回 5 条记录] | INFO:SQL: SELECT * FROM users WHERE age < 30
2025-09-15 10:33:06.478 | LSN:00000472 | TXN_COMMIT   | TXN:1757903586343 |                 | 事务提交 | INFO:事务ID: 1757903586343
2025-09-15 10:33:06.478 | LSN:00000473 | SELECT       | TXN:1757903586333 | young_users;    | SQL执行成功 | DATA:NEW[返回 5 条记录] | INFO:SQL: SELECT * FROM young_users;
2025-09-15 10:33:06.479 | LSN:00000474 | TXN_COMMIT   | TXN:1757903586333 |                 | 事务提交 | INFO:事务ID: 1757903586333
2025-09-15 10:33:19.541 | LSN:00000475 | TXN_START    | TXN:1757903599541 |                 | 事务开始 | INFO:事务ID: 1757903599541
2025-09-15 10:33:19.542 | LSN:00000476 | SYSTEM       | TXN:1757903599541 |                 | SQL执行开始 | INFO:SQL: CREATE VIEW electronics AS 
SELECT id, name, price 
FROM products 
WHERE category = 'Electronics';
2025-09-15 10:33:19.548 | LSN:00000477 | SYSTEM       | TXN:1757903599541 |                 | SQL执行成功 | DATA:NEW[无数据返回] | INFO:SQL: CREATE VIEW electronics AS 
SELECT id, name, price 
FROM products 
WHERE category = 'Electronics';
2025-09-15 10:33:19.548 | LSN:00000478 | TXN_COMMIT   | TXN:1757903599541 |                 | 事务提交 | INFO:事务ID: 1757903599541
2025-09-15 10:34:02.454 | LSN:00000479 | TXN_START    | TXN:1757903642454 |                 | 事务开始 | INFO:事务ID: 1757903642454
2025-09-15 10:34:02.455 | LSN:00000480 | SYSTEM       | TXN:1757903642454 |                 | SQL执行开始 | INFO:SQL: CREATE VIEW expensive_products AS 
SELECT id, name, price, category 
FROM products 
WHERE price > 100;
2025-09-15 10:34:02.458 | LSN:00000481 | SYSTEM       | TXN:1757903642454 |                 | SQL执行成功 | DATA:NEW[无数据返回] | INFO:SQL: CREATE VIEW expensive_products AS 
SELECT id, name, price, category 
FROM products 
WHERE price > 100;
2025-09-15 10:34:02.459 | LSN:00000482 | TXN_COMMIT   | TXN:1757903642454 |                 | 事务提交 | INFO:事务ID: 1757903642454
2025-09-15 10:34:50.022 | LSN:00000483 | TXN_START    | TXN:1757903690022 |                 | 事务开始 | INFO:事务ID: 1757903690022
2025-09-15 10:34:50.026 | LSN:00000484 | SELECT       | TXN:1757903690022 | young_users;    | SQL执行开始 | INFO:SQL: SELECT * FROM young_users;
CREATE VIEW electronics AS 
SELECT id, name, price 
FROM products 
WHERE category = 'Electronics';
CREATE VIEW expensive_products AS 
SELECT id, name, price, category 
FROM products 
WHERE price > 100;
SELECT * FROM expensive_products;
2025-09-15 10:34:50.036 | LSN:00000485 | TXN_START    | TXN:1757903690036 |                 | 事务开始 | INFO:事务ID: 1757903690036
2025-09-15 10:34:50.037 | LSN:00000486 | SELECT       | TXN:1757903690036 | users           | SQL执行开始 | INFO:SQL: SELECT * FROM users WHERE age < 30
2025-09-15 10:34:50.161 | LSN:00000487 | SELECT       | TXN:1757903690036 | users           | SQL执行成功 | DATA:NEW[返回 5 条记录] | INFO:SQL: SELECT * FROM users WHERE age < 30
2025-09-15 10:34:50.163 | LSN:00000488 | TXN_COMMIT   | TXN:1757903690036 |                 | 事务提交 | INFO:事务ID: 1757903690036
2025-09-15 10:34:50.164 | LSN:00000489 | SELECT       | TXN:1757903690022 | young_users;    | SQL执行失败 | DATA:NEW[批量执行失败: 1/4 成功, 错误: 创建视图失败: 视图 electronics 已存在] | INFO:SQL: SELECT * FROM young_users;
CREATE VIEW electronics AS 
SELECT id, name, price 
FROM products 
WHERE category = 'Electronics';
CREATE VIEW expensive_products AS 
SELECT id, name, price, category 
FROM products 
WHERE price > 100;
SELECT * FROM expensive_products;
2025-09-15 10:34:50.192 | LSN:00000490 | TXN_ABORT    | TXN:1757903690022 |                 | 事务回滚 | INFO:事务ID: 1757903690022
2025-09-15 10:34:55.676 | LSN:00000491 | TXN_START    | TXN:1757903695676 |                 | 事务开始 | INFO:事务ID: 1757903695676
2025-09-15 10:34:55.677 | LSN:00000492 | SELECT       | TXN:1757903695676 | expensive_products; | SQL执行开始 | INFO:SQL: SELECT * FROM expensive_products;
2025-09-15 10:34:55.678 | LSN:00000493 | TXN_START    | TXN:1757903695678 |                 | 事务开始 | INFO:事务ID: 1757903695678
2025-09-15 10:34:55.678 | LSN:00000494 | SELECT       | TXN:1757903695678 | products        | SQL执行开始 | INFO:SQL: SELECT id, name, price, category FROM products WHERE price > 100
2025-09-15 10:34:55.790 | LSN:00000495 | SELECT       | TXN:1757903695678 | products        | SQL执行成功 | DATA:NEW[返回 3 条记录] | INFO:SQL: SELECT id, name, price, category FROM products WHERE price > 100
2025-09-15 10:34:55.790 | LSN:00000496 | TXN_COMMIT   | TXN:1757903695678 |                 | 事务提交 | INFO:事务ID: 1757903695678
2025-09-15 10:34:55.792 | LSN:00000497 | SELECT       | TXN:1757903695676 | expensive_products; | SQL执行成功 | DATA:NEW[返回 3 条记录] | INFO:SQL: SELECT * FROM expensive_products;
2025-09-15 10:34:55.792 | LSN:00000498 | TXN_COMMIT   | TXN:1757903695676 |                 | 事务提交 | INFO:事务ID: 1757903695676
2025-09-15 10:35:17.786 | LSN:00000499 | TXN_START    | TXN:1757903717785 |                 | 事务开始 | INFO:事务ID: 1757903717785
2025-09-15 10:35:17.786 | LSN:00000500 | SYSTEM       | TXN:1757903717785 |                 | SQL执行开始 | INFO:SQL: DROP VIEW young_users;
2025-09-15 10:35:17.788 | LSN:00000501 | SYSTEM       | TXN:1757903717785 |                 | SQL执行成功 | DATA:NEW[无数据返回] | INFO:SQL: DROP VIEW young_users;
2025-09-15 10:35:17.788 | LSN:00000502 | TXN_COMMIT   | TXN:1757903717785 |                 | 事务提交 | INFO:事务ID: 1757903717785
2025-09-15 10:35:27.746 | LSN:00000503 | TXN_START    | TXN:1757903727746 |                 | 事务开始 | INFO:事务ID: 1757903727746
2025-09-15 10:35:27.747 | LSN:00000504 | SYSTEM       | TXN:1757903727746 |                 | SQL执行开始 | INFO:SQL: DROP VIEW young_user;
2025-09-15 10:35:27.749 | LSN:00000505 | SYSTEM       | TXN:1757903727746 |                 | SQL执行成功 | DATA:NEW[无数据返回] | INFO:SQL: DROP VIEW young_user;
2025-09-15 10:35:27.749 | LSN:00000506 | TXN_COMMIT   | TXN:1757903727746 |                 | 事务提交 | INFO:事务ID: 1757903727746
2025-09-15 16:20:04.367 | LSN:00000507 | TXN_START    | TXN:1757924404363 |                 | 事务开始 | INFO:事务ID: 1757924404363
2025-09-15 16:20:04.372 | LSN:00000508 | CREATE_TABLE | TXN:1757924404363 | students        | SQL执行开始 | INFO:SQL: CREATE TABLE students (
    id INT PRIMARY KEY,
    name VARCHAR(50) NOT NULL,
    age INT,
    grade VARCHAR(20),
    email VARCHAR(100)
);
2025-09-15 16:20:04.391 | LSN:00000509 | CREATE_TABLE | TXN:1757924404363 | students        | SQL执行失败 | DATA:NEW[表 students 已存在] | INFO:SQL: CREATE TABLE students (
    id INT PRIMARY KEY,
    name VARCHAR(50) NOT NULL,
    age INT,
    grade VARCHAR(20),
    email VARCHAR(100)
);
2025-09-15 16:20:04.419 | LSN:00000510 | TXN_ABORT    | TXN:1757924404363 |                 | 事务回滚 | INFO:事务ID: 1757924404363
2025-09-15 16:22:19.461 | LSN:00000511 | TXN_START    | TXN:1757924539461 |                 | 事务开始 | INFO:事务ID: 1757924539461
2025-09-15 16:22:19.462 | LSN:00000512 | CREATE_TABLE | TXN:1757924539461 | student         | SQL执行开始 | INFO:SQL: CREATE TABLE student (
    id INT PRIMARY KEY,
    name VARCHAR(50) NOT NULL,
    age INT,
    grade VARCHAR(20),
    email VARCHAR(100)
);
2025-09-15 16:22:19.472 | LSN:00000513 | CREATE_TABLE | TXN:1757924539461 | student         | SQL执行成功 | DATA:NEW[无数据返回] | INFO:SQL: CREATE TABLE student (
    id INT PRIMARY KEY,
    name VARCHAR(50) NOT NULL,
    age INT,
    grade VARCHAR(20),
    email VARCHAR(100)
);
2025-09-15 16:22:19.472 | LSN:00000514 | TXN_COMMIT   | TXN:1757924539461 |                 | 事务提交 | INFO:事务ID: 1757924539461
2025-09-15 16:22:19.473 | LSN:00000515 | TXN_START    | TXN:1757924539473 |                 | 事务开始 | INFO:事务ID: 1757924539473
2025-09-15 16:22:19.473 | LSN:00000516 | CREATE_TABLE | TXN:1757924539473 | courses         | SQL执行开始 | INFO:SQL: CREATE TABLE courses (
    course_id INT PRIMARY KEY,
    course_name VARCHAR(100) NOT NULL,
    credits INT,
    instructor VARCHAR(50)
);
2025-09-15 16:22:19.478 | LSN:00000517 | CREATE_TABLE | TXN:1757924539473 | courses         | SQL执行失败 | DATA:NEW[表 courses 已存在] | INFO:SQL: CREATE TABLE courses (
    course_id INT PRIMARY KEY,
    course_name VARCHAR(100) NOT NULL,
    credits INT,
    instructor VARCHAR(50)
);
2025-09-15 16:22:19.484 | LSN:00000518 | TXN_ABORT    | TXN:1757924539473 |                 | 事务回滚 | INFO:事务ID: 1757924539473
2025-09-15 16:26:30.895 | LSN:00000519 | TXN_START    | TXN:1757924790892 |                 | 事务开始 | INFO:事务ID: 1757924790892
2025-09-15 16:26:30.900 | LSN:00000520 | CREATE_TABLE | TXN:1757924790892 | student         | SQL执行开始 | INFO:SQL: CREATE TABLE student (
    id INT PRIMARY KEY,
    name VARCHAR(50) NOT NULL,
    age INT,
    grade VARCHAR(20),
    email VARCHAR(100)
);
2025-09-15 16:26:30.922 | LSN:00000521 | CREATE_TABLE | TXN:1757924790892 | student         | SQL执行成功 | DATA:NEW[无数据返回] | INFO:SQL: CREATE TABLE student (
    id INT PRIMARY KEY,
    name VARCHAR(50) NOT NULL,
    age INT,
    grade VARCHAR(20),
    email VARCHAR(100)
);
2025-09-15 16:26:30.923 | LSN:00000522 | TXN_COMMIT   | TXN:1757924790892 |                 | 事务提交 | INFO:事务ID: 1757924790892
2025-09-15 16:26:30.924 | LSN:00000523 | TXN_START    | TXN:1757924790924 |                 | 事务开始 | INFO:事务ID: 1757924790924
2025-09-15 16:26:30.924 | LSN:00000524 | CREATE_TABLE | TXN:1757924790924 | courses         | SQL执行开始 | INFO:SQL: CREATE TABLE courses (
    course_id INT PRIMARY KEY,
    course_name VARCHAR(100) NOT NULL,
    credits INT,
    instructor VARCHAR(50)
);
2025-09-15 16:26:30.929 | LSN:00000525 | CREATE_TABLE | TXN:1757924790924 | courses         | SQL执行成功 | DATA:NEW[无数据返回] | INFO:SQL: CREATE TABLE courses (
    course_id INT PRIMARY KEY,
    course_name VARCHAR(100) NOT NULL,
    credits INT,
    instructor VARCHAR(50)
);
2025-09-15 16:26:30.929 | LSN:00000526 | TXN_COMMIT   | TXN:1757924790924 |                 | 事务提交 | INFO:事务ID: 1757924790924
2025-09-15 16:26:30.930 | LSN:00000527 | TXN_START    | TXN:1757924790930 |                 | 事务开始 | INFO:事务ID: 1757924790930
2025-09-15 16:26:30.930 | LSN:00000528 | CREATE_TABLE | TXN:1757924790930 | enrollments     | SQL执行开始 | INFO:SQL: CREATE TABLE enrollments (
    student_id INT,
    course_id INT,
    enrollment_date DATE,
    score DECIMAL(5,2),
    PRIMARY KEY(student_id, course_id)
);
2025-09-15 16:26:30.943 | LSN:00000529 | CREATE_TABLE | TXN:1757924790930 | enrollments     | SQL执行成功 | DATA:NEW[无数据返回] | INFO:SQL: CREATE TABLE enrollments (
    student_id INT,
    course_id INT,
    enrollment_date DATE,
    score DECIMAL(5,2),
    PRIMARY KEY(student_id, course_id)
);
2025-09-15 16:26:30.944 | LSN:00000530 | TXN_COMMIT   | TXN:1757924790930 |                 | 事务提交 | INFO:事务ID: 1757924790930
2025-09-15 16:26:30.944 | LSN:00000531 | TXN_START    | TXN:1757924790944 |                 | 事务开始 | INFO:事务ID: 1757924790944
2025-09-15 16:26:30.945 | LSN:00000532 | INSERT       | TXN:1757924790944 | student         | SQL执行开始 | INFO:SQL: INSERT INTO student (id, name, age, grade, email) VALUES 
(1, '张三', 20, '大三', 'zhangsan@example.com'),
(2, '李四', 19, '大二', 'lisi@example.com'),
(3, '王五', 21, '大四', 'wangwu@example.com'),
(4, '赵六', 18, '大一', 'zhaoliu@example.com'),
(5, '钱七', 22, '研一', 'qianqi@example.com');
2025-09-15 16:26:30.970 | LSN:00000533 | INSERT       | TXN:1757924790944 | student         | SQL执行成功 | DATA:NEW[无数据返回] | INFO:SQL: INSERT INTO student (id, name, age, grade, email) VALUES 
(1, '张三', 20, '大三', 'zhangsan@example.com'),
(2, '李四', 19, '大二', 'lisi@example.com'),
(3, '王五', 21, '大四', 'wangwu@example.com'),
(4, '赵六', 18, '大一', 'zhaoliu@example.com'),
(5, '钱七', 22, '研一', 'qianqi@example.com');
2025-09-15 16:26:30.971 | LSN:00000534 | TXN_COMMIT   | TXN:1757924790944 |                 | 事务提交 | INFO:事务ID: 1757924790944
2025-09-15 16:26:30.971 | LSN:00000535 | TXN_START    | TXN:1757924790971 |                 | 事务开始 | INFO:事务ID: 1757924790971
2025-09-15 16:26:30.971 | LSN:00000536 | INSERT       | TXN:1757924790971 | courses         | SQL执行开始 | INFO:SQL: INSERT INTO courses (course_id, course_name, credits, instructor) VALUES 
(101, '数据库系统原理', 3, '陈教授'),
(102, '算法与数据结构', 4, '李教授'),
(103, '计算机网络', 3, '王教授'),
(104, '操作系统', 3, '刘教授'),
(105, '软件工程', 2, '赵教授');
2025-09-15 16:26:30.986 | LSN:00000537 | INSERT       | TXN:1757924790971 | courses         | SQL执行成功 | DATA:NEW[无数据返回] | INFO:SQL: INSERT INTO courses (course_id, course_name, credits, instructor) VALUES 
(101, '数据库系统原理', 3, '陈教授'),
(102, '算法与数据结构', 4, '李教授'),
(103, '计算机网络', 3, '王教授'),
(104, '操作系统', 3, '刘教授'),
(105, '软件工程', 2, '赵教授');
2025-09-15 16:26:30.986 | LSN:00000538 | TXN_COMMIT   | TXN:1757924790971 |                 | 事务提交 | INFO:事务ID: 1757924790971
2025-09-15 16:26:30.986 | LSN:00000539 | TXN_START    | TXN:1757924790986 |                 | 事务开始 | INFO:事务ID: 1757924790986
2025-09-15 16:26:30.986 | LSN:00000540 | INSERT       | TXN:1757924790986 | enrollments     | SQL执行开始 | INFO:SQL: INSERT INTO enrollments (student_id, course_id, enrollment_date, score) VALUES 
(1, 101, '2024-09-01', 88.5),
(1, 102, '2024-09-01', 92.0),
(2, 101, '2024-09-01', 85.0),
(2, 103, '2024-09-01', 78.5),
(3, 102, '2024-09-01', 95.5),
(3, 104, '2024-09-01', 87.0),
(4, 103, '2024-09-01', 82.5),
(4, 105, '2024-09-01', 90.0),
(5, 104, '2024-09-01', 93.0),
(5, 105, '2024-09-01', 89.5);
2025-09-15 16:26:31.004 | LSN:00000541 | INSERT       | TXN:1757924790986 | enrollments     | SQL执行成功 | DATA:NEW[无数据返回] | INFO:SQL: INSERT INTO enrollments (student_id, course_id, enrollment_date, score) VALUES 
(1, 101, '2024-09-01', 88.5),
(1, 102, '2024-09-01', 92.0),
(2, 101, '2024-09-01', 85.0),
(2, 103, '2024-09-01', 78.5),
(3, 102, '2024-09-01', 95.5),
(3, 104, '2024-09-01', 87.0),
(4, 103, '2024-09-01', 82.5),
(4, 105, '2024-09-01', 90.0),
(5, 104, '2024-09-01', 93.0),
(5, 105, '2024-09-01', 89.5);
2025-09-15 16:26:31.004 | LSN:00000542 | TXN_COMMIT   | TXN:1757924790986 |                 | 事务提交 | INFO:事务ID: 1757924790986
2025-09-15 16:26:31.005 | LSN:00000543 | TXN_START    | TXN:1757924791005 |                 | 事务开始 | INFO:事务ID: 1757924791005
2025-09-15 16:26:31.005 | LSN:00000544 | CREATE_TABLE | TXN:1757924791005 | departments     | SQL执行开始 | INFO:SQL: CREATE TABLE departments (
    dept_id INT PRIMARY KEY,
    dept_name VARCHAR(100) NOT NULL,
    location VARCHAR(100),
    budget DECIMAL(12,2)
);
2025-09-15 16:26:31.007 | LSN:00000545 | CREATE_TABLE | TXN:1757924791005 | departments     | SQL执行成功 | DATA:NEW[无数据返回] | INFO:SQL: CREATE TABLE departments (
    dept_id INT PRIMARY KEY,
    dept_name VARCHAR(100) NOT NULL,
    location VARCHAR(100),
    budget DECIMAL(12,2)
);
2025-09-15 16:26:31.007 | LSN:00000546 | TXN_COMMIT   | TXN:1757924791005 |                 | 事务提交 | INFO:事务ID: 1757924791005
2025-09-15 16:26:31.015 | LSN:00000547 | TXN_START    | TXN:1757924791015 |                 | 事务开始 | INFO:事务ID: 1757924791015
2025-09-15 16:26:31.016 | LSN:00000548 | INSERT       | TXN:1757924791015 | departments     | SQL执行开始 | INFO:SQL: INSERT INTO departments (dept_id, dept_name, location, budget) VALUES 
(1, '计算机科学与技术学院', '主楼A区', 5000000.00),
(2, '软件学院', '主楼B区', 3000000.00),
(3, '信息安全学院', '主楼C区', 2500000.00);
2025-09-15 16:26:31.032 | LSN:00000549 | INSERT       | TXN:1757924791015 | departments     | SQL执行成功 | DATA:NEW[无数据返回] | INFO:SQL: INSERT INTO departments (dept_id, dept_name, location, budget) VALUES 
(1, '计算机科学与技术学院', '主楼A区', 5000000.00),
(2, '软件学院', '主楼B区', 3000000.00),
(3, '信息安全学院', '主楼C区', 2500000.00);
2025-09-15 16:26:31.032 | LSN:00000550 | TXN_COMMIT   | TXN:1757924791015 |                 | 事务提交 | INFO:事务ID: 1757924791015
2025-09-15 16:26:31.032 | LSN:00000551 | TXN_START    | TXN:1757924791032 |                 | 事务开始 | INFO:事务ID: 1757924791032
2025-09-15 16:26:31.032 | LSN:00000552 | CREATE_TABLE | TXN:1757924791032 | teachers        | SQL执行开始 | INFO:SQL: CREATE TABLE teachers (
    teacher_id INT PRIMARY KEY,
    teacher_name VARCHAR(50) NOT NULL,
    dept_id INT,
    title VARCHAR(20),
    salary DECIMAL(10,2)
);
2025-09-15 16:26:31.035 | LSN:00000553 | CREATE_TABLE | TXN:1757924791032 | teachers        | SQL执行成功 | DATA:NEW[无数据返回] | INFO:SQL: CREATE TABLE teachers (
    teacher_id INT PRIMARY KEY,
    teacher_name VARCHAR(50) NOT NULL,
    dept_id INT,
    title VARCHAR(20),
    salary DECIMAL(10,2)
);
2025-09-15 16:26:31.035 | LSN:00000554 | TXN_COMMIT   | TXN:1757924791032 |                 | 事务提交 | INFO:事务ID: 1757924791032
2025-09-15 16:26:31.047 | LSN:00000555 | TXN_START    | TXN:1757924791047 |                 | 事务开始 | INFO:事务ID: 1757924791047
2025-09-15 16:26:31.047 | LSN:00000556 | INSERT       | TXN:1757924791047 | teachers        | SQL执行开始 | INFO:SQL: INSERT INTO teachers (teacher_id, teacher_name, dept_id, title, salary) VALUES 
(1001, '陈教授', 1, '教授', 15000.00),
(1002, '李教授', 1, '副教授', 12000.00),
(1003, '王教授', 2, '讲师', 8000.00),
(1004, '刘教授', 1, '教授', 16000.00),
(1005, '赵教授', 3, '副教授', 11000.00);
2025-09-15 16:26:31.063 | LSN:00000557 | INSERT       | TXN:1757924791047 | teachers        | SQL执行成功 | DATA:NEW[无数据返回] | INFO:SQL: INSERT INTO teachers (teacher_id, teacher_name, dept_id, title, salary) VALUES 
(1001, '陈教授', 1, '教授', 15000.00),
(1002, '李教授', 1, '副教授', 12000.00),
(1003, '王教授', 2, '讲师', 8000.00),
(1004, '刘教授', 1, '教授', 16000.00),
(1005, '赵教授', 3, '副教授', 11000.00);
2025-09-15 16:26:31.063 | LSN:00000558 | TXN_COMMIT   | TXN:1757924791047 |                 | 事务提交 | INFO:事务ID: 1757924791047
2025-09-15 16:26:31.063 | LSN:00000559 | TXN_START    | TXN:1757924791063 |                 | 事务开始 | INFO:事务ID: 1757924791063
2025-09-15 16:26:31.064 | LSN:00000560 | UPDATE       | TXN:1757924791063 | student         | SQL执行开始 | INFO:SQL: UPDATE student SET grade = '大四' WHERE id = 2;
2025-09-15 16:26:31.067 | LSN:00000561 | UPDATE       | TXN:1757924791063 | student         | SQL执行成功 | DATA:NEW[无数据返回] | INFO:SQL: UPDATE student SET grade = '大四' WHERE id = 2;
2025-09-15 16:26:31.068 | LSN:00000562 | TXN_COMMIT   | TXN:1757924791063 |                 | 事务提交 | INFO:事务ID: 1757924791063
2025-09-15 16:26:31.068 | LSN:00000563 | TXN_START    | TXN:1757924791068 |                 | 事务开始 | INFO:事务ID: 1757924791068
2025-09-15 16:26:31.068 | LSN:00000564 | UPDATE       | TXN:1757924791068 | courses         | SQL执行开始 | INFO:SQL: UPDATE courses SET credits = 4 WHERE course_id = 103;
2025-09-15 16:26:31.079 | LSN:00000565 | UPDATE       | TXN:1757924791068 | courses         | SQL执行成功 | DATA:NEW[无数据返回] | INFO:SQL: UPDATE courses SET credits = 4 WHERE course_id = 103;
2025-09-15 16:26:31.080 | LSN:00000566 | TXN_COMMIT   | TXN:1757924791068 |                 | 事务提交 | INFO:事务ID: 1757924791068
2025-09-15 16:26:31.080 | LSN:00000567 | TXN_START    | TXN:1757924791080 |                 | 事务开始 | INFO:事务ID: 1757924791080
2025-09-15 16:26:31.080 | LSN:00000568 | SELECT       | TXN:1757924791080 | student;        | SQL执行开始 | INFO:SQL: SELECT COUNT(*) AS total_students FROM student;
2025-09-15 16:26:31.200 | LSN:00000569 | SELECT       | TXN:1757924791080 | student;        | SQL执行成功 | DATA:NEW[返回 5 条记录] | INFO:SQL: SELECT COUNT(*) AS total_students FROM student;
2025-09-15 16:26:31.202 | LSN:00000570 | TXN_COMMIT   | TXN:1757924791080 |                 | 事务提交 | INFO:事务ID: 1757924791080
2025-09-15 16:26:31.202 | LSN:00000571 | TXN_START    | TXN:1757924791202 |                 | 事务开始 | INFO:事务ID: 1757924791202
2025-09-15 16:26:31.203 | LSN:00000572 | SELECT       | TXN:1757924791202 | courses         | SQL执行开始 | INFO:SQL: SELECT course_name, credits FROM courses WHERE credits >= 3;
2025-09-15 16:26:31.323 | LSN:00000573 | SELECT       | TXN:1757924791202 | courses         | SQL执行成功 | DATA:NEW[返回 4 条记录] | INFO:SQL: SELECT course_name, credits FROM courses WHERE credits >= 3;
2025-09-15 16:26:31.323 | LSN:00000574 | TXN_COMMIT   | TXN:1757924791202 |                 | 事务提交 | INFO:事务ID: 1757924791202
2025-09-15 16:26:31.325 | LSN:00000575 | TXN_START    | TXN:1757924791325 |                 | 事务开始 | INFO:事务ID: 1757924791325
2025-09-15 16:26:31.325 | LSN:00000576 | SYSTEM       | TXN:1757924791325 |                 | SQL执行开始 | INFO:SQL: CREATE VIEW student_course_view AS
SELECT s.name AS student_name, c.course_name, e.score
FROM student s
JOIN enrollments e ON s.id = e.student_id
JOIN courses c ON e.course_id = c.course_id;
2025-09-15 16:26:31.337 | LSN:00000577 | SYSTEM       | TXN:1757924791325 |                 | SQL执行成功 | DATA:NEW[无数据返回] | INFO:SQL: CREATE VIEW student_course_view AS
SELECT s.name AS student_name, c.course_name, e.score
FROM student s
JOIN enrollments e ON s.id = e.student_id
JOIN courses c ON e.course_id = c.course_id;
2025-09-15 16:26:31.337 | LSN:00000578 | TXN_COMMIT   | TXN:1757924791325 |                 | 事务提交 | INFO:事务ID: 1757924791325
2025-09-15 16:26:31.338 | LSN:00000579 | TXN_START    | TXN:1757924791338 |                 | 事务开始 | INFO:事务ID: 1757924791338
2025-09-15 16:26:31.339 | LSN:00000580 | DELETE       | TXN:1757924791338 | enrollments     | SQL执行开始 | INFO:SQL: DELETE FROM enrollments WHERE score < 80;
2025-09-15 16:26:31.342 | LSN:00000581 | DELETE       | TXN:1757924791338 | enrollments     | SQL执行成功 | DATA:NEW[无数据返回] | INFO:SQL: DELETE FROM enrollments WHERE score < 80;
2025-09-15 16:26:31.344 | LSN:00000582 | TXN_COMMIT   | TXN:1757924791338 |                 | 事务提交 | INFO:事务ID: 1757924791338
2025-09-15 16:26:31.344 | LSN:00000583 | TXN_START    | TXN:1757924791344 |                 | 事务开始 | INFO:事务ID: 1757924791344
2025-09-15 16:26:31.345 | LSN:00000584 | INSERT       | TXN:1757924791344 | student         | SQL执行开始 | INFO:SQL: INSERT INTO student (id, name, age, grade, email) VALUES 
(6, '孙八', 20, '大三', 'sunba@example.com'),
(7, '周九', 19, '大二', 'zhoujiu@example.com');
2025-09-15 16:26:31.356 | LSN:00000585 | INSERT       | TXN:1757924791344 | student         | SQL执行成功 | DATA:NEW[无数据返回] | INFO:SQL: INSERT INTO student (id, name, age, grade, email) VALUES 
(6, '孙八', 20, '大三', 'sunba@example.com'),
(7, '周九', 19, '大二', 'zhoujiu@example.com');
2025-09-15 16:26:31.357 | LSN:00000586 | TXN_COMMIT   | TXN:1757924791344 |                 | 事务提交 | INFO:事务ID: 1757924791344
2025-09-15 16:26:31.357 | LSN:00000587 | TXN_START    | TXN:1757924791357 |                 | 事务开始 | INFO:事务ID: 1757924791357
2025-09-15 16:26:31.357 | LSN:00000588 | INSERT       | TXN:1757924791357 | student         | SQL执行开始 | INFO:SQL: INSERT INTO student (id, name, age, grade, email) VALUES (8, '吴十', 21, '大三', 'wushi@example.com');
2025-09-15 16:26:31.358 | LSN:00000589 | INSERT       | TXN:1757924791357 | student         | SQL执行成功 | DATA:NEW[无数据返回] | INFO:SQL: INSERT INTO student (id, name, age, grade, email) VALUES (8, '吴十', 21, '大三', 'wushi@example.com');
2025-09-15 16:26:31.358 | LSN:00000590 | TXN_COMMIT   | TXN:1757924791357 |                 | 事务提交 | INFO:事务ID: 1757924791357
2025-09-15 16:26:31.359 | LSN:00000591 | TXN_START    | TXN:1757924791359 |                 | 事务开始 | INFO:事务ID: 1757924791359
2025-09-15 16:26:31.359 | LSN:00000592 | INSERT       | TXN:1757924791359 | courses         | SQL执行开始 | INFO:SQL: INSERT INTO courses (course_id, course_name, credits, instructor) VALUES (106, 'Web开发技术', 3, '新教授');
2025-09-15 16:26:31.360 | LSN:00000593 | INSERT       | TXN:1757924791359 | courses         | SQL执行成功 | DATA:NEW[无数据返回] | INFO:SQL: INSERT INTO courses (course_id, course_name, credits, instructor) VALUES (106, 'Web开发技术', 3, '新教授');
2025-09-15 16:26:31.360 | LSN:00000594 | TXN_COMMIT   | TXN:1757924791359 |                 | 事务提交 | INFO:事务ID: 1757924791359
2025-09-15 16:26:31.361 | LSN:00000595 | TXN_START    | TXN:1757924791360 |                 | 事务开始 | INFO:事务ID: 1757924791360
2025-09-15 16:26:31.361 | LSN:00000596 | SELECT       | TXN:1757924791360 | student         | SQL执行开始 | INFO:SQL: SELECT 'Students Count' AS table_name, COUNT(*) AS record_count FROM student
UNION ALL
SELECT 'Courses Count', COUNT(*) FROM courses
UNION ALL
SELECT 'Enrollments Count', COUNT(*) FROM enrollments
UNION ALL
SELECT 'Departments Count', COUNT(*) FROM departments
UNION ALL
SELECT 'Teachers Count', COUNT(*) FROM teachers;
2025-09-15 16:26:31.363 | LSN:00000597 | SELECT       | TXN:1757924791360 | student         | SQL执行失败 | DATA:NEW[表或视图 student
union all
select 'courses count', ...] | INFO:SQL: SELECT 'Students Count' AS table_name, COUNT(*) AS record_count FROM student
UNION ALL
SELECT 'Courses Count', COUNT(*) FROM courses
UNION ALL
SELECT 'Enrollments Count', COUNT(*) FROM enrollments
UNION ALL
SELECT 'Departments Count', COUNT(*) FROM departments
UNION ALL
SELECT 'Teachers Count', COUNT(*) FROM teachers;
2025-09-15 16:26:31.387 | LSN:00000598 | TXN_ABORT    | TXN:1757924791360 |                 | 事务回滚 | INFO:事务ID: 1757924791360
2025-09-15 17:33:24.067 | LSN:00000599 | TXN_START    | TXN:1757928804064 |                 | 事务开始 | INFO:事务ID: 1757928804064
2025-09-15 17:33:24.080 | LSN:00000600 | SELECT       | TXN:1757928804064 | student_course_view | SQL执行开始 | INFO:SQL: SELECT * FROM student_course_view
2025-09-15 17:33:24.091 | LSN:00000601 | TXN_START    | TXN:1757928804091 |                 | 事务开始 | INFO:事务ID: 1757928804091
2025-09-15 17:33:24.092 | LSN:00000602 | SELECT       | TXN:1757928804091 | student         | SQL执行开始 | INFO:SQL: SELECT com.sqlcompiler.ast.AliasExpression@7e2f4294, com.sqlcompiler.ast.DotExpression@28045541, com.sqlcompiler.ast.DotExpression@591e9ec9 FROM student
2025-09-15 17:33:24.223 | LSN:00000603 | SELECT       | TXN:1757928804091 | student         | SQL执行成功 | DATA:NEW[返回 8 条记录] | INFO:SQL: SELECT com.sqlcompiler.ast.AliasExpression@7e2f4294, com.sqlcompiler.ast.DotExpression@28045541, com.sqlcompiler.ast.DotExpression@591e9ec9 FROM student
2025-09-15 17:33:24.224 | LSN:00000604 | TXN_COMMIT   | TXN:1757928804091 |                 | 事务提交 | INFO:事务ID: 1757928804091
2025-09-15 17:33:24.226 | LSN:00000605 | SELECT       | TXN:1757928804064 | student_course_view | SQL执行成功 | DATA:NEW[返回 8 条记录] | INFO:SQL: SELECT * FROM student_course_view
2025-09-15 17:33:24.227 | LSN:00000606 | TXN_COMMIT   | TXN:1757928804064 |                 | 事务提交 | INFO:事务ID: 1757928804064
2025-09-15 18:14:44.976 | LSN:00000607 | TXN_START    | TXN:1757931284972 |                 | 事务开始 | INFO:事务ID: 1757931284972
2025-09-15 18:14:44.981 | LSN:00000608 | DROP_TABLE   | TXN:1757931284972 | if              | SQL执行开始 | INFO:SQL: DROP TABLE IF EXISTS products;
2025-09-15 18:14:45.000 | LSN:00000609 | DROP_TABLE   | TXN:1757931284972 | if              | SQL执行成功 | DATA:NEW[无数据返回] | INFO:SQL: DROP TABLE IF EXISTS products;
2025-09-15 18:14:45.001 | LSN:00000610 | TXN_COMMIT   | TXN:1757931284972 |                 | 事务提交 | INFO:事务ID: 1757931284972
2025-09-15 18:14:45.002 | LSN:00000611 | TXN_START    | TXN:1757931285002 |                 | 事务开始 | INFO:事务ID: 1757931285002
2025-09-15 18:14:45.002 | LSN:00000612 | DROP_TABLE   | TXN:1757931285002 | if              | SQL执行开始 | INFO:SQL: DROP TABLE IF EXISTS orders;
2025-09-15 18:14:45.003 | LSN:00000613 | DROP_TABLE   | TXN:1757931285002 | if              | SQL执行成功 | DATA:NEW[无数据返回] | INFO:SQL: DROP TABLE IF EXISTS orders;
2025-09-15 18:14:45.003 | LSN:00000614 | TXN_COMMIT   | TXN:1757931285002 |                 | 事务提交 | INFO:事务ID: 1757931285002
2025-09-15 18:14:45.003 | LSN:00000615 | TXN_START    | TXN:1757931285003 |                 | 事务开始 | INFO:事务ID: 1757931285003
2025-09-15 18:14:45.005 | LSN:00000616 | DROP_TABLE   | TXN:1757931285003 | if              | SQL执行开始 | INFO:SQL: DROP TABLE IF EXISTS customers;
2025-09-15 18:14:45.005 | LSN:00000617 | DROP_TABLE   | TXN:1757931285003 | if              | SQL执行成功 | DATA:NEW[无数据返回] | INFO:SQL: DROP TABLE IF EXISTS customers;
2025-09-15 18:14:45.006 | LSN:00000618 | TXN_COMMIT   | TXN:1757931285003 |                 | 事务提交 | INFO:事务ID: 1757931285003
2025-09-15 18:14:45.007 | LSN:00000619 | TXN_START    | TXN:1757931285007 |                 | 事务开始 | INFO:事务ID: 1757931285007
2025-09-15 18:14:45.007 | LSN:00000620 | SYSTEM       | TXN:1757931285007 |                 | SQL执行开始 | INFO:SQL: DROP VIEW IF EXISTS customer_order_summary;
2025-09-15 18:14:45.008 | LSN:00000621 | SYSTEM       | TXN:1757931285007 |                 | SQL执行成功 | DATA:NEW[无数据返回] | INFO:SQL: DROP VIEW IF EXISTS customer_order_summary;
2025-09-15 18:14:45.008 | LSN:00000622 | TXN_COMMIT   | TXN:1757931285007 |                 | 事务提交 | INFO:事务ID: 1757931285007
2025-09-15 18:14:45.009 | LSN:00000623 | TXN_START    | TXN:1757931285009 |                 | 事务开始 | INFO:事务ID: 1757931285009
2025-09-15 18:14:45.009 | LSN:00000624 | SYSTEM       | TXN:1757931285009 |                 | SQL执行开始 | INFO:SQL: DROP FUNCTION IF EXISTS calculate_total_price;
2025-09-15 18:14:45.010 | LSN:00000625 | SYSTEM       | TXN:1757931285009 |                 | SQL解析失败 | INFO:SQL: DROP FUNCTION IF EXISTS calculate_total_price;
2025-09-15 18:14:45.041 | LSN:00000626 | TXN_ABORT    | TXN:1757931285009 |                 | 事务回滚 | INFO:事务ID: 1757931285009
2025-09-15 18:14:45.041 | LSN:00000627 | TXN_START    | TXN:1757931285041 |                 | 事务开始 | INFO:事务ID: 1757931285041
2025-09-15 18:14:45.042 | LSN:00000628 | SYSTEM       | TXN:1757931285041 |                 | SQL执行开始 | INFO:SQL: DROP FUNCTION IF EXISTS get_customer_level;
2025-09-15 18:14:45.042 | LSN:00000629 | SYSTEM       | TXN:1757931285041 |                 | SQL解析失败 | INFO:SQL: DROP FUNCTION IF EXISTS get_customer_level;
2025-09-15 18:14:45.053 | LSN:00000630 | TXN_ABORT    | TXN:1757931285041 |                 | 事务回滚 | INFO:事务ID: 1757931285041
2025-09-15 18:14:45.053 | LSN:00000631 | TXN_START    | TXN:1757931285053 |                 | 事务开始 | INFO:事务ID: 1757931285053
2025-09-15 18:14:45.054 | LSN:00000632 | CREATE_TABLE | TXN:1757931285053 | customers       | SQL执行开始 | INFO:SQL: CREATE TABLE customers (
    customer_id INT PRIMARY KEY,
    first_name VARCHAR(50) NOT NULL,
    last_name VARCHAR(50) NOT NULL,
    email VARCHAR(100) UNIQUE,
    phone VARCHAR(20),
    city VARCHAR(50),
    registration_date DATE DEFAULT '2025-01-01',
    total_spent DECIMAL(10,2) DEFAULT 0.00,
    is_active BOOLEAN DEFAULT TRUE
);
2025-09-15 18:14:45.067 | LSN:00000633 | CREATE_TABLE | TXN:1757931285053 | customers       | SQL执行成功 | DATA:NEW[无数据返回] | INFO:SQL: CREATE TABLE customers (
    customer_id INT PRIMARY KEY,
    first_name VARCHAR(50) NOT NULL,
    last_name VARCHAR(50) NOT NULL,
    email VARCHAR(100) UNIQUE,
    phone VARCHAR(20),
    city VARCHAR(50),
    registration_date DATE DEFAULT '2025-01-01',
    total_spent DECIMAL(10,2) DEFAULT 0.00,
    is_active BOOLEAN DEFAULT TRUE
);
2025-09-15 18:14:45.067 | LSN:00000634 | TXN_COMMIT   | TXN:1757931285053 |                 | 事务提交 | INFO:事务ID: 1757931285053
2025-09-15 18:14:45.069 | LSN:00000635 | TXN_START    | TXN:1757931285069 |                 | 事务开始 | INFO:事务ID: 1757931285069
2025-09-15 18:14:45.069 | LSN:00000636 | CREATE_TABLE | TXN:1757931285069 | products        | SQL执行开始 | INFO:SQL: CREATE TABLE products (
    product_id INT PRIMARY KEY,
    product_name VARCHAR(100) NOT NULL,
    category VARCHAR(50),
    price DECIMAL(8,2) NOT NULL,
    stock_quantity INT DEFAULT 0,
    supplier VARCHAR(50),
    created_date DATE DEFAULT '2025-01-01'
);
2025-09-15 18:14:45.075 | LSN:00000637 | CREATE_TABLE | TXN:1757931285069 | products        | SQL执行成功 | DATA:NEW[无数据返回] | INFO:SQL: CREATE TABLE products (
    product_id INT PRIMARY KEY,
    product_name VARCHAR(100) NOT NULL,
    category VARCHAR(50),
    price DECIMAL(8,2) NOT NULL,
    stock_quantity INT DEFAULT 0,
    supplier VARCHAR(50),
    created_date DATE DEFAULT '2025-01-01'
);
2025-09-15 18:14:45.075 | LSN:00000638 | TXN_COMMIT   | TXN:1757931285069 |                 | 事务提交 | INFO:事务ID: 1757931285069
2025-09-15 18:14:45.075 | LSN:00000639 | TXN_START    | TXN:1757931285075 |                 | 事务开始 | INFO:事务ID: 1757931285075
2025-09-15 18:14:45.075 | LSN:00000640 | CREATE_TABLE | TXN:1757931285075 | orders          | SQL执行开始 | INFO:SQL: CREATE TABLE orders (
    order_id INT PRIMARY KEY,
    customer_id INT,
    product_id INT,
    quantity INT NOT NULL,
    order_date DATE DEFAULT '2025-01-01',
    status VARCHAR(20) DEFAULT 'pending',
    discount_rate DECIMAL(3,2) DEFAULT 0.00,
    notes TEXT
);
2025-09-15 18:14:45.079 | LSN:00000641 | CREATE_TABLE | TXN:1757931285075 | orders          | SQL执行成功 | DATA:NEW[无数据返回] | INFO:SQL: CREATE TABLE orders (
    order_id INT PRIMARY KEY,
    customer_id INT,
    product_id INT,
    quantity INT NOT NULL,
    order_date DATE DEFAULT '2025-01-01',
    status VARCHAR(20) DEFAULT 'pending',
    discount_rate DECIMAL(3,2) DEFAULT 0.00,
    notes TEXT
);
2025-09-15 18:14:45.079 | LSN:00000642 | TXN_COMMIT   | TXN:1757931285075 |                 | 事务提交 | INFO:事务ID: 1757931285075
2025-09-15 18:14:45.080 | LSN:00000643 | TXN_START    | TXN:1757931285080 |                 | 事务开始 | INFO:事务ID: 1757931285080
2025-09-15 18:14:45.080 | LSN:00000644 | INSERT       | TXN:1757931285080 | customers       | SQL执行开始 | INFO:SQL: INSERT INTO customers (customer_id, first_name, last_name, email, phone, city, registration_date, total_spent, is_active) VALUES
(1, '张', '三', 'zhang.san@email.com', '13800138001', '北京', '2025-01-15', 2500.00, TRUE),
(2, '李', '四', 'li.si@email.com', '13800138002', '上海', '2025-02-01', 1800.00, TRUE),
(3, '王', '五', 'wang.wu@email.com', '13800138003', '广州', '2025-02-15', 3200.00, TRUE),
(4, '赵', '六', 'zhao.liu@email.com', '13800138004', '深圳', '2025-03-01', 800.00, FALSE),
(5, '陈', '七', 'chen.qi@email.com', '13800138005', '杭州', '2025-03-15', 1500.00, TRUE);
2025-09-15 18:14:45.085 | LSN:00000645 | INSERT       | TXN:1757931285080 | customers       | SQL执行失败 | DATA:NEW[表 customers (customer_id, first_name, last_name...] | INFO:SQL: INSERT INTO customers (customer_id, first_name, last_name, email, phone, city, registration_date, total_spent, is_active) VALUES
(1, '张', '三', 'zhang.san@email.com', '13800138001', '北京', '2025-01-15', 2500.00, TRUE),
(2, '李', '四', 'li.si@email.com', '13800138002', '上海', '2025-02-01', 1800.00, TRUE),
(3, '王', '五', 'wang.wu@email.com', '13800138003', '广州', '2025-02-15', 3200.00, TRUE),
(4, '赵', '六', 'zhao.liu@email.com', '13800138004', '深圳', '2025-03-01', 800.00, FALSE),
(5, '陈', '七', 'chen.qi@email.com', '13800138005', '杭州', '2025-03-15', 1500.00, TRUE);
2025-09-15 18:14:45.103 | LSN:00000646 | TXN_ABORT    | TXN:1757931285080 |                 | 事务回滚 | INFO:事务ID: 1757931285080
2025-09-15 18:14:45.103 | LSN:00000647 | TXN_START    | TXN:1757931285103 |                 | 事务开始 | INFO:事务ID: 1757931285103
2025-09-15 18:14:45.103 | LSN:00000648 | INSERT       | TXN:1757931285103 | products        | SQL执行开始 | INFO:SQL: INSERT INTO products (product_id, product_name, category, price, stock_quantity, supplier, created_date) VALUES
(101, '智能手机Pro', '电子产品', 3999.00, 50, '科技公司A', '2025-01-10'),
(102, '无线耳机', '电子产品', 299.00, 200, '科技公司B', '2025-01-15'),
(103, '笔记本电脑', '电子产品', 6999.00, 30, '科技公司C', '2025-01-20'),
(104, '智能手表', '电子产品', 1999.00, 80, '科技公司A', '2025-02-01'),
(105, '平板电脑', '电子产品', 2999.00, 40, '科技公司D', '2025-02-15'),
(106, '蓝牙音箱', '电子产品', 199.00, 150, '科技公司B', '2025-03-01');
2025-09-15 18:14:45.111 | LSN:00000649 | INSERT       | TXN:1757931285103 | products        | SQL执行成功 | DATA:NEW[无数据返回] | INFO:SQL: INSERT INTO products (product_id, product_name, category, price, stock_quantity, supplier, created_date) VALUES
(101, '智能手机Pro', '电子产品', 3999.00, 50, '科技公司A', '2025-01-10'),
(102, '无线耳机', '电子产品', 299.00, 200, '科技公司B', '2025-01-15'),
(103, '笔记本电脑', '电子产品', 6999.00, 30, '科技公司C', '2025-01-20'),
(104, '智能手表', '电子产品', 1999.00, 80, '科技公司A', '2025-02-01'),
(105, '平板电脑', '电子产品', 2999.00, 40, '科技公司D', '2025-02-15'),
(106, '蓝牙音箱', '电子产品', 199.00, 150, '科技公司B', '2025-03-01');
2025-09-15 18:14:45.112 | LSN:00000650 | TXN_COMMIT   | TXN:1757931285103 |                 | 事务提交 | INFO:事务ID: 1757931285103
2025-09-15 18:14:45.112 | LSN:00000651 | TXN_START    | TXN:1757931285112 |                 | 事务开始 | INFO:事务ID: 1757931285112
2025-09-15 18:14:45.113 | LSN:00000652 | INSERT       | TXN:1757931285112 | orders          | SQL执行开始 | INFO:SQL: INSERT INTO orders (order_id, customer_id, product_id, quantity, order_date, status, discount_rate, notes) VALUES
(1001, 1, 101, 1, '2025-03-01', 'completed', 0.05, '首次购买优惠'),
(1002, 2, 102, 2, '2025-03-02', 'completed', 0.00, ''),
(1003, 1, 103, 1, '2025-03-05', 'shipped', 0.10, 'VIP客户折扣'),
(1004, 3, 104, 1, '2025-03-08', 'completed', 0.00, ''),
(1005, 3, 105, 1, '2025-03-10', 'processing', 0.15, '批量购买折扣'),
(1006, 5, 106, 3, '2025-03-12', 'pending', 0.00, '团购订单'),
(1007, 2, 101, 1, '2025-03-15', 'cancelled', 0.00, '客户取消'),
(1008, 4, 102, 1, '2025-03-18', 'completed', 0.20, '清仓促销');
2025-09-15 18:14:45.117 | LSN:00000653 | INSERT       | TXN:1757931285112 | orders          | SQL执行成功 | DATA:NEW[无数据返回] | INFO:SQL: INSERT INTO orders (order_id, customer_id, product_id, quantity, order_date, status, discount_rate, notes) VALUES
(1001, 1, 101, 1, '2025-03-01', 'completed', 0.05, '首次购买优惠'),
(1002, 2, 102, 2, '2025-03-02', 'completed', 0.00, ''),
(1003, 1, 103, 1, '2025-03-05', 'shipped', 0.10, 'VIP客户折扣'),
(1004, 3, 104, 1, '2025-03-08', 'completed', 0.00, ''),
(1005, 3, 105, 1, '2025-03-10', 'processing', 0.15, '批量购买折扣'),
(1006, 5, 106, 3, '2025-03-12', 'pending', 0.00, '团购订单'),
(1007, 2, 101, 1, '2025-03-15', 'cancelled', 0.00, '客户取消'),
(1008, 4, 102, 1, '2025-03-18', 'completed', 0.20, '清仓促销');
2025-09-15 18:14:45.118 | LSN:00000654 | TXN_COMMIT   | TXN:1757931285112 |                 | 事务提交 | INFO:事务ID: 1757931285112
2025-09-15 18:14:45.118 | LSN:00000655 | TXN_START    | TXN:1757931285118 |                 | 事务开始 | INFO:事务ID: 1757931285118
2025-09-15 18:14:45.118 | LSN:00000656 | SELECT       | TXN:1757931285118 | customers       | SQL执行开始 | INFO:SQL: SELECT * FROM customers WHERE city = '北京';
2025-09-15 18:14:45.232 | LSN:00000657 | SELECT       | TXN:1757931285118 | customers       | SQL执行成功 | DATA:NEW[返回 0 条记录] | INFO:SQL: SELECT * FROM customers WHERE city = '北京';
2025-09-15 18:14:45.233 | LSN:00000658 | TXN_COMMIT   | TXN:1757931285118 |                 | 事务提交 | INFO:事务ID: 1757931285118
2025-09-15 18:14:45.233 | LSN:00000659 | TXN_START    | TXN:1757931285233 |                 | 事务开始 | INFO:事务ID: 1757931285233
2025-09-15 18:14:45.233 | LSN:00000660 | SELECT       | TXN:1757931285233 | products        | SQL执行开始 | INFO:SQL: SELECT category, COUNT(*) as product_count, AVG(price) as avg_price 
FROM products 
GROUP BY category;
2025-09-15 18:14:45.357 | LSN:00000661 | SELECT       | TXN:1757931285233 | products        | SQL执行成功 | DATA:NEW[返回 1 条记录] | INFO:SQL: SELECT category, COUNT(*) as product_count, AVG(price) as avg_price 
FROM products 
GROUP BY category;
2025-09-15 18:14:45.357 | LSN:00000662 | TXN_COMMIT   | TXN:1757931285233 |                 | 事务提交 | INFO:事务ID: 1757931285233
2025-09-15 18:14:45.358 | LSN:00000663 | TXN_START    | TXN:1757931285358 |                 | 事务开始 | INFO:事务ID: 1757931285358
2025-09-15 18:14:45.358 | LSN:00000664 | SELECT       | TXN:1757931285358 | customers       | SQL执行开始 | INFO:SQL: SELECT 
    COUNT(*) as total_customers,
    SUM(total_spent) as total_revenue,
    AVG(total_spent) as avg_customer_value
FROM customers 
WHERE is_active = TRUE;
2025-09-15 18:14:45.467 | LSN:00000665 | SELECT       | TXN:1757931285358 | customers       | SQL执行成功 | DATA:NEW[返回 0 条记录] | INFO:SQL: SELECT 
    COUNT(*) as total_customers,
    SUM(total_spent) as total_revenue,
    AVG(total_spent) as avg_customer_value
FROM customers 
WHERE is_active = TRUE;
2025-09-15 18:14:45.468 | LSN:00000666 | TXN_COMMIT   | TXN:1757931285358 |                 | 事务提交 | INFO:事务ID: 1757931285358
2025-09-15 18:14:45.468 | LSN:00000667 | TXN_START    | TXN:1757931285468 |                 | 事务开始 | INFO:事务ID: 1757931285468
2025-09-15 18:14:45.468 | LSN:00000668 | UPDATE       | TXN:1757931285468 | customers       | SQL执行开始 | INFO:SQL: UPDATE customers 
SET total_spent = total_spent + 500.00 
WHERE customer_id = 1;
2025-09-15 18:14:45.469 | LSN:00000669 | UPDATE       | TXN:1757931285468 | customers       | SQL执行成功 | DATA:NEW[无数据返回] | INFO:SQL: UPDATE customers 
SET total_spent = total_spent + 500.00 
WHERE customer_id = 1;
2025-09-15 18:14:45.470 | LSN:00000670 | TXN_COMMIT   | TXN:1757931285468 |                 | 事务提交 | INFO:事务ID: 1757931285468
2025-09-15 18:14:45.470 | LSN:00000671 | TXN_START    | TXN:1757931285470 |                 | 事务开始 | INFO:事务ID: 1757931285470
2025-09-15 18:14:45.470 | LSN:00000672 | UPDATE       | TXN:1757931285470 | products        | SQL执行开始 | INFO:SQL: UPDATE products 
SET stock_quantity = stock_quantity - 10 
WHERE category = '电子产品' AND stock_quantity > 50;
2025-09-15 18:14:45.474 | LSN:00000673 | UPDATE       | TXN:1757931285470 | products        | SQL执行成功 | DATA:NEW[无数据返回] | INFO:SQL: UPDATE products 
SET stock_quantity = stock_quantity - 10 
WHERE category = '电子产品' AND stock_quantity > 50;
2025-09-15 18:14:45.474 | LSN:00000674 | TXN_COMMIT   | TXN:1757931285470 |                 | 事务提交 | INFO:事务ID: 1757931285470
2025-09-15 18:14:45.475 | LSN:00000675 | TXN_START    | TXN:1757931285475 |                 | 事务开始 | INFO:事务ID: 1757931285475
2025-09-15 18:14:45.475 | LSN:00000676 | DELETE       | TXN:1757931285475 | orders          | SQL执行开始 | INFO:SQL: DELETE FROM orders WHERE status = 'cancelled';
2025-09-15 18:14:45.476 | LSN:00000677 | DELETE       | TXN:1757931285475 | orders          | SQL执行成功 | DATA:NEW[无数据返回] | INFO:SQL: DELETE FROM orders WHERE status = 'cancelled';
2025-09-15 18:14:45.478 | LSN:00000678 | TXN_COMMIT   | TXN:1757931285475 |                 | 事务提交 | INFO:事务ID: 1757931285475
2025-09-15 18:14:45.478 | LSN:00000679 | TXN_START    | TXN:1757931285478 |                 | 事务开始 | INFO:事务ID: 1757931285478
2025-09-15 18:14:45.478 | LSN:00000680 | SYSTEM       | TXN:1757931285478 |                 | SQL执行开始 | INFO:SQL: CREATE FUNCTION calculate_total_price(product_price DECIMAL, quantity INT, discount DECIMAL)
RETURNS DECIMAL
BEGIN
    DECLARE total DECIMAL;
2025-09-15 18:14:45.479 | LSN:00000681 | SYSTEM       | TXN:1757931285478 |                 | SQL执行成功 | DATA:NEW[无数据返回] | INFO:SQL: CREATE FUNCTION calculate_total_price(product_price DECIMAL, quantity INT, discount DECIMAL)
RETURNS DECIMAL
BEGIN
    DECLARE total DECIMAL;
2025-09-15 18:14:45.480 | LSN:00000682 | TXN_COMMIT   | TXN:1757931285478 |                 | 事务提交 | INFO:事务ID: 1757931285478
2025-09-15 18:14:45.480 | LSN:00000683 | TXN_START    | TXN:1757931285480 |                 | 事务开始 | INFO:事务ID: 1757931285480
2025-09-15 18:14:45.480 | LSN:00000684 | SYSTEM       | TXN:1757931285480 |                 | SQL执行开始 | INFO:SQL: SET total = product_price * quantity * (1 - discount);
2025-09-15 18:14:45.481 | LSN:00000685 | SYSTEM       | TXN:1757931285480 |                 | SQL解析失败 | INFO:SQL: SET total = product_price * quantity * (1 - discount);
2025-09-15 18:14:45.494 | LSN:00000686 | TXN_ABORT    | TXN:1757931285480 |                 | 事务回滚 | INFO:事务ID: 1757931285480
2025-09-15 18:14:45.495 | LSN:00000687 | TXN_START    | TXN:1757931285495 |                 | 事务开始 | INFO:事务ID: 1757931285495
2025-09-15 18:14:45.495 | LSN:00000688 | SYSTEM       | TXN:1757931285495 |                 | SQL执行开始 | INFO:SQL: RETURN total;
2025-09-15 18:14:45.495 | LSN:00000689 | SYSTEM       | TXN:1757931285495 |                 | SQL解析失败 | INFO:SQL: RETURN total;
2025-09-15 18:14:45.508 | LSN:00000690 | TXN_ABORT    | TXN:1757931285495 |                 | 事务回滚 | INFO:事务ID: 1757931285495
2025-09-15 18:14:45.509 | LSN:00000691 | TXN_START    | TXN:1757931285509 |                 | 事务开始 | INFO:事务ID: 1757931285509
2025-09-15 18:14:45.509 | LSN:00000692 | SYSTEM       | TXN:1757931285509 |                 | SQL执行开始 | INFO:SQL: END;
2025-09-15 18:14:45.509 | LSN:00000693 | SYSTEM       | TXN:1757931285509 |                 | SQL解析失败 | INFO:SQL: END;
2025-09-15 18:14:45.524 | LSN:00000694 | TXN_ABORT    | TXN:1757931285509 |                 | 事务回滚 | INFO:事务ID: 1757931285509
2025-09-15 18:14:45.524 | LSN:00000695 | TXN_START    | TXN:1757931285524 |                 | 事务开始 | INFO:事务ID: 1757931285524
2025-09-15 18:14:45.524 | LSN:00000696 | SYSTEM       | TXN:1757931285524 |                 | SQL执行开始 | INFO:SQL: CREATE FUNCTION get_customer_level(spent_amount DECIMAL)
RETURNS VARCHAR
BEGIN
    IF spent_amount >= 3000 THEN
        RETURN 'VIP';
2025-09-15 18:14:45.526 | LSN:00000697 | SYSTEM       | TXN:1757931285524 |                 | SQL执行失败 | DATA:NEW[创建函数失败: 创建函数失败: IF语句不匹配：IF数量=1, END IF数量=0] | INFO:SQL: CREATE FUNCTION get_customer_level(spent_amount DECIMAL)
RETURNS VARCHAR
BEGIN
    IF spent_amount >= 3000 THEN
        RETURN 'VIP';
2025-09-15 18:14:45.539 | LSN:00000698 | TXN_ABORT    | TXN:1757931285524 |                 | 事务回滚 | INFO:事务ID: 1757931285524
2025-09-15 18:14:45.539 | LSN:00000699 | TXN_START    | TXN:1757931285539 |                 | 事务开始 | INFO:事务ID: 1757931285539
2025-09-15 18:14:45.539 | LSN:00000700 | SYSTEM       | TXN:1757931285539 |                 | SQL执行开始 | INFO:SQL: ELSEIF spent_amount >= 1500 THEN
        RETURN 'Gold';
2025-09-15 18:14:45.540 | LSN:00000701 | SYSTEM       | TXN:1757931285539 |                 | SQL解析失败 | INFO:SQL: ELSEIF spent_amount >= 1500 THEN
        RETURN 'Gold';
2025-09-15 18:14:45.551 | LSN:00000702 | TXN_ABORT    | TXN:1757931285539 |                 | 事务回滚 | INFO:事务ID: 1757931285539
2025-09-15 18:14:45.551 | LSN:00000703 | TXN_START    | TXN:1757931285551 |                 | 事务开始 | INFO:事务ID: 1757931285551
2025-09-15 18:14:45.551 | LSN:00000704 | SYSTEM       | TXN:1757931285551 |                 | SQL执行开始 | INFO:SQL: ELSEIF spent_amount >= 500 THEN
        RETURN 'Silver';
2025-09-15 18:14:45.552 | LSN:00000705 | SYSTEM       | TXN:1757931285551 |                 | SQL解析失败 | INFO:SQL: ELSEIF spent_amount >= 500 THEN
        RETURN 'Silver';
2025-09-15 18:14:45.561 | LSN:00000706 | TXN_ABORT    | TXN:1757931285551 |                 | 事务回滚 | INFO:事务ID: 1757931285551
2025-09-15 18:14:45.561 | LSN:00000707 | TXN_START    | TXN:1757931285561 |                 | 事务开始 | INFO:事务ID: 1757931285561
2025-09-15 18:14:45.561 | LSN:00000708 | SYSTEM       | TXN:1757931285561 |                 | SQL执行开始 | INFO:SQL: ELSE
        RETURN 'Bronze';
2025-09-15 18:14:45.562 | LSN:00000709 | SYSTEM       | TXN:1757931285561 |                 | SQL解析失败 | INFO:SQL: ELSE
        RETURN 'Bronze';
2025-09-15 18:14:45.568 | LSN:00000710 | TXN_ABORT    | TXN:1757931285561 |                 | 事务回滚 | INFO:事务ID: 1757931285561
2025-09-15 18:14:45.568 | LSN:00000711 | TXN_START    | TXN:1757931285568 |                 | 事务开始 | INFO:事务ID: 1757931285568
2025-09-15 18:14:45.569 | LSN:00000712 | SYSTEM       | TXN:1757931285568 |                 | SQL执行开始 | INFO:SQL: END IF;
2025-09-15 18:14:45.569 | LSN:00000713 | SYSTEM       | TXN:1757931285568 |                 | SQL解析失败 | INFO:SQL: END IF;
2025-09-15 18:14:45.575 | LSN:00000714 | TXN_ABORT    | TXN:1757931285568 |                 | 事务回滚 | INFO:事务ID: 1757931285568
2025-09-15 18:14:45.575 | LSN:00000715 | TXN_START    | TXN:1757931285575 |                 | 事务开始 | INFO:事务ID: 1757931285575
2025-09-15 18:14:45.575 | LSN:00000716 | SYSTEM       | TXN:1757931285575 |                 | SQL执行开始 | INFO:SQL: END;
2025-09-15 18:14:45.575 | LSN:00000717 | SYSTEM       | TXN:1757931285575 |                 | SQL解析失败 | INFO:SQL: END;
2025-09-15 18:14:45.582 | LSN:00000718 | TXN_ABORT    | TXN:1757931285575 |                 | 事务回滚 | INFO:事务ID: 1757931285575
2025-09-15 18:14:45.582 | LSN:00000719 | TXN_START    | TXN:1757931285582 |                 | 事务开始 | INFO:事务ID: 1757931285582
2025-09-15 18:14:45.582 | LSN:00000720 | SYSTEM       | TXN:1757931285582 |                 | SQL执行开始 | INFO:SQL: CREATE VIEW customer_order_summary AS
SELECT 
    c.customer_id,
    c.first_name,
    c.last_name,
    c.email,
    c.city,
    COUNT(o.order_id) as total_orders,
    SUM(p.price * o.quantity * (1 - o.discount_rate)) as total_order_value,
    AVG(p.price * o.quantity * (1 - o.discount_rate)) as avg_order_value,
    MAX(o.order_date) as last_order_date
FROM customers c
LEFT JOIN orders o ON c.customer_id = o.customer_id
LEFT JOIN products p ON o.product_id = p.product_id
WHERE o.status != 'cancelled' OR o.status IS NULL
GROUP BY c.customer_id, c.first_name, c.last_name, c.email, c.city;
2025-09-15 18:14:45.593 | LSN:00000721 | SYSTEM       | TXN:1757931285582 |                 | SQL执行成功 | DATA:NEW[无数据返回] | INFO:SQL: CREATE VIEW customer_order_summary AS
SELECT 
    c.customer_id,
    c.first_name,
    c.last_name,
    c.email,
    c.city,
    COUNT(o.order_id) as total_orders,
    SUM(p.price * o.quantity * (1 - o.discount_rate)) as total_order_value,
    AVG(p.price * o.quantity * (1 - o.discount_rate)) as avg_order_value,
    MAX(o.order_date) as last_order_date
FROM customers c
LEFT JOIN orders o ON c.customer_id = o.customer_id
LEFT JOIN products p ON o.product_id = p.product_id
WHERE o.status != 'cancelled' OR o.status IS NULL
GROUP BY c.customer_id, c.first_name, c.last_name, c.email, c.city;
2025-09-15 18:14:45.593 | LSN:00000722 | TXN_COMMIT   | TXN:1757931285582 |                 | 事务提交 | INFO:事务ID: 1757931285582
2025-09-15 18:14:45.594 | LSN:00000723 | TXN_START    | TXN:1757931285594 |                 | 事务开始 | INFO:事务ID: 1757931285594
2025-09-15 18:14:45.594 | LSN:00000724 | SELECT       | TXN:1757931285594 | orders          | SQL执行开始 | INFO:SQL: SELECT 
    o.order_id,
    CONCAT(c.first_name, ' ', c.last_name) as customer_name,
    p.product_name,
    o.quantity,
    p.price,
    o.discount_rate,
    calculate_total_price(p.price, o.quantity, o.discount_rate) as total_price
FROM orders o
JOIN customers c ON o.customer_id = c.customer_id
JOIN products p ON o.product_id = p.product_id
WHERE o.status = 'completed';
2025-09-15 18:14:45.717 | LSN:00000725 | SELECT       | TXN:1757931285594 | orders          | SQL执行成功 | DATA:NEW[返回 0 条记录] | INFO:SQL: SELECT 
    o.order_id,
    CONCAT(c.first_name, ' ', c.last_name) as customer_name,
    p.product_name,
    o.quantity,
    p.price,
    o.discount_rate,
    calculate_total_price(p.price, o.quantity, o.discount_rate) as total_price
FROM orders o
JOIN customers c ON o.customer_id = c.customer_id
JOIN products p ON o.product_id = p.product_id
WHERE o.status = 'completed';
2025-09-15 18:14:45.718 | LSN:00000726 | TXN_COMMIT   | TXN:1757931285594 |                 | 事务提交 | INFO:事务ID: 1757931285594
2025-09-15 18:14:45.718 | LSN:00000727 | TXN_START    | TXN:1757931285718 |                 | 事务开始 | INFO:事务ID: 1757931285718
2025-09-15 18:14:45.718 | LSN:00000728 | SELECT       | TXN:1757931285718 | customer_order_summary | SQL执行开始 | INFO:SQL: SELECT 
    customer_id,
    CONCAT(first_name, ' ', last_name) as full_name,
    city,
    total_orders,
    total_order_value,
    get_customer_level(total_order_value) as customer_level
FROM customer_order_summary
WHERE total_orders > 0
ORDER BY total_order_value DESC;
2025-09-15 18:14:45.720 | LSN:00000729 | SELECT       | TXN:1757931285718 | customer_order_summary | SQL解析失败 | INFO:SQL: SELECT 
    customer_id,
    CONCAT(first_name, ' ', last_name) as full_name,
    city,
    total_orders,
    total_order_value,
    get_customer_level(total_order_value) as customer_level
FROM customer_order_summary
WHERE total_orders > 0
ORDER BY total_order_value DESC;
2025-09-15 18:14:45.726 | LSN:00000730 | TXN_ABORT    | TXN:1757931285718 |                 | 事务回滚 | INFO:事务ID: 1757931285718
2025-09-15 18:14:45.726 | LSN:00000731 | TXN_START    | TXN:1757931285726 |                 | 事务开始 | INFO:事务ID: 1757931285726
2025-09-15 18:14:45.727 | LSN:00000732 | SELECT       | TXN:1757931285726 | orders          | SQL执行开始 | INFO:SQL: SELECT 
    p.product_name,
    p.price,
    p.stock_quantity,
    (SELECT COUNT(*) FROM orders o WHERE o.product_id = p.product_id AND o.status != 'cancelled') as times_ordered
FROM products p
WHERE p.price > (SELECT AVG(price) FROM products);
2025-09-15 18:14:46.491 | LSN:00000733 | SELECT       | TXN:1757931285726 | orders          | SQL执行成功 | DATA:NEW[返回 3 条记录] | INFO:SQL: SELECT 
    p.product_name,
    p.price,
    p.stock_quantity,
    (SELECT COUNT(*) FROM orders o WHERE o.product_id = p.product_id AND o.status != 'cancelled') as times_ordered
FROM products p
WHERE p.price > (SELECT AVG(price) FROM products);
2025-09-15 18:14:46.493 | LSN:00000734 | TXN_COMMIT   | TXN:1757931285726 |                 | 事务提交 | INFO:事务ID: 1757931285726
2025-09-15 18:14:46.493 | LSN:00000735 | TXN_START    | TXN:1757931286493 |                 | 事务开始 | INFO:事务ID: 1757931286493
2025-09-15 18:14:46.493 | LSN:00000736 | SELECT       | TXN:1757931286493 | customers       | SQL执行开始 | INFO:SQL: SELECT 'High Value Customer' as type, first_name, last_name, total_spent as amount
FROM customers 
WHERE total_spent > 2000;
2025-09-15 18:14:46.602 | LSN:00000737 | SELECT       | TXN:1757931286493 | customers       | SQL执行成功 | DATA:NEW[返回 0 条记录] | INFO:SQL: SELECT 'High Value Customer' as type, first_name, last_name, total_spent as amount
FROM customers 
WHERE total_spent > 2000;
2025-09-15 18:14:46.602 | LSN:00000738 | TXN_COMMIT   | TXN:1757931286493 |                 | 事务提交 | INFO:事务ID: 1757931286493
2025-09-15 18:14:46.603 | LSN:00000739 | TXN_START    | TXN:1757931286603 |                 | 事务开始 | INFO:事务ID: 1757931286603
2025-09-15 18:14:46.603 | LSN:00000740 | SELECT       | TXN:1757931286603 | products        | SQL执行开始 | INFO:SQL: SELECT 'High Stock Product' as type, product_name, category, stock_quantity as amount
FROM products 
WHERE stock_quantity > 100;
2025-09-15 18:14:46.711 | LSN:00000741 | SELECT       | TXN:1757931286603 | products        | SQL执行成功 | DATA:NEW[返回 3 条记录] | INFO:SQL: SELECT 'High Stock Product' as type, product_name, category, stock_quantity as amount
FROM products 
WHERE stock_quantity > 100;
2025-09-15 18:14:46.712 | LSN:00000742 | TXN_COMMIT   | TXN:1757931286603 |                 | 事务提交 | INFO:事务ID: 1757931286603
2025-09-15 18:14:46.712 | LSN:00000743 | TXN_START    | TXN:1757931286712 |                 | 事务开始 | INFO:事务ID: 1757931286712
2025-09-15 18:14:46.712 | LSN:00000744 | SELECT       | TXN:1757931286712 | customers       | SQL执行开始 | INFO:SQL: SELECT 
    c.customer_id,
    CONCAT(c.first_name, ' ', c.last_name) as full_name,
    c.city,
    c.total_spent,
    c.registration_date
FROM customers c
WHERE (c.city = '北京' OR c.city = '上海') 
  AND c.total_spent BETWEEN 1000 AND 3000
  AND c.is_active = TRUE
ORDER BY c.total_spent DESC, c.registration_date ASC;
2025-09-15 18:14:46.716 | LSN:00000745 | SELECT       | TXN:1757931286712 | customers       | SQL执行失败 | DATA:NEW[表或视图 customers c 不存在] | INFO:SQL: SELECT 
    c.customer_id,
    CONCAT(c.first_name, ' ', c.last_name) as full_name,
    c.city,
    c.total_spent,
    c.registration_date
FROM customers c
WHERE (c.city = '北京' OR c.city = '上海') 
  AND c.total_spent BETWEEN 1000 AND 3000
  AND c.is_active = TRUE
ORDER BY c.total_spent DESC, c.registration_date ASC;
2025-09-15 18:14:46.724 | LSN:00000746 | TXN_ABORT    | TXN:1757931286712 |                 | 事务回滚 | INFO:事务ID: 1757931286712
2025-09-15 18:14:46.724 | LSN:00000747 | TXN_START    | TXN:1757931286724 |                 | 事务开始 | INFO:事务ID: 1757931286724
2025-09-15 18:14:46.725 | LSN:00000748 | SELECT       | TXN:1757931286724 | products        | SQL执行开始 | INFO:SQL: SELECT 
    p.category,
    COUNT(*) as product_count,
    SUM(p.stock_quantity) as total_stock,
    AVG(p.price) as avg_price,
    MIN(p.price) as min_price,
    MAX(p.price) as max_price
FROM products p
GROUP BY p.category
HAVING COUNT(*) >= 2 AND AVG(p.price) > 1000;
2025-09-15 18:14:46.836 | LSN:00000749 | SELECT       | TXN:1757931286724 | products        | SQL执行成功 | DATA:NEW[返回 1 条记录] | INFO:SQL: SELECT 
    p.category,
    COUNT(*) as product_count,
    SUM(p.stock_quantity) as total_stock,
    AVG(p.price) as avg_price,
    MIN(p.price) as min_price,
    MAX(p.price) as max_price
FROM products p
GROUP BY p.category
HAVING COUNT(*) >= 2 AND AVG(p.price) > 1000;
2025-09-15 18:14:46.837 | LSN:00000750 | TXN_COMMIT   | TXN:1757931286724 |                 | 事务提交 | INFO:事务ID: 1757931286724
2025-09-15 18:14:46.837 | LSN:00000751 | TXN_START    | TXN:1757931286837 |                 | 事务开始 | INFO:事务ID: 1757931286837
2025-09-15 18:14:46.838 | LSN:00000752 | SELECT       | TXN:1757931286837 | customers;      | SQL执行开始 | INFO:SQL: SELECT 'customers' as table_name, COUNT(*) as record_count FROM customers;
2025-09-15 18:14:46.944 | LSN:00000753 | SELECT       | TXN:1757931286837 | customers;      | SQL执行成功 | DATA:NEW[返回 0 条记录] | INFO:SQL: SELECT 'customers' as table_name, COUNT(*) as record_count FROM customers;
2025-09-15 18:14:46.944 | LSN:00000754 | TXN_COMMIT   | TXN:1757931286837 |                 | 事务提交 | INFO:事务ID: 1757931286837
2025-09-15 18:14:46.944 | LSN:00000755 | TXN_START    | TXN:1757931286944 |                 | 事务开始 | INFO:事务ID: 1757931286944
2025-09-15 18:14:46.944 | LSN:00000756 | SELECT       | TXN:1757931286944 | products;       | SQL执行开始 | INFO:SQL: SELECT 'products' as table_name, COUNT(*) as record_count FROM products;
2025-09-15 18:14:47.052 | LSN:00000757 | SELECT       | TXN:1757931286944 | products;       | SQL执行成功 | DATA:NEW[返回 6 条记录] | INFO:SQL: SELECT 'products' as table_name, COUNT(*) as record_count FROM products;
2025-09-15 18:14:47.052 | LSN:00000758 | TXN_COMMIT   | TXN:1757931286944 |                 | 事务提交 | INFO:事务ID: 1757931286944
2025-09-15 18:14:47.053 | LSN:00000759 | TXN_START    | TXN:1757931287053 |                 | 事务开始 | INFO:事务ID: 1757931287053
2025-09-15 18:14:47.053 | LSN:00000760 | SELECT       | TXN:1757931287053 | orders;         | SQL执行开始 | INFO:SQL: SELECT 'orders' as table_name, COUNT(*) as record_count FROM orders;
2025-09-15 18:14:47.162 | LSN:00000761 | SELECT       | TXN:1757931287053 | orders;         | SQL执行成功 | DATA:NEW[返回 7 条记录] | INFO:SQL: SELECT 'orders' as table_name, COUNT(*) as record_count FROM orders;
2025-09-15 18:14:47.163 | LSN:00000762 | TXN_COMMIT   | TXN:1757931287053 |                 | 事务提交 | INFO:事务ID: 1757931287053
2025-09-15 18:14:47.163 | LSN:00000763 | TXN_START    | TXN:1757931287163 |                 | 事务开始 | INFO:事务ID: 1757931287163
2025-09-15 18:14:47.163 | LSN:00000764 | SELECT       | TXN:1757931287163 | orders          | SQL执行开始 | INFO:SQL: SELECT 
    'Orders without customers' as check_type,
    COUNT(*) as issue_count
FROM orders o
LEFT JOIN customers c ON o.customer_id = c.customer_id
WHERE c.customer_id IS NULL;
2025-09-15 18:14:47.271 | LSN:00000765 | SELECT       | TXN:1757931287163 | orders          | SQL执行成功 | DATA:NEW[返回 0 条记录] | INFO:SQL: SELECT 
    'Orders without customers' as check_type,
    COUNT(*) as issue_count
FROM orders o
LEFT JOIN customers c ON o.customer_id = c.customer_id
WHERE c.customer_id IS NULL;
2025-09-15 18:14:47.272 | LSN:00000766 | TXN_COMMIT   | TXN:1757931287163 |                 | 事务提交 | INFO:事务ID: 1757931287163
2025-09-15 18:14:47.272 | LSN:00000767 | TXN_START    | TXN:1757931287272 |                 | 事务开始 | INFO:事务ID: 1757931287272
2025-09-15 18:14:47.272 | LSN:00000768 | SELECT       | TXN:1757931287272 | orders          | SQL执行开始 | INFO:SQL: SELECT 
    'Orders without products' as check_type,
    COUNT(*) as issue_count
FROM orders o
LEFT JOIN products p ON o.product_id = p.product_id
WHERE p.product_id IS NULL;
2025-09-15 18:14:47.381 | LSN:00000769 | SELECT       | TXN:1757931287272 | orders          | SQL执行成功 | DATA:NEW[返回 0 条记录] | INFO:SQL: SELECT 
    'Orders without products' as check_type,
    COUNT(*) as issue_count
FROM orders o
LEFT JOIN products p ON o.product_id = p.product_id
WHERE p.product_id IS NULL;
2025-09-15 18:14:47.382 | LSN:00000770 | TXN_COMMIT   | TXN:1757931287272 |                 | 事务提交 | INFO:事务ID: 1757931287272
2025-09-15 18:14:47.382 | LSN:00000771 | TXN_START    | TXN:1757931287382 |                 | 事务开始 | INFO:事务ID: 1757931287382
2025-09-15 18:14:47.383 | LSN:00000772 | SELECT       | TXN:1757931287382 | customers       | SQL执行开始 | INFO:SQL: SELECT 'SparrowDB 功能验证测试完成' as test_status FROM customers LIMIT 1;
2025-09-15 18:14:47.488 | LSN:00000773 | SELECT       | TXN:1757931287382 | customers       | SQL执行成功 | DATA:NEW[返回 0 条记录] | INFO:SQL: SELECT 'SparrowDB 功能验证测试完成' as test_status FROM customers LIMIT 1;
2025-09-15 18:14:47.488 | LSN:00000774 | TXN_COMMIT   | TXN:1757931287382 |                 | 事务提交 | INFO:事务ID: 1757931287382
2025-09-15 18:24:13.337 | LSN:00000775 | TXN_START    | TXN:1757931853335 |                 | 事务开始 | INFO:事务ID: 1757931853335
2025-09-15 18:24:13.342 | LSN:00000776 | SELECT       | TXN:1757931853335 | products        | SQL执行开始 | INFO:SQL: SELECT * FROM products
2025-09-15 18:24:13.454 | LSN:00000777 | SELECT       | TXN:1757931853335 | products        | SQL执行成功 | DATA:NEW[返回 6 条记录] | INFO:SQL: SELECT * FROM products
2025-09-15 18:24:13.455 | LSN:00000778 | TXN_COMMIT   | TXN:1757931853335 |                 | 事务提交 | INFO:事务ID: 1757931853335
2025-09-15 18:24:16.165 | LSN:00000779 | TXN_START    | TXN:1757931856165 |                 | 事务开始 | INFO:事务ID: 1757931856165
2025-09-15 18:24:16.166 | LSN:00000780 | SELECT       | TXN:1757931856165 | products        | SQL执行开始 | INFO:SQL: SELECT * FROM products
2025-09-15 18:24:16.277 | LSN:00000781 | SELECT       | TXN:1757931856165 | products        | SQL执行成功 | DATA:NEW[返回 6 条记录] | INFO:SQL: SELECT * FROM products
2025-09-15 18:24:16.278 | LSN:00000782 | TXN_COMMIT   | TXN:1757931856165 |                 | 事务提交 | INFO:事务ID: 1757931856165
