2025-09-14 10:39:00.647 | LSN:00000067 | TXN_START    | TXN:1757817540642 |                 | 事务开始 | INFO:事务ID: 1757817540642
2025-09-14 10:39:00.652 | LSN:00000068 | SYSTEM       | TXN:1757817540642 |                 | SQL执行开始 | INFO:SQL: CREATE FUNCTION calculate_difference(a INT, b INT) RETURNS INT BEGIN RETURN a - b; END
2025-09-14 10:39:00.656 | LSN:00000069 | SYSTEM       | TXN:1757817540642 |                 | SQL执行成功 | DATA:NEW[无数据返回] | INFO:SQL: CREATE FUNCTION calculate_difference(a INT, b INT) RETURNS INT BEGIN RETURN a - b; END
2025-09-14 10:39:00.656 | LSN:00000070 | TXN_COMMIT   | TXN:1757817540642 |                 | 事务提交 | INFO:事务ID: 1757817540642
2025-09-14 11:23:18.119 | LSN:00000071 | TXN_START    | TXN:1757820198116 |                 | 事务开始 | INFO:事务ID: 1757820198116
2025-09-14 11:23:18.126 | LSN:00000072 | SELECT       | TXN:1757820198116 | __system_functions__; | SQL执行开始 | INFO:SQL: SELECT * FROM __system_functions__;
2025-09-14 11:23:18.129 | LSN:00000073 | SELECT       | TXN:1757820198116 | __system_functions__; | SQL执行成功 | DATA:NEW[返回 0 条记录] | INFO:SQL: SELECT * FROM __system_functions__;
2025-09-14 11:23:18.130 | LSN:00000074 | TXN_COMMIT   | TXN:1757820198116 |                 | 事务提交 | INFO:事务ID: 1757820198116
2025-09-14 11:23:55.859 | LSN:00000075 | TXN_START    | TXN:1757820235859 |                 | 事务开始 | INFO:事务ID: 1757820235859
2025-09-14 11:23:55.859 | LSN:00000076 | SYSTEM       | TXN:1757820235859 |                 | SQL执行开始 | INFO:SQL: CREATE FUNCTION calculate_difference(a INT, b INT) RETURNS INT BEGIN RETURN a - b; END
2025-09-14 11:23:55.863 | LSN:00000077 | SYSTEM       | TXN:1757820235859 |                 | SQL执行成功 | DATA:NEW[无数据返回] | INFO:SQL: CREATE FUNCTION calculate_difference(a INT, b INT) RETURNS INT BEGIN RETURN a - b; END
2025-09-14 11:23:55.865 | LSN:00000078 | TXN_COMMIT   | TXN:1757820235859 |                 | 事务提交 | INFO:事务ID: 1757820235859
2025-09-14 11:24:07.439 | LSN:00000079 | TXN_START    | TXN:1757820247439 |                 | 事务开始 | INFO:事务ID: 1757820247439
2025-09-14 11:24:07.440 | LSN:00000080 | SYSTEM       | TXN:1757820247439 |                 | SQL执行开始 | INFO:SQL: CREATE permanent FUNCTION calculate_difference(a INT, b INT) RETURNS INT BEGIN RETURN a - b; END
2025-09-14 11:24:07.443 | LSN:00000081 | SYSTEM       | TXN:1757820247439 |                 | SQL执行失败 | DATA:NEW[批量执行失败: 0/1 成功, 错误: 创建函数失败: 创建函数失败: 函数 'calcula...] | INFO:SQL: CREATE permanent FUNCTION calculate_difference(a INT, b INT) RETURNS INT BEGIN RETURN a - b; END
2025-09-14 11:24:07.444 | LSN:00000082 | TXN_ABORT    | TXN:1757820247439 |                 | 事务回滚 | INFO:事务ID: 1757820247439
2025-09-14 11:24:54.354 | LSN:00000083 | TXN_START    | TXN:1757820294354 |                 | 事务开始 | INFO:事务ID: 1757820294354
2025-09-14 11:24:54.355 | LSN:00000084 | SYSTEM       | TXN:1757820294354 |                 | SQL执行开始 | INFO:SQL: CREATE PERMANENT FUNCTION add_numbers(a INT, b INT) RETURNS INT BEGIN RETURN a + b; END
2025-09-14 11:24:54.359 | LSN:00000085 | SYSTEM       | TXN:1757820294354 |                 | SQL执行成功 | DATA:NEW[无数据返回] | INFO:SQL: CREATE PERMANENT FUNCTION add_numbers(a INT, b INT) RETURNS INT BEGIN RETURN a + b; END
2025-09-14 11:24:54.360 | LSN:00000086 | TXN_COMMIT   | TXN:1757820294354 |                 | 事务提交 | INFO:事务ID: 1757820294354
2025-09-14 11:25:03.230 | LSN:00000087 | TXN_START    | TXN:1757820303230 |                 | 事务开始 | INFO:事务ID: 1757820303230
2025-09-14 11:25:03.231 | LSN:00000088 | SYSTEM       | TXN:1757820303230 |                 | SQL执行开始 | INFO:SQL: CREATE PERMANENT FUNCTION add_numbers(a INT, b INT) RETURNS INT BEGIN RETURN a + b; END
2025-09-14 11:25:03.232 | LSN:00000089 | SYSTEM       | TXN:1757820303230 |                 | SQL执行失败 | DATA:NEW[批量执行失败: 0/1 成功, 错误: 创建函数失败: 创建函数失败: 函数 'add_num...] | INFO:SQL: CREATE PERMANENT FUNCTION add_numbers(a INT, b INT) RETURNS INT BEGIN RETURN a + b; END
2025-09-14 11:25:03.233 | LSN:00000090 | TXN_ABORT    | TXN:1757820303230 |                 | 事务回滚 | INFO:事务ID: 1757820303230
2025-09-14 11:25:31.111 | LSN:00000091 | TXN_START    | TXN:1757820331111 |                 | 事务开始 | INFO:事务ID: 1757820331111
2025-09-14 11:25:31.111 | LSN:00000092 | SYSTEM       | TXN:1757820331111 |                 | SQL执行开始 | INFO:SQL: CREATE PERMANENT FUNCTION multiply(x INT, y INT) RETURNS INT BEGIN RETURN x * y; END
2025-09-14 11:25:31.113 | LSN:00000093 | SYSTEM       | TXN:1757820331111 |                 | SQL执行成功 | DATA:NEW[无数据返回] | INFO:SQL: CREATE PERMANENT FUNCTION multiply(x INT, y INT) RETURNS INT BEGIN RETURN x * y; END
2025-09-14 11:25:31.113 | LSN:00000094 | TXN_COMMIT   | TXN:1757820331111 |                 | 事务提交 | INFO:事务ID: 1757820331111
2025-09-14 11:25:49.174 | LSN:00000095 | TXN_START    | TXN:1757820349174 |                 | 事务开始 | INFO:事务ID: 1757820349174
2025-09-14 11:25:49.175 | LSN:00000096 | SELECT       | TXN:1757820349174 | __system_functions__; | SQL执行开始 | INFO:SQL: SELECT * FROM __system_functions__;
2025-09-14 11:25:49.176 | LSN:00000097 | SELECT       | TXN:1757820349174 | __system_functions__; | SQL执行成功 | DATA:NEW[返回 2 条记录] | INFO:SQL: SELECT * FROM __system_functions__;
2025-09-14 11:25:49.177 | LSN:00000098 | TXN_COMMIT   | TXN:1757820349174 |                 | 事务提交 | INFO:事务ID: 1757820349174
2025-09-14 11:26:20.293 | LSN:00000099 | TXN_START    | TXN:1757820380293 |                 | 事务开始 | INFO:事务ID: 1757820380293
2025-09-14 11:26:20.294 | LSN:00000100 | SYSTEM       | TXN:1757820380293 |                 | SQL执行开始 | INFO:SQL: CREATE FUNCTION multiply(x INT, y INT) RETURNS INT BEGIN RETURN x * y; END
2025-09-14 11:26:20.296 | LSN:00000101 | SYSTEM       | TXN:1757820380293 |                 | SQL执行失败 | DATA:NEW[批量执行失败: 0/1 成功, 错误: 创建函数失败: 创建函数失败: 函数 'multipl...] | INFO:SQL: CREATE FUNCTION multiply(x INT, y INT) RETURNS INT BEGIN RETURN x * y; END
2025-09-14 11:26:20.296 | LSN:00000102 | TXN_ABORT    | TXN:1757820380293 |                 | 事务回滚 | INFO:事务ID: 1757820380293
2025-09-14 11:26:53.078 | LSN:00000103 | TXN_START    | TXN:1757820413078 |                 | 事务开始 | INFO:事务ID: 1757820413078
2025-09-14 11:26:53.079 | LSN:00000104 | SYSTEM       | TXN:1757820413078 |                 | SQL执行开始 | INFO:SQL: DROP FUNCTION add_numbers
2025-09-14 11:26:53.080 | LSN:00000105 | SYSTEM       | TXN:1757820413078 |                 | SQL执行成功 | DATA:NEW[无数据返回] | INFO:SQL: DROP FUNCTION add_numbers
2025-09-14 11:26:53.081 | LSN:00000106 | TXN_COMMIT   | TXN:1757820413078 |                 | 事务提交 | INFO:事务ID: 1757820413078
2025-09-14 11:27:05.422 | LSN:00000107 | TXN_START    | TXN:1757820425422 |                 | 事务开始 | INFO:事务ID: 1757820425422
2025-09-14 11:27:05.423 | LSN:00000108 | SYSTEM       | TXN:1757820425422 |                 | SQL执行开始 | INFO:SQL: DROP FUNCTION add_numbers
2025-09-14 11:27:05.424 | LSN:00000109 | SYSTEM       | TXN:1757820425422 |                 | SQL执行失败 | DATA:NEW[删除函数失败: 删除函数失败: 函数 'add_numbers' 不存在] | INFO:SQL: DROP FUNCTION add_numbers
2025-09-14 11:27:05.425 | LSN:00000110 | TXN_ABORT    | TXN:1757820425422 |                 | 事务回滚 | INFO:事务ID: 1757820425422
2025-09-14 11:27:14.694 | LSN:00000111 | TXN_START    | TXN:1757820434694 |                 | 事务开始 | INFO:事务ID: 1757820434694
2025-09-14 11:27:14.695 | LSN:00000112 | SELECT       | TXN:1757820434694 | __system_functions__; | SQL执行开始 | INFO:SQL: SELECT * FROM __system_functions__;
2025-09-14 11:27:14.696 | LSN:00000113 | SELECT       | TXN:1757820434694 | __system_functions__; | SQL执行成功 | DATA:NEW[返回 2 条记录] | INFO:SQL: SELECT * FROM __system_functions__;
2025-09-14 11:27:14.696 | LSN:00000114 | TXN_COMMIT   | TXN:1757820434694 |                 | 事务提交 | INFO:事务ID: 1757820434694
2025-09-14 11:37:22.732 | LSN:00000115 | TXN_START    | TXN:1757821042727 |                 | 事务开始 | INFO:事务ID: 1757821042727
2025-09-14 11:37:22.740 | LSN:00000116 | SYSTEM       | TXN:1757821042727 |                 | SQL执行开始 | INFO:SQL: CREATE FUNCTION calculate_difference(a INT, b INT) RETURNS INT BEGIN RETURN a - b; END
2025-09-14 11:37:22.744 | LSN:00000117 | SYSTEM       | TXN:1757821042727 |                 | SQL执行成功 | DATA:NEW[无数据返回] | INFO:SQL: CREATE FUNCTION calculate_difference(a INT, b INT) RETURNS INT BEGIN RETURN a - b; END
2025-09-14 11:37:22.744 | LSN:00000118 | TXN_COMMIT   | TXN:1757821042727 |                 | 事务提交 | INFO:事务ID: 1757821042727
2025-09-14 11:37:38.072 | LSN:00000119 | TXN_START    | TXN:1757821058071 |                 | 事务开始 | INFO:事务ID: 1757821058071
2025-09-14 11:37:38.073 | LSN:00000120 | SELECT       | TXN:1757821058071 | __system_functions__; | SQL执行开始 | INFO:SQL: SELECT * FROM __system_functions__;
2025-09-14 11:37:38.075 | LSN:00000121 | SELECT       | TXN:1757821058071 | __system_functions__; | SQL执行成功 | DATA:NEW[返回 0 条记录] | INFO:SQL: SELECT * FROM __system_functions__;
2025-09-14 11:37:38.076 | LSN:00000122 | TXN_COMMIT   | TXN:1757821058071 |                 | 事务提交 | INFO:事务ID: 1757821058071
2025-09-14 11:37:58.438 | LSN:00000123 | TXN_START    | TXN:1757821078438 |                 | 事务开始 | INFO:事务ID: 1757821078438
2025-09-14 11:37:58.439 | LSN:00000124 | SYSTEM       | TXN:1757821078438 |                 | SQL执行开始 | INFO:SQL: CREATE PERMANENT FUNCTION calculate_difference(a INT, b INT) RETURNS INT BEGIN RETURN a - b; END
2025-09-14 11:37:58.443 | LSN:00000125 | SYSTEM       | TXN:1757821078438 |                 | SQL执行失败 | DATA:NEW[批量执行失败: 0/1 成功, 错误: 创建函数失败: 创建函数失败: 函数 'calcula...] | INFO:SQL: CREATE PERMANENT FUNCTION calculate_difference(a INT, b INT) RETURNS INT BEGIN RETURN a - b; END
2025-09-14 11:37:58.443 | LSN:00000126 | TXN_ABORT    | TXN:1757821078438 |                 | 事务回滚 | INFO:事务ID: 1757821078438
2025-09-14 11:38:19.824 | LSN:00000127 | TXN_START    | TXN:1757821099824 |                 | 事务开始 | INFO:事务ID: 1757821099824
2025-09-14 11:38:19.825 | LSN:00000128 | SYSTEM       | TXN:1757821099824 |                 | SQL执行开始 | INFO:SQL: CREATE PERMANENT FUNCTION multiply(x INT, y INT) RETURNS INT BEGIN RETURN x * y; END
2025-09-14 11:38:19.829 | LSN:00000129 | SYSTEM       | TXN:1757821099824 |                 | SQL执行成功 | DATA:NEW[无数据返回] | INFO:SQL: CREATE PERMANENT FUNCTION multiply(x INT, y INT) RETURNS INT BEGIN RETURN x * y; END
2025-09-14 11:38:19.829 | LSN:00000130 | TXN_COMMIT   | TXN:1757821099824 |                 | 事务提交 | INFO:事务ID: 1757821099824
2025-09-14 11:39:18.022 | LSN:00000131 | TXN_START    | TXN:1757821158022 |                 | 事务开始 | INFO:事务ID: 1757821158022
2025-09-14 11:39:18.023 | LSN:00000132 | SYSTEM       | TXN:1757821158022 |                 | SQL执行开始 | INFO:SQL: CREATE PERMANENT FUNCTION add_numbers(a INT, b INT) RETURNS INT BEGIN RETURN a + b; END
2025-09-14 11:39:18.026 | LSN:00000133 | SYSTEM       | TXN:1757821158022 |                 | SQL执行成功 | DATA:NEW[无数据返回] | INFO:SQL: CREATE PERMANENT FUNCTION add_numbers(a INT, b INT) RETURNS INT BEGIN RETURN a + b; END
2025-09-14 11:39:18.026 | LSN:00000134 | TXN_COMMIT   | TXN:1757821158022 |                 | 事务提交 | INFO:事务ID: 1757821158022
2025-09-14 11:40:20.334 | LSN:00000135 | TXN_START    | TXN:1757821220333 |                 | 事务开始 | INFO:事务ID: 1757821220333
2025-09-14 11:40:20.334 | LSN:00000136 | SYSTEM       | TXN:1757821220333 |                 | SQL执行开始 | INFO:SQL: DROP FUNCTION add_numbers
2025-09-14 11:40:20.336 | LSN:00000137 | SYSTEM       | TXN:1757821220333 |                 | SQL执行成功 | DATA:NEW[无数据返回] | INFO:SQL: DROP FUNCTION add_numbers
2025-09-14 11:40:20.336 | LSN:00000138 | TXN_COMMIT   | TXN:1757821220333 |                 | 事务提交 | INFO:事务ID: 1757821220333
2025-09-14 11:40:23.957 | LSN:00000139 | TXN_START    | TXN:1757821223957 |                 | 事务开始 | INFO:事务ID: 1757821223957
2025-09-14 11:40:23.958 | LSN:00000140 | SELECT       | TXN:1757821223957 | __system_functions__; | SQL执行开始 | INFO:SQL: SELECT * FROM __system_functions__;
2025-09-14 11:40:23.959 | LSN:00000141 | SELECT       | TXN:1757821223957 | __system_functions__; | SQL执行成功 | DATA:NEW[返回 1 条记录] | INFO:SQL: SELECT * FROM __system_functions__;
2025-09-14 11:40:23.960 | LSN:00000142 | TXN_COMMIT   | TXN:1757821223957 |                 | 事务提交 | INFO:事务ID: 1757821223957
2025-09-14 11:40:36.103 | LSN:00000143 | TXN_START    | TXN:1757821236102 |                 | 事务开始 | INFO:事务ID: 1757821236102
2025-09-14 11:40:36.103 | LSN:00000144 | SYSTEM       | TXN:1757821236102 |                 | SQL执行开始 | INFO:SQL: CREATE PERMANENT FUNCTION add_numbers(a INT, b INT) RETURNS INT BEGIN RETURN a + b; END
2025-09-14 11:40:36.104 | LSN:00000145 | SYSTEM       | TXN:1757821236102 |                 | SQL执行成功 | DATA:NEW[无数据返回] | INFO:SQL: CREATE PERMANENT FUNCTION add_numbers(a INT, b INT) RETURNS INT BEGIN RETURN a + b; END
2025-09-14 11:40:36.105 | LSN:00000146 | TXN_COMMIT   | TXN:1757821236102 |                 | 事务提交 | INFO:事务ID: 1757821236102
2025-09-14 11:40:42.862 | LSN:00000147 | TXN_START    | TXN:1757821242862 |                 | 事务开始 | INFO:事务ID: 1757821242862
2025-09-14 11:40:42.862 | LSN:00000148 | SYSTEM       | TXN:1757821242862 |                 | SQL执行开始 | INFO:SQL: DROP FUNCTION add_numbers
2025-09-14 11:40:42.864 | LSN:00000149 | SYSTEM       | TXN:1757821242862 |                 | SQL执行成功 | DATA:NEW[无数据返回] | INFO:SQL: DROP FUNCTION add_numbers
2025-09-14 11:40:42.864 | LSN:00000150 | TXN_COMMIT   | TXN:1757821242862 |                 | 事务提交 | INFO:事务ID: 1757821242862
2025-09-14 14:54:38.642 | LSN:00000151 | TXN_START    | TXN:1757832878637 |                 | 事务开始 | INFO:事务ID: 1757832878637
2025-09-14 14:54:38.644 | LSN:00000152 | SYSTEM       | TXN:1757832878637 |                 | SQL执行开始 | INFO:SQL: CREATE FUNCTION add(a INT, b INT) RETURNS INT BEGIN 'RETURN a + b';
CREATE FUNCTION add(a VARCHAR, b VARCHAR) RETURNS VARCHAR BEGIN 'RETURN a + b';
2025-09-14 14:54:38.652 | LSN:00000153 | SYSTEM       | TXN:1757832878637 |                 | SQL执行成功 | DATA:NEW[无数据返回] | INFO:SQL: CREATE FUNCTION add(a INT, b INT) RETURNS INT BEGIN 'RETURN a + b';
CREATE FUNCTION add(a VARCHAR, b VARCHAR) RETURNS VARCHAR BEGIN 'RETURN a + b';
2025-09-14 14:54:38.654 | LSN:00000154 | TXN_COMMIT   | TXN:1757832878637 |                 | 事务提交 | INFO:事务ID: 1757832878637
2025-09-14 14:55:51.592 | LSN:00000155 | TXN_START    | TXN:1757832951592 |                 | 事务开始 | INFO:事务ID: 1757832951592
2025-09-14 14:55:51.593 | LSN:00000156 | SYSTEM       | TXN:1757832951592 |                 | SQL执行开始 | INFO:SQL: DROP FUNCTION add
2025-09-14 14:55:51.595 | LSN:00000157 | SYSTEM       | TXN:1757832951592 |                 | SQL执行成功 | DATA:NEW[无数据返回] | INFO:SQL: DROP FUNCTION add
2025-09-14 14:55:51.596 | LSN:00000158 | TXN_COMMIT   | TXN:1757832951592 |                 | 事务提交 | INFO:事务ID: 1757832951592
2025-09-14 14:56:32.179 | LSN:00000159 | TXN_START    | TXN:1757832992179 |                 | 事务开始 | INFO:事务ID: 1757832992179
2025-09-14 14:56:32.180 | LSN:00000160 | SYSTEM       | TXN:1757832992179 |                 | SQL执行开始 | INFO:SQL: DROP FUNCTION add
CREATE PERMANENT FUNCTION add(a INT, b INT) RETURNS INT BEGIN 'RETURN a + b';
CREATE PERMANENT FUNCTION add(a VARCHAR, b VARCHAR) RETURNS VARCHAR BEGIN 'RETURN a + b';
2025-09-14 14:56:32.187 | LSN:00000161 | SYSTEM       | TXN:1757832992179 |                 | SQL执行失败 | DATA:NEW[批量执行失败: 0/2 成功, 错误: 删除函数失败: 删除函数失败: 函数 'add' 不存在] | INFO:SQL: DROP FUNCTION add
CREATE PERMANENT FUNCTION add(a INT, b INT) RETURNS INT BEGIN 'RETURN a + b';
CREATE PERMANENT FUNCTION add(a VARCHAR, b VARCHAR) RETURNS VARCHAR BEGIN 'RETURN a + b';
2025-09-14 14:56:32.188 | LSN:00000162 | TXN_ABORT    | TXN:1757832992179 |                 | 事务回滚 | INFO:事务ID: 1757832992179
2025-09-14 14:56:47.333 | LSN:00000163 | TXN_START    | TXN:1757833007333 |                 | 事务开始 | INFO:事务ID: 1757833007333
2025-09-14 14:56:47.335 | LSN:00000164 | SYSTEM       | TXN:1757833007333 |                 | SQL执行开始 | INFO:SQL: CREATE PERMANENT FUNCTION add(a INT, b INT) RETURNS INT BEGIN 'RETURN a + b';
CREATE PERMANENT FUNCTION add(a VARCHAR, b VARCHAR) RETURNS VARCHAR BEGIN 'RETURN a + b';
2025-09-14 14:56:47.338 | LSN:00000165 | SYSTEM       | TXN:1757833007333 |                 | SQL执行成功 | DATA:NEW[无数据返回] | INFO:SQL: CREATE PERMANENT FUNCTION add(a INT, b INT) RETURNS INT BEGIN 'RETURN a + b';
CREATE PERMANENT FUNCTION add(a VARCHAR, b VARCHAR) RETURNS VARCHAR BEGIN 'RETURN a + b';
2025-09-14 14:56:47.339 | LSN:00000166 | TXN_COMMIT   | TXN:1757833007333 |                 | 事务提交 | INFO:事务ID: 1757833007333
2025-09-14 14:57:21.858 | LSN:00000167 | TXN_START    | TXN:1757833041858 |                 | 事务开始 | INFO:事务ID: 1757833041858
2025-09-14 14:57:21.859 | LSN:00000168 | SYSTEM       | TXN:1757833041858 |                 | SQL执行开始 | INFO:SQL: CREATE PERMANENT FUNCTION add(a VARCHAR, b VARCHAR) RETURNS VARCHAR BEGIN 'RETURN a + b';
2025-09-14 14:57:21.860 | LSN:00000169 | SYSTEM       | TXN:1757833041858 |                 | SQL执行成功 | DATA:NEW[无数据返回] | INFO:SQL: CREATE PERMANENT FUNCTION add(a VARCHAR, b VARCHAR) RETURNS VARCHAR BEGIN 'RETURN a + b';
2025-09-14 14:57:21.861 | LSN:00000170 | TXN_COMMIT   | TXN:1757833041858 |                 | 事务提交 | INFO:事务ID: 1757833041858
2025-09-14 15:00:13.236 | LSN:00000171 | TXN_START    | TXN:1757833213236 |                 | 事务开始 | INFO:事务ID: 1757833213236
2025-09-14 15:00:13.237 | LSN:00000172 | SYSTEM       | TXN:1757833213236 |                 | SQL执行开始 | INFO:SQL: CREATE PERMANENT FUNCTION add(a INT, b INT) RETURNS INT BEGIN 'RETURN a + b';
2025-09-14 15:00:13.240 | LSN:00000173 | SYSTEM       | TXN:1757833213236 |                 | SQL执行失败 | DATA:NEW[创建函数失败: 创建函数失败: 函数 'add(INT,INT)' 已存在] | INFO:SQL: CREATE PERMANENT FUNCTION add(a INT, b INT) RETURNS INT BEGIN 'RETURN a + b';
2025-09-14 15:00:13.241 | LSN:00000174 | TXN_ABORT    | TXN:1757833213236 |                 | 事务回滚 | INFO:事务ID: 1757833213236
2025-09-14 15:00:21.878 | LSN:00000175 | TXN_START    | TXN:1757833221878 |                 | 事务开始 | INFO:事务ID: 1757833221878
2025-09-14 15:00:21.879 | LSN:00000176 | SYSTEM       | TXN:1757833221878 |                 | SQL执行开始 | INFO:SQL: CREATE PERMANENT FUNCTION add(a VARCHAR, b VARCHAR) RETURNS VARCHAR BEGIN 'RETURN a + b';
2025-09-14 15:00:21.881 | LSN:00000177 | SYSTEM       | TXN:1757833221878 |                 | SQL执行失败 | DATA:NEW[创建函数失败: 创建函数失败: 函数 'add(VARCHAR,VARCHAR)' 已存在] | INFO:SQL: CREATE PERMANENT FUNCTION add(a VARCHAR, b VARCHAR) RETURNS VARCHAR BEGIN 'RETURN a + b';
2025-09-14 15:00:21.881 | LSN:00000178 | TXN_ABORT    | TXN:1757833221878 |                 | 事务回滚 | INFO:事务ID: 1757833221878
2025-09-14 15:00:31.398 | LSN:00000179 | TXN_START    | TXN:1757833231398 |                 | 事务开始 | INFO:事务ID: 1757833231398
2025-09-14 15:00:31.399 | LSN:00000180 | SYSTEM       | TXN:1757833231398 |                 | SQL执行开始 | INFO:SQL: DROP FUNCTION add
2025-09-14 15:00:31.401 | LSN:00000181 | SYSTEM       | TXN:1757833231398 |                 | SQL执行成功 | DATA:NEW[无数据返回] | INFO:SQL: DROP FUNCTION add
2025-09-14 15:00:31.401 | LSN:00000182 | TXN_COMMIT   | TXN:1757833231398 |                 | 事务提交 | INFO:事务ID: 1757833231398
2025-09-14 15:00:55.358 | LSN:00000183 | TXN_START    | TXN:1757833255358 |                 | 事务开始 | INFO:事务ID: 1757833255358
2025-09-14 15:00:55.359 | LSN:00000184 | SYSTEM       | TXN:1757833255358 |                 | SQL执行开始 | INFO:SQL: DROP FUNCTION add
2025-09-14 15:00:55.360 | LSN:00000185 | SYSTEM       | TXN:1757833255358 |                 | SQL执行失败 | DATA:NEW[删除函数失败: 删除函数失败: 函数 'add' 不存在] | INFO:SQL: DROP FUNCTION add
2025-09-14 15:00:55.361 | LSN:00000186 | TXN_ABORT    | TXN:1757833255358 |                 | 事务回滚 | INFO:事务ID: 1757833255358
2025-09-14 15:11:56.406 | LSN:00000187 | TXN_START    | TXN:1757833916402 |                 | 事务开始 | INFO:事务ID: 1757833916402
2025-09-14 15:11:56.418 | LSN:00000188 | SYSTEM       | TXN:1757833916402 |                 | SQL执行开始 | INFO:SQL: CREATE FUNCTION add_numbers(a INT, b INT) RETURNS INT BEGIN RETURN a + b; END
2025-09-14 15:11:56.423 | LSN:00000189 | SYSTEM       | TXN:1757833916402 |                 | SQL执行成功 | DATA:NEW[无数据返回] | INFO:SQL: CREATE FUNCTION add_numbers(a INT, b INT) RETURNS INT BEGIN RETURN a + b; END
2025-09-14 15:11:56.424 | LSN:00000190 | TXN_COMMIT   | TXN:1757833916402 |                 | 事务提交 | INFO:事务ID: 1757833916402
2025-09-14 15:12:48.738 | LSN:00000191 | TXN_START    | TXN:1757833968738 |                 | 事务开始 | INFO:事务ID: 1757833968738
2025-09-14 15:12:48.739 | LSN:00000192 | SYSTEM       | TXN:1757833968738 |                 | SQL执行开始 | INFO:SQL: CALL add_numbers(5, 3)
2025-09-14 15:12:48.755 | LSN:00000193 | SYSTEM       | TXN:1757833968738 |                 | SQL执行成功 | DATA:NEW[返回 1 条记录] | INFO:SQL: CALL add_numbers(5, 3)
2025-09-14 15:12:48.756 | LSN:00000194 | TXN_COMMIT   | TXN:1757833968738 |                 | 事务提交 | INFO:事务ID: 1757833968738
2025-09-14 15:13:40.436 | LSN:00000195 | TXN_START    | TXN:1757834020436 |                 | 事务开始 | INFO:事务ID: 1757834020436
2025-09-14 15:13:40.437 | LSN:00000196 | SYSTEM       | TXN:1757834020436 |                 | SQL执行开始 | INFO:SQL: CREATE FUNCTION multiply(x INT, y INT) RETURNS INT BEGIN RETURN x * y; END
2025-09-14 15:13:40.440 | LSN:00000197 | SYSTEM       | TXN:1757834020436 |                 | SQL执行成功 | DATA:NEW[无数据返回] | INFO:SQL: CREATE FUNCTION multiply(x INT, y INT) RETURNS INT BEGIN RETURN x * y; END
2025-09-14 15:13:40.440 | LSN:00000198 | TXN_COMMIT   | TXN:1757834020436 |                 | 事务提交 | INFO:事务ID: 1757834020436
2025-09-14 15:13:56.498 | LSN:00000199 | TXN_START    | TXN:1757834036498 |                 | 事务开始 | INFO:事务ID: 1757834036498
2025-09-14 15:13:56.499 | LSN:00000200 | SYSTEM       | TXN:1757834036498 |                 | SQL执行开始 | INFO:SQL: CALL multiply(7, 6)
2025-09-14 15:13:56.501 | LSN:00000201 | SYSTEM       | TXN:1757834036498 |                 | SQL执行成功 | DATA:NEW[返回 1 条记录] | INFO:SQL: CALL multiply(7, 6)
2025-09-14 15:13:56.502 | LSN:00000202 | TXN_COMMIT   | TXN:1757834036498 |                 | 事务提交 | INFO:事务ID: 1757834036498
2025-09-14 15:14:13.819 | LSN:00000203 | TXN_START    | TXN:1757834053819 |                 | 事务开始 | INFO:事务ID: 1757834053819
2025-09-14 15:14:13.820 | LSN:00000204 | SYSTEM       | TXN:1757834053819 |                 | SQL执行开始 | INFO:SQL: CREATE FUNCTION calculate_difference(a INT, b INT) RETURNS INT BEGIN RETURN a - b; END
2025-09-14 15:14:13.822 | LSN:00000205 | SYSTEM       | TXN:1757834053819 |                 | SQL执行成功 | DATA:NEW[无数据返回] | INFO:SQL: CREATE FUNCTION calculate_difference(a INT, b INT) RETURNS INT BEGIN RETURN a - b; END
2025-09-14 15:14:13.822 | LSN:00000206 | TXN_COMMIT   | TXN:1757834053819 |                 | 事务提交 | INFO:事务ID: 1757834053819
2025-09-14 15:14:30.816 | LSN:00000207 | TXN_START    | TXN:1757834070816 |                 | 事务开始 | INFO:事务ID: 1757834070816
2025-09-14 15:14:30.817 | LSN:00000208 | SYSTEM       | TXN:1757834070816 |                 | SQL执行开始 | INFO:SQL: CREATE FUNCTION divide_numbers(a INT, b INT) RETURNS INT BEGIN RETURN a / b; END
2025-09-14 15:14:30.818 | LSN:00000209 | SYSTEM       | TXN:1757834070816 |                 | SQL执行成功 | DATA:NEW[无数据返回] | INFO:SQL: CREATE FUNCTION divide_numbers(a INT, b INT) RETURNS INT BEGIN RETURN a / b; END
2025-09-14 15:14:30.819 | LSN:00000210 | TXN_COMMIT   | TXN:1757834070816 |                 | 事务提交 | INFO:事务ID: 1757834070816
2025-09-14 15:14:52.936 | LSN:00000211 | TXN_START    | TXN:1757834092936 |                 | 事务开始 | INFO:事务ID: 1757834092936
2025-09-14 15:14:52.939 | LSN:00000212 | SELECT       | TXN:1757834092936 | __system_functions__; | SQL执行开始 | INFO:SQL: SELECT * FROM __system_functions__;
2025-09-14 15:14:52.941 | LSN:00000213 | SELECT       | TXN:1757834092936 | __system_functions__; | SQL执行成功 | DATA:NEW[返回 0 条记录] | INFO:SQL: SELECT * FROM __system_functions__;
2025-09-14 15:14:52.942 | LSN:00000214 | TXN_COMMIT   | TXN:1757834092936 |                 | 事务提交 | INFO:事务ID: 1757834092936
2025-09-14 15:15:09.976 | LSN:00000215 | TXN_START    | TXN:1757834109976 |                 | 事务开始 | INFO:事务ID: 1757834109976
2025-09-14 15:15:09.978 | LSN:00000216 | SYSTEM       | TXN:1757834109976 |                 | SQL执行开始 | INFO:SQL: DROP FUNCTION add_numbers
2025-09-14 15:15:09.979 | LSN:00000217 | SYSTEM       | TXN:1757834109976 |                 | SQL执行成功 | DATA:NEW[无数据返回] | INFO:SQL: DROP FUNCTION add_numbers
2025-09-14 15:15:09.979 | LSN:00000218 | TXN_COMMIT   | TXN:1757834109976 |                 | 事务提交 | INFO:事务ID: 1757834109976
2025-09-14 15:15:25.908 | LSN:00000219 | TXN_START    | TXN:1757834125908 |                 | 事务开始 | INFO:事务ID: 1757834125908
2025-09-14 15:15:25.910 | LSN:00000220 | SYSTEM       | TXN:1757834125908 |                 | SQL执行开始 | INFO:SQL: DROP FUNCTION IF EXISTS non_existent_function
2025-09-14 15:15:25.912 | LSN:00000221 | SYSTEM       | TXN:1757834125908 |                 | SQL执行成功 | DATA:NEW[无数据返回] | INFO:SQL: DROP FUNCTION IF EXISTS non_existent_function
2025-09-14 15:15:25.913 | LSN:00000222 | TXN_COMMIT   | TXN:1757834125908 |                 | 事务提交 | INFO:事务ID: 1757834125908
2025-09-14 15:15:58.115 | LSN:00000223 | TXN_START    | TXN:1757834158115 |                 | 事务开始 | INFO:事务ID: 1757834158115
2025-09-14 15:15:58.116 | LSN:00000224 | SYSTEM       | TXN:1757834158115 |                 | SQL执行开始 | INFO:SQL: CREATE FUNCTION multiply(a INT, b INT) RETURNS INT BEGIN RETURN a + b; END
2025-09-14 15:15:58.118 | LSN:00000225 | SYSTEM       | TXN:1757834158115 |                 | SQL执行失败 | DATA:NEW[批量执行失败: 0/1 成功, 错误: 创建函数失败: 创建函数失败: 函数 'multipl...] | INFO:SQL: CREATE FUNCTION multiply(a INT, b INT) RETURNS INT BEGIN RETURN a + b; END
2025-09-14 15:15:58.120 | LSN:00000226 | TXN_ABORT    | TXN:1757834158115 |                 | 事务回滚 | INFO:事务ID: 1757834158115
2025-09-14 15:16:19.000 | LSN:00000227 | TXN_START    | TXN:1757834179000 |                 | 事务开始 | INFO:事务ID: 1757834179000
2025-09-14 15:16:19.002 | LSN:00000228 | SYSTEM       | TXN:1757834179000 |                 | SQL执行开始 | INFO:SQL: CALL non_existent_function(1, 2)
2025-09-14 15:16:19.003 | LSN:00000229 | SYSTEM       | TXN:1757834179000 |                 | SQL执行失败 | DATA:NEW[调用函数失败: 调用函数失败: 函数 'non_existent_function' 不存在] | INFO:SQL: CALL non_existent_function(1, 2)
2025-09-14 15:16:19.004 | LSN:00000230 | TXN_ABORT    | TXN:1757834179000 |                 | 事务回滚 | INFO:事务ID: 1757834179000
2025-09-14 15:16:44.737 | LSN:00000231 | TXN_START    | TXN:1757834204735 |                 | 事务开始 | INFO:事务ID: 1757834204735
2025-09-14 15:16:44.737 | LSN:00000232 | SYSTEM       | TXN:1757834204735 |                 | SQL执行开始 | INFO:SQL: CALL multiply(5)
2025-09-14 15:16:44.738 | LSN:00000233 | SYSTEM       | TXN:1757834204735 |                 | SQL执行失败 | DATA:NEW[调用函数失败: 调用函数失败: 没有找到匹配的函数重载: multiply(1 个参数)] | INFO:SQL: CALL multiply(5)
2025-09-14 15:16:44.739 | LSN:00000234 | TXN_ABORT    | TXN:1757834204735 |                 | 事务回滚 | INFO:事务ID: 1757834204735
2025-09-14 15:24:01.213 | LSN:00000235 | TXN_START    | TXN:1757834641213 |                 | 事务开始 | INFO:事务ID: 1757834641213
2025-09-14 15:24:01.214 | LSN:00000236 | SYSTEM       | TXN:1757834641213 |                 | SQL执行开始 | INFO:SQL: CREATE FUNCTION temp_add(a INT, b INT) RETURNS INT BEGIN RETURN a + b; END
2025-09-14 15:24:01.215 | LSN:00000237 | SYSTEM       | TXN:1757834641213 |                 | SQL执行成功 | DATA:NEW[无数据返回] | INFO:SQL: CREATE FUNCTION temp_add(a INT, b INT) RETURNS INT BEGIN RETURN a + b; END
2025-09-14 15:24:01.216 | LSN:00000238 | TXN_COMMIT   | TXN:1757834641213 |                 | 事务提交 | INFO:事务ID: 1757834641213
2025-09-14 15:24:47.772 | LSN:00000239 | TXN_START    | TXN:1757834687772 |                 | 事务开始 | INFO:事务ID: 1757834687772
2025-09-14 15:24:47.773 | LSN:00000240 | SYSTEM       | TXN:1757834687772 |                 | SQL执行开始 | INFO:SQL: CREATE PERMANENT FUNCTION permanent_multiply(x INT, y INT) RETURNS INT BEGIN RETURN x * y; END
2025-09-14 15:24:47.776 | LSN:00000241 | SYSTEM       | TXN:1757834687772 |                 | SQL执行成功 | DATA:NEW[无数据返回] | INFO:SQL: CREATE PERMANENT FUNCTION permanent_multiply(x INT, y INT) RETURNS INT BEGIN RETURN x * y; END
2025-09-14 15:24:47.776 | LSN:00000242 | TXN_COMMIT   | TXN:1757834687772 |                 | 事务提交 | INFO:事务ID: 1757834687772
2025-09-14 15:24:55.293 | LSN:00000243 | TXN_START    | TXN:1757834695293 |                 | 事务开始 | INFO:事务ID: 1757834695293
2025-09-14 15:24:55.294 | LSN:00000244 | SYSTEM       | TXN:1757834695293 |                 | SQL执行开始 | INFO:SQL: CREATE PERMANENT FUNCTION permanent_multiply(x INT, y INT) RETURNS INT BEGIN RETURN x * y; END
2025-09-14 15:24:55.295 | LSN:00000245 | SYSTEM       | TXN:1757834695293 |                 | SQL执行失败 | DATA:NEW[批量执行失败: 0/1 成功, 错误: 创建函数失败: 创建函数失败: 函数 'permane...] | INFO:SQL: CREATE PERMANENT FUNCTION permanent_multiply(x INT, y INT) RETURNS INT BEGIN RETURN x * y; END
2025-09-14 15:24:55.296 | LSN:00000246 | TXN_ABORT    | TXN:1757834695293 |                 | 事务回滚 | INFO:事务ID: 1757834695293
2025-09-14 15:25:56.573 | LSN:00000247 | TXN_START    | TXN:1757834756572 |                 | 事务开始 | INFO:事务ID: 1757834756572
2025-09-14 15:25:56.574 | LSN:00000248 | SYSTEM       | TXN:1757834756572 |                 | SQL执行开始 | INFO:SQL: CREATE PERMANENT FUNCTION permanent_max(a INT, b INT) RETURNS INT BEGIN IF a > b THEN RETURN a; ELSE RETURN b; END IF; END
2025-09-14 15:25:56.576 | LSN:00000249 | SYSTEM       | TXN:1757834756572 |                 | SQL执行失败 | DATA:NEW[批量执行失败: 0/1 成功, 错误: 创建函数失败: 创建函数失败: IF语句不匹配：IF数...] | INFO:SQL: CREATE PERMANENT FUNCTION permanent_max(a INT, b INT) RETURNS INT BEGIN IF a > b THEN RETURN a; ELSE RETURN b; END IF; END
2025-09-14 15:25:56.577 | LSN:00000250 | TXN_ABORT    | TXN:1757834756572 |                 | 事务回滚 | INFO:事务ID: 1757834756572
2025-09-14 15:29:40.295 | LSN:00000251 | TXN_START    | TXN:1757834980295 |                 | 事务开始 | INFO:事务ID: 1757834980295
2025-09-14 15:29:40.296 | LSN:00000252 | SYSTEM       | TXN:1757834980295 |                 | SQL执行开始 | INFO:SQL: CREATE PERMANENT FUNCTION permanent_max(a INT, b INT) RETURNS INT BEGIN IF a > b THEN RETURN a; ELSE RETURN b;END
2025-09-14 15:29:40.298 | LSN:00000253 | SYSTEM       | TXN:1757834980295 |                 | SQL执行失败 | DATA:NEW[批量执行失败: 0/1 成功, 错误: 创建函数失败: 创建函数失败: IF语句不匹配：IF数...] | INFO:SQL: CREATE PERMANENT FUNCTION permanent_max(a INT, b INT) RETURNS INT BEGIN IF a > b THEN RETURN a; ELSE RETURN b;END
2025-09-14 15:29:40.298 | LSN:00000254 | TXN_ABORT    | TXN:1757834980295 |                 | 事务回滚 | INFO:事务ID: 1757834980295
2025-09-14 15:30:15.269 | LSN:00000255 | TXN_START    | TXN:1757835015269 |                 | 事务开始 | INFO:事务ID: 1757835015269
2025-09-14 15:30:15.270 | LSN:00000256 | SYSTEM       | TXN:1757835015269 |                 | SQL执行开始 | INFO:SQL: CREATE PERMANENT FUNCTION permanent_multiply(x INT, y INT) RETURNS INT BEGIN RETURN x * y; END
2025-09-14 15:30:15.271 | LSN:00000257 | SYSTEM       | TXN:1757835015269 |                 | SQL执行失败 | DATA:NEW[批量执行失败: 0/1 成功, 错误: 创建函数失败: 创建函数失败: 函数 'permane...] | INFO:SQL: CREATE PERMANENT FUNCTION permanent_multiply(x INT, y INT) RETURNS INT BEGIN RETURN x * y; END
2025-09-14 15:30:15.272 | LSN:00000258 | TXN_ABORT    | TXN:1757835015269 |                 | 事务回滚 | INFO:事务ID: 1757835015269
2025-09-14 15:31:01.936 | LSN:00000259 | TXN_START    | TXN:1757835061936 |                 | 事务开始 | INFO:事务ID: 1757835061936
2025-09-14 15:31:01.937 | LSN:00000260 | SYSTEM       | TXN:1757835061936 |                 | SQL执行开始 | INFO:SQL: CALL temp_add(5, 3)
2025-09-14 15:31:01.940 | LSN:00000261 | SYSTEM       | TXN:1757835061936 |                 | SQL执行成功 | DATA:NEW[返回 1 条记录] | INFO:SQL: CALL temp_add(5, 3)
2025-09-14 15:31:01.940 | LSN:00000262 | TXN_COMMIT   | TXN:1757835061936 |                 | 事务提交 | INFO:事务ID: 1757835061936
2025-09-14 15:31:05.978 | LSN:00000263 | TXN_START    | TXN:1757835065978 |                 | 事务开始 | INFO:事务ID: 1757835065978
2025-09-14 15:31:05.979 | LSN:00000264 | SYSTEM       | TXN:1757835065978 |                 | SQL执行开始 | INFO:SQL: CALL temp_add(5, 3)
2025-09-14 15:31:05.979 | LSN:00000265 | SYSTEM       | TXN:1757835065978 |                 | SQL执行成功 | DATA:NEW[返回 1 条记录] | INFO:SQL: CALL temp_add(5, 3)
2025-09-14 15:31:05.980 | LSN:00000266 | TXN_COMMIT   | TXN:1757835065978 |                 | 事务提交 | INFO:事务ID: 1757835065978
2025-09-14 15:31:53.553 | LSN:00000267 | TXN_START    | TXN:1757835113553 |                 | 事务开始 | INFO:事务ID: 1757835113553
2025-09-14 15:31:53.554 | LSN:00000268 | SYSTEM       | TXN:1757835113553 |                 | SQL执行开始 | INFO:SQL: CALL permanent_multiply(4, 6)
2025-09-14 15:31:53.555 | LSN:00000269 | SYSTEM       | TXN:1757835113553 |                 | SQL执行成功 | DATA:NEW[返回 1 条记录] | INFO:SQL: CALL permanent_multiply(4, 6)
2025-09-14 15:31:53.556 | LSN:00000270 | TXN_COMMIT   | TXN:1757835113553 |                 | 事务提交 | INFO:事务ID: 1757835113553
2025-09-14 15:32:21.616 | LSN:00000271 | TXN_START    | TXN:1757835141616 |                 | 事务开始 | INFO:事务ID: 1757835141616
2025-09-14 15:32:21.618 | LSN:00000272 | SELECT       | TXN:1757835141616 | __system_functions__ | SQL执行开始 | INFO:SQL: SELECT * FROM __system_functions__
2025-09-14 15:32:21.620 | LSN:00000273 | SELECT       | TXN:1757835141616 | __system_functions__ | SQL执行成功 | DATA:NEW[返回 1 条记录] | INFO:SQL: SELECT * FROM __system_functions__
2025-09-14 15:32:21.620 | LSN:00000274 | TXN_COMMIT   | TXN:1757835141616 |                 | 事务提交 | INFO:事务ID: 1757835141616
2025-09-14 15:40:42.036 | LSN:00000275 | TXN_START    | TXN:1757835642036 |                 | 事务开始 | INFO:事务ID: 1757835642036
2025-09-14 15:40:42.037 | LSN:00000276 | SYSTEM       | TXN:1757835642036 |                 | SQL执行开始 | INFO:SQL: drop function permanent_multiply
2025-09-14 15:40:42.039 | LSN:00000277 | SYSTEM       | TXN:1757835642036 |                 | SQL执行成功 | DATA:NEW[无数据返回] | INFO:SQL: drop function permanent_multiply
2025-09-14 15:40:42.039 | LSN:00000278 | TXN_COMMIT   | TXN:1757835642036 |                 | 事务提交 | INFO:事务ID: 1757835642036
2025-09-14 15:41:06.939 | LSN:00000279 | TXN_START    | TXN:1757835666939 |                 | 事务开始 | INFO:事务ID: 1757835666939
2025-09-14 15:41:06.940 | LSN:00000280 | SELECT       | TXN:1757835666939 | __system_functions__ | SQL执行开始 | INFO:SQL: SELECT * FROM __system_functions__
2025-09-14 15:41:06.941 | LSN:00000281 | SELECT       | TXN:1757835666939 | __system_functions__ | SQL执行成功 | DATA:NEW[返回 0 条记录] | INFO:SQL: SELECT * FROM __system_functions__
2025-09-14 15:41:06.942 | LSN:00000282 | TXN_COMMIT   | TXN:1757835666939 |                 | 事务提交 | INFO:事务ID: 1757835666939
2025-09-14 17:51:15.361 | LSN:00000283 | TXN_START    | TXN:1757843475358 |                 | 事务开始 | INFO:事务ID: 1757843475358
2025-09-14 17:51:15.368 | LSN:00000284 | SYSTEM       | TXN:1757843475358 |                 | SQL执行开始 | INFO:SQL: CREATE FUNCTION add_numbers(a INT, b INT) RETURNS INT BEGIN RETURN a + b; END
2025-09-14 17:51:15.372 | LSN:00000285 | SYSTEM       | TXN:1757843475358 |                 | SQL执行成功 | DATA:NEW[无数据返回] | INFO:SQL: CREATE FUNCTION add_numbers(a INT, b INT) RETURNS INT BEGIN RETURN a + b; END
2025-09-14 17:51:15.372 | LSN:00000286 | TXN_COMMIT   | TXN:1757843475358 |                 | 事务提交 | INFO:事务ID: 1757843475358
2025-09-14 17:51:30.300 | LSN:00000287 | TXN_START    | TXN:1757843490300 |                 | 事务开始 | INFO:事务ID: 1757843490300
2025-09-14 17:51:30.301 | LSN:00000288 | SYSTEM       | TXN:1757843490300 |                 | SQL执行开始 | INFO:SQL: CALL add_numbers(5, 3)
2025-09-14 17:51:30.306 | LSN:00000289 | SYSTEM       | TXN:1757843490300 |                 | SQL执行成功 | DATA:NEW[返回 1 条记录] | INFO:SQL: CALL add_numbers(5, 3)
2025-09-14 17:51:30.307 | LSN:00000290 | TXN_COMMIT   | TXN:1757843490300 |                 | 事务提交 | INFO:事务ID: 1757843490300
2025-09-14 17:51:59.350 | LSN:00000291 | TXN_START    | TXN:1757843519350 |                 | 事务开始 | INFO:事务ID: 1757843519350
2025-09-14 17:51:59.353 | LSN:00000292 | SELECT       | TXN:1757843519350 | __system_functions__; | SQL执行开始 | INFO:SQL: SELECT * FROM __system_functions__;
2025-09-14 17:51:59.357 | LSN:00000293 | SELECT       | TXN:1757843519350 | __system_functions__; | SQL执行成功 | DATA:NEW[返回 0 条记录] | INFO:SQL: SELECT * FROM __system_functions__;
2025-09-14 17:51:59.358 | LSN:00000294 | TXN_COMMIT   | TXN:1757843519350 |                 | 事务提交 | INFO:事务ID: 1757843519350
2025-09-14 17:52:12.222 | LSN:00000295 | TXN_START    | TXN:1757843532222 |                 | 事务开始 | INFO:事务ID: 1757843532222
2025-09-14 17:52:12.223 | LSN:00000296 | SYSTEM       | TXN:1757843532222 |                 | SQL执行开始 | INFO:SQL: DROP FUNCTION add_numbers
2025-09-14 17:52:12.224 | LSN:00000297 | SYSTEM       | TXN:1757843532222 |                 | SQL执行成功 | DATA:NEW[无数据返回] | INFO:SQL: DROP FUNCTION add_numbers
2025-09-14 17:52:12.225 | LSN:00000298 | TXN_COMMIT   | TXN:1757843532222 |                 | 事务提交 | INFO:事务ID: 1757843532222
2025-09-14 17:52:19.212 | LSN:00000299 | TXN_START    | TXN:1757843539212 |                 | 事务开始 | INFO:事务ID: 1757843539212
2025-09-14 17:52:19.212 | LSN:00000300 | SYSTEM       | TXN:1757843539212 |                 | SQL执行开始 | INFO:SQL: DROP FUNCTION add_numbers
2025-09-14 17:52:19.215 | LSN:00000301 | SYSTEM       | TXN:1757843539212 |                 | SQL执行失败 | DATA:NEW[删除函数失败: 删除函数失败: 函数 'add_numbers' 不存在] | INFO:SQL: DROP FUNCTION add_numbers
2025-09-14 17:52:19.216 | LSN:00000302 | TXN_ABORT    | TXN:1757843539212 |                 | 事务回滚 | INFO:事务ID: 1757843539212
2025-09-14 17:52:45.062 | LSN:00000303 | TXN_START    | TXN:1757843565062 |                 | 事务开始 | INFO:事务ID: 1757843565062
2025-09-14 17:52:45.063 | LSN:00000304 | SYSTEM       | TXN:1757843565062 |                 | SQL执行开始 | INFO:SQL: CREATE PERMANENT FUNCTION permanent_multiply(x INT, y INT) RETURNS INT BEGIN RETURN x * y; END
2025-09-14 17:52:45.066 | LSN:00000305 | SYSTEM       | TXN:1757843565062 |                 | SQL执行成功 | DATA:NEW[无数据返回] | INFO:SQL: CREATE PERMANENT FUNCTION permanent_multiply(x INT, y INT) RETURNS INT BEGIN RETURN x * y; END
2025-09-14 17:52:45.067 | LSN:00000306 | TXN_COMMIT   | TXN:1757843565062 |                 | 事务提交 | INFO:事务ID: 1757843565062
2025-09-14 17:52:57.118 | LSN:00000307 | TXN_START    | TXN:1757843577118 |                 | 事务开始 | INFO:事务ID: 1757843577118
2025-09-14 17:52:57.119 | LSN:00000308 | SELECT       | TXN:1757843577118 | __system_functions__; | SQL执行开始 | INFO:SQL: SELECT * FROM __system_functions__;
2025-09-14 17:52:57.134 | LSN:00000309 | SELECT       | TXN:1757843577118 | __system_functions__; | SQL执行成功 | DATA:NEW[返回 1 条记录] | INFO:SQL: SELECT * FROM __system_functions__;
2025-09-14 17:52:57.134 | LSN:00000310 | TXN_COMMIT   | TXN:1757843577118 |                 | 事务提交 | INFO:事务ID: 1757843577118
2025-09-14 17:53:19.423 | LSN:00000311 | TXN_START    | TXN:1757843599423 |                 | 事务开始 | INFO:事务ID: 1757843599423
2025-09-14 17:53:19.425 | LSN:00000312 | SELECT       | TXN:1757843599423 | __system_functions__; | SQL执行开始 | INFO:SQL: SELECT * FROM __system_functions__;
2025-09-14 17:53:19.426 | LSN:00000313 | SELECT       | TXN:1757843599423 | __system_functions__; | SQL执行成功 | DATA:NEW[返回 1 条记录] | INFO:SQL: SELECT * FROM __system_functions__;
2025-09-14 17:53:19.427 | LSN:00000314 | TXN_COMMIT   | TXN:1757843599423 |                 | 事务提交 | INFO:事务ID: 1757843599423
2025-09-14 17:53:59.313 | LSN:00000315 | TXN_START    | TXN:1757843639313 |                 | 事务开始 | INFO:事务ID: 1757843639313
2025-09-14 17:53:59.314 | LSN:00000316 | SYSTEM       | TXN:1757843639313 |                 | SQL执行开始 | INFO:SQL: CREATE PERMANENT FUNCTION permanent_multiply(x INT, y INT) RETURNS INT BEGIN RETURN x * y; END
2025-09-14 17:53:59.316 | LSN:00000317 | SYSTEM       | TXN:1757843639313 |                 | SQL执行失败 | DATA:NEW[批量执行失败: 0/1 成功, 错误: 创建函数失败: 创建函数失败: 函数 'permane...] | INFO:SQL: CREATE PERMANENT FUNCTION permanent_multiply(x INT, y INT) RETURNS INT BEGIN RETURN x * y; END
2025-09-14 17:53:59.316 | LSN:00000318 | TXN_ABORT    | TXN:1757843639313 |                 | 事务回滚 | INFO:事务ID: 1757843639313
2025-09-14 17:54:01.570 | LSN:00000319 | TXN_START    | TXN:1757843641570 |                 | 事务开始 | INFO:事务ID: 1757843641570
2025-09-14 17:54:01.571 | LSN:00000320 | SYSTEM       | TXN:1757843641570 |                 | SQL执行开始 | INFO:SQL: CREATE PERMANENT FUNCTION permanent_multiply(x INT, y INT) RETURNS INT BEGIN RETURN x * y; END
2025-09-14 17:54:01.573 | LSN:00000321 | SYSTEM       | TXN:1757843641570 |                 | SQL执行失败 | DATA:NEW[批量执行失败: 0/1 成功, 错误: 创建函数失败: 创建函数失败: 函数 'permane...] | INFO:SQL: CREATE PERMANENT FUNCTION permanent_multiply(x INT, y INT) RETURNS INT BEGIN RETURN x * y; END
2025-09-14 17:54:01.573 | LSN:00000322 | TXN_ABORT    | TXN:1757843641570 |                 | 事务回滚 | INFO:事务ID: 1757843641570
2025-09-14 17:54:01.791 | LSN:00000323 | TXN_START    | TXN:1757843641791 |                 | 事务开始 | INFO:事务ID: 1757843641791
2025-09-14 17:54:01.792 | LSN:00000324 | SYSTEM       | TXN:1757843641791 |                 | SQL执行开始 | INFO:SQL: CREATE PERMANENT FUNCTION permanent_multiply(x INT, y INT) RETURNS INT BEGIN RETURN x * y; END
2025-09-14 17:54:01.795 | LSN:00000325 | SYSTEM       | TXN:1757843641791 |                 | SQL执行失败 | DATA:NEW[批量执行失败: 0/1 成功, 错误: 创建函数失败: 创建函数失败: 函数 'permane...] | INFO:SQL: CREATE PERMANENT FUNCTION permanent_multiply(x INT, y INT) RETURNS INT BEGIN RETURN x * y; END
2025-09-14 17:54:01.795 | LSN:00000326 | TXN_ABORT    | TXN:1757843641791 |                 | 事务回滚 | INFO:事务ID: 1757843641791
