2025-09-15 20:38:56.894 | LSN:00000001 | TXN_START    | TXN:1757939936894 |                 | 事务开始 | INFO:事务ID: 1757939936894
2025-09-15 20:38:56.895 | LSN:00000002 | CREATE_TABLE | TXN:1757939936894 | student         | SQL执行开始 | INFO:SQL: CREATE TABLE student (
    id INT PRIMARY KEY,
    name VARCHAR(50) NOT NULL,
    age INT,
    grade VARCHAR(20),
    email VARCHAR(100)
);
2025-09-15 20:38:56.904 | LSN:00000003 | CREATE_TABLE | TXN:1757939936894 | student         | SQL执行成功 | DATA:NEW[无数据返回] | INFO:SQL: CREATE TABLE student (
    id INT PRIMARY KEY,
    name VARCHAR(50) NOT NULL,
    age INT,
    grade VARCHAR(20),
    email VARCHAR(100)
);
2025-09-15 20:38:56.905 | LSN:00000004 | TXN_COMMIT   | TXN:1757939936894 |                 | 事务提交 | INFO:事务ID: 1757939936894
2025-09-15 20:39:05.989 | LSN:00000005 | TXN_START    | TXN:1757939945989 |                 | 事务开始 | INFO:事务ID: 1757939945989
2025-09-15 20:39:05.989 | LSN:00000006 | SELECT       | TXN:1757939945989 | student         | SQL执行开始 | INFO:SQL: SELECT * FROM student
2025-09-15 20:39:06.095 | LSN:00000007 | SELECT       | TXN:1757939945989 | student         | SQL执行成功 | DATA:NEW[返回 0 条记录] | INFO:SQL: SELECT * FROM student
2025-09-15 20:39:06.096 | LSN:00000008 | TXN_COMMIT   | TXN:1757939945989 |                 | 事务提交 | INFO:事务ID: 1757939945989
2025-09-15 20:40:14.420 | LSN:00000009 | TXN_START    | TXN:1757940014420 |                 | 事务开始 | INFO:事务ID: 1757940014420
2025-09-15 20:40:14.421 | LSN:00000010 | SELECT       | TXN:1757940014420 | student         | SQL执行开始 | INFO:SQL: SELECT * FROM student
2025-09-15 20:40:14.523 | LSN:00000011 | SELECT       | TXN:1757940014420 | student         | SQL执行成功 | DATA:NEW[返回 0 条记录] | INFO:SQL: SELECT * FROM student
2025-09-15 20:40:14.525 | LSN:00000012 | TXN_COMMIT   | TXN:1757940014420 |                 | 事务提交 | INFO:事务ID: 1757940014420
2025-09-15 20:40:18.573 | LSN:00000013 | TXN_START    | TXN:1757940018573 |                 | 事务开始 | INFO:事务ID: 1757940018573
2025-09-15 20:40:18.574 | LSN:00000014 | SELECT       | TXN:1757940018573 | student         | SQL执行开始 | INFO:SQL: SELECT * FROM student
2025-09-15 20:40:18.677 | LSN:00000015 | SELECT       | TXN:1757940018573 | student         | SQL执行成功 | DATA:NEW[返回 0 条记录] | INFO:SQL: SELECT * FROM student
2025-09-15 20:40:18.677 | LSN:00000016 | TXN_COMMIT   | TXN:1757940018573 |                 | 事务提交 | INFO:事务ID: 1757940018573
2025-09-15 20:40:41.662 | LSN:00000017 | TXN_START    | TXN:1757940041661 |                 | 事务开始 | INFO:事务ID: 1757940041661
2025-09-15 20:40:41.663 | LSN:00000018 | INSERT       | TXN:1757940041661 | student         | SQL执行开始 | INFO:SQL: INSERT INTO student (id, name, age, grade, email) VALUES 
(1, '张三', 20, '大三', 'zhangsan@example.com'),
(2, '李四', 19, '大二', 'lisi@example.com');
2025-09-15 20:40:41.669 | LSN:00000019 | INSERT       | TXN:1757940041661 | student         | SQL执行成功 | DATA:NEW[无数据返回] | INFO:SQL: INSERT INTO student (id, name, age, grade, email) VALUES 
(1, '张三', 20, '大三', 'zhangsan@example.com'),
(2, '李四', 19, '大二', 'lisi@example.com');
2025-09-15 20:40:41.670 | LSN:00000020 | TXN_COMMIT   | TXN:1757940041661 |                 | 事务提交 | INFO:事务ID: 1757940041661
2025-09-15 20:40:55.074 | LSN:00000021 | TXN_START    | TXN:1757940055074 |                 | 事务开始 | INFO:事务ID: 1757940055074
2025-09-15 20:40:55.075 | LSN:00000022 | SELECT       | TXN:1757940055074 | student         | SQL执行开始 | INFO:SQL: SELECT * FROM student
2025-09-15 20:40:55.178 | LSN:00000023 | SELECT       | TXN:1757940055074 | student         | SQL执行成功 | DATA:NEW[返回 2 条记录] | INFO:SQL: SELECT * FROM student
2025-09-15 20:40:55.179 | LSN:00000024 | TXN_COMMIT   | TXN:1757940055074 |                 | 事务提交 | INFO:事务ID: 1757940055074
2025-09-15 20:45:58.477 | LSN:00000025 | TXN_START    | TXN:1757940358475 |                 | 事务开始 | INFO:事务ID: 1757940358475
2025-09-15 20:45:58.484 | LSN:00000026 | SELECT       | TXN:1757940358475 | student         | SQL执行开始 | INFO:SQL: SELECT * FROM student
2025-09-15 20:45:58.592 | LSN:00000027 | SELECT       | TXN:1757940358475 | student         | SQL执行成功 | DATA:NEW[返回 2 条记录] | INFO:SQL: SELECT * FROM student
2025-09-15 20:45:58.594 | LSN:00000028 | TXN_COMMIT   | TXN:1757940358475 |                 | 事务提交 | INFO:事务ID: 1757940358475
2025-09-15 20:52:04.707 | LSN:00000029 | TXN_START    | TXN:1757940724707 |                 | 事务开始 | INFO:事务ID: 1757940724707
2025-09-15 20:52:04.708 | LSN:00000030 | SYSTEM       | TXN:1757940724707 |                 | SQL执行开始 | INFO:SQL: CREATE FUNCTION multiply(x INT, y INT) RETURNS INT BEGIN RETURN x * y; END
2025-09-15 20:52:04.714 | LSN:00000031 | SYSTEM       | TXN:1757940724707 |                 | SQL执行成功 | DATA:NEW[无数据返回] | INFO:SQL: CREATE FUNCTION multiply(x INT, y INT) RETURNS INT BEGIN RETURN x * y; END
2025-09-15 20:52:04.714 | LSN:00000032 | TXN_COMMIT   | TXN:1757940724707 |                 | 事务提交 | INFO:事务ID: 1757940724707
2025-09-15 20:52:34.644 | LSN:00000033 | TXN_START    | TXN:1757940754643 |                 | 事务开始 | INFO:事务ID: 1757940754643
2025-09-15 20:52:34.645 | LSN:00000034 | SYSTEM       | TXN:1757940754643 |                 | SQL执行开始 | INFO:SQL: CREATE FUNCTION multiply(a INT, b INT) RETURNS INT BEGIN RETURN a + b; END
2025-09-15 20:52:34.648 | LSN:00000035 | SYSTEM       | TXN:1757940754643 |                 | SQL执行失败 | DATA:NEW[批量执行失败: 0/1 成功, 错误: 创建函数失败: 创建函数失败: 函数 'multipl...] | INFO:SQL: CREATE FUNCTION multiply(a INT, b INT) RETURNS INT BEGIN RETURN a + b; END
2025-09-15 20:52:34.684 | LSN:00000036 | TXN_ABORT    | TXN:1757940754643 |                 | 事务回滚 | INFO:事务ID: 1757940754643
2025-09-15 20:53:11.437 | LSN:00000037 | TXN_START    | TXN:1757940791437 |                 | 事务开始 | INFO:事务ID: 1757940791437
2025-09-15 20:53:11.438 | LSN:00000038 | SYSTEM       | TXN:1757940791437 |                 | SQL执行开始 | INFO:SQL: CREATE permanent FUNCTION multiply1(a INT, b INT) RETURNS INT BEGIN RETURN a + b; END
2025-09-15 20:53:11.440 | LSN:00000039 | SYSTEM       | TXN:1757940791437 |                 | SQL执行成功 | DATA:NEW[无数据返回] | INFO:SQL: CREATE permanent FUNCTION multiply1(a INT, b INT) RETURNS INT BEGIN RETURN a + b; END
2025-09-15 20:53:11.441 | LSN:00000040 | TXN_COMMIT   | TXN:1757940791437 |                 | 事务提交 | INFO:事务ID: 1757940791437
