2025-09-15 20:26:57.929 | LSN:00000001 | TXN_START    | TXN:1757939217928 |                 | 事务开始 | INFO:事务ID: 1757939217928
2025-09-15 20:26:57.937 | LSN:00000002 | SELECT       | TXN:1757939217928 | student         | SQL执行开始 | INFO:SQL: SELECT * FROM student
2025-09-15 20:26:58.049 | LSN:00000003 | SELECT       | TXN:1757939217928 | student         | SQL执行成功 | DATA:NEW[返回 8 条记录] | INFO:SQL: SELECT * FROM student
2025-09-15 20:26:58.050 | LSN:00000004 | TXN_COMMIT   | TXN:1757939217928 |                 | 事务提交 | INFO:事务ID: 1757939217928
2025-09-15 20:26:59.265 | LSN:00000005 | TXN_START    | TXN:1757939219265 |                 | 事务开始 | INFO:事务ID: 1757939219265
2025-09-15 20:26:59.276 | LSN:00000006 | SELECT       | TXN:1757939219265 | test_unified    | SQL执行开始 | INFO:SQL: SELECT * FROM test_unified
2025-09-15 20:26:59.380 | LSN:00000007 | SELECT       | TXN:1757939219265 | test_unified    | SQL执行成功 | DATA:NEW[返回 1 条记录] | INFO:SQL: SELECT * FROM test_unified
2025-09-15 20:26:59.382 | LSN:00000008 | TXN_COMMIT   | TXN:1757939219265 |                 | 事务提交 | INFO:事务ID: 1757939219265
2025-09-15 20:35:28.143 | LSN:00000009 | TXN_START    | TXN:1757939728141 |                 | 事务开始 | INFO:事务ID: 1757939728141
2025-09-15 20:35:28.151 | LSN:00000010 | SELECT       | TXN:1757939728141 | test_logging    | SQL执行开始 | INFO:SQL: SELECT * FROM test_logging
2025-09-15 20:35:28.257 | LSN:00000011 | SELECT       | TXN:1757939728141 | test_logging    | SQL执行成功 | DATA:NEW[返回 0 条记录] | INFO:SQL: SELECT * FROM test_logging
2025-09-15 20:35:28.259 | LSN:00000012 | TXN_COMMIT   | TXN:1757939728141 |                 | 事务提交 | INFO:事务ID: 1757939728141
2025-09-15 20:35:30.674 | LSN:00000013 | TXN_START    | TXN:1757939730674 |                 | 事务开始 | INFO:事务ID: 1757939730674
2025-09-15 20:35:30.675 | LSN:00000014 | SELECT       | TXN:1757939730674 | test_unified    | SQL执行开始 | INFO:SQL: SELECT * FROM test_unified
2025-09-15 20:35:30.784 | LSN:00000015 | SELECT       | TXN:1757939730674 | test_unified    | SQL执行成功 | DATA:NEW[返回 1 条记录] | INFO:SQL: SELECT * FROM test_unified
2025-09-15 20:35:30.785 | LSN:00000016 | TXN_COMMIT   | TXN:1757939730674 |                 | 事务提交 | INFO:事务ID: 1757939730674
2025-09-15 20:35:32.108 | LSN:00000017 | TXN_START    | TXN:1757939732108 |                 | 事务开始 | INFO:事务ID: 1757939732108
2025-09-15 20:35:32.109 | LSN:00000018 | SELECT       | TXN:1757939732108 | test_integration | SQL执行开始 | INFO:SQL: SELECT * FROM test_integration
2025-09-15 20:35:32.213 | LSN:00000019 | SELECT       | TXN:1757939732108 | test_integration | SQL执行成功 | DATA:NEW[返回 0 条记录] | INFO:SQL: SELECT * FROM test_integration
2025-09-15 20:35:32.214 | LSN:00000020 | TXN_COMMIT   | TXN:1757939732108 |                 | 事务提交 | INFO:事务ID: 1757939732108
2025-09-15 20:35:34.456 | LSN:00000021 | TXN_START    | TXN:1757939734456 |                 | 事务开始 | INFO:事务ID: 1757939734456
2025-09-15 20:35:34.457 | LSN:00000022 | SELECT       | TXN:1757939734456 | test_logging    | SQL执行开始 | INFO:SQL: SELECT * FROM test_logging
2025-09-15 20:35:34.560 | LSN:00000023 | SELECT       | TXN:1757939734456 | test_logging    | SQL执行成功 | DATA:NEW[返回 0 条记录] | INFO:SQL: SELECT * FROM test_logging
2025-09-15 20:35:34.561 | LSN:00000024 | TXN_COMMIT   | TXN:1757939734456 |                 | 事务提交 | INFO:事务ID: 1757939734456
2025-09-15 20:35:38.475 | LSN:00000025 | TXN_START    | TXN:1757939738475 |                 | 事务开始 | INFO:事务ID: 1757939738475
2025-09-15 20:35:38.476 | LSN:00000026 | SELECT       | TXN:1757939738475 | products        | SQL执行开始 | INFO:SQL: SELECT * FROM products
2025-09-15 20:35:38.587 | LSN:00000027 | SELECT       | TXN:1757939738475 | products        | SQL执行成功 | DATA:NEW[返回 6 条记录] | INFO:SQL: SELECT * FROM products
2025-09-15 20:35:38.587 | LSN:00000028 | TXN_COMMIT   | TXN:1757939738475 |                 | 事务提交 | INFO:事务ID: 1757939738475
2025-09-15 20:46:36.279 | LSN:00000029 | TXN_START    | TXN:1757940396279 |                 | 事务开始 | INFO:事务ID: 1757940396279
2025-09-15 20:46:36.280 | LSN:00000030 | SELECT       | TXN:1757940396279 | test_unified    | SQL执行开始 | INFO:SQL: SELECT * FROM test_unified
2025-09-15 20:46:36.383 | LSN:00000031 | SELECT       | TXN:1757940396279 | test_unified    | SQL执行成功 | DATA:NEW[返回 1 条记录] | INFO:SQL: SELECT * FROM test_unified
2025-09-15 20:46:36.384 | LSN:00000032 | TXN_COMMIT   | TXN:1757940396279 |                 | 事务提交 | INFO:事务ID: 1757940396279
2025-09-15 20:46:37.526 | LSN:00000033 | TXN_START    | TXN:1757940397526 |                 | 事务开始 | INFO:事务ID: 1757940397526
2025-09-15 20:46:37.527 | LSN:00000034 | SELECT       | TXN:1757940397526 | enrollments     | SQL执行开始 | INFO:SQL: SELECT * FROM enrollments
2025-09-15 20:46:37.633 | LSN:00000035 | SELECT       | TXN:1757940397526 | enrollments     | SQL执行成功 | DATA:NEW[返回 9 条记录] | INFO:SQL: SELECT * FROM enrollments
2025-09-15 20:46:37.634 | LSN:00000036 | TXN_COMMIT   | TXN:1757940397526 |                 | 事务提交 | INFO:事务ID: 1757940397526
2025-09-15 21:19:39.777 | LSN:00000037 | TXN_START    | TXN:1757942379776 |                 | 事务开始 | INFO:事务ID: 1757942379776
2025-09-15 21:19:39.780 | LSN:00000038 | SELECT       | TXN:1757942379776 | products        | SQL执行开始 | INFO:SQL: SELECT * FROM products
2025-09-15 21:19:39.905 | LSN:00000039 | SELECT       | TXN:1757942379776 | products        | SQL执行成功 | DATA:NEW[返回 6 条记录] | INFO:SQL: SELECT * FROM products
2025-09-15 21:19:39.905 | LSN:00000040 | TXN_COMMIT   | TXN:1757942379776 |                 | 事务提交 | INFO:事务ID: 1757942379776
2025-09-15 21:25:48.208 | LSN:00000041 | TXN_START    | TXN:1757942748207 |                 | 事务开始 | INFO:事务ID: 1757942748207
2025-09-15 21:25:48.211 | LSN:00000042 | SELECT       | TXN:1757942748207 | orders          | SQL执行开始 | INFO:SQL: SELECT * FROM orders
2025-09-15 21:25:48.328 | LSN:00000043 | SELECT       | TXN:1757942748207 | orders          | SQL执行成功 | DATA:NEW[返回 7 条记录] | INFO:SQL: SELECT * FROM orders
2025-09-15 21:25:48.330 | LSN:00000044 | TXN_COMMIT   | TXN:1757942748207 |                 | 事务提交 | INFO:事务ID: 1757942748207
2025-09-15 21:29:25.323 | LSN:00000045 | TXN_START    | TXN:1757942965321 |                 | 事务开始 | INFO:事务ID: 1757942965321
2025-09-15 21:29:25.337 | LSN:00000046 | SELECT       | TXN:1757942965321 | products        | SQL执行开始 | INFO:SQL: SELECT * FROM products LIMIT 1
2025-09-15 21:29:25.498 | LSN:00000047 | SELECT       | TXN:1757942965321 | products        | SQL执行成功 | DATA:NEW[返回 1 条记录] | INFO:SQL: SELECT * FROM products LIMIT 1
2025-09-15 21:29:25.500 | LSN:00000048 | TXN_COMMIT   | TXN:1757942965321 |                 | 事务提交 | INFO:事务ID: 1757942965321
2025-09-15 21:29:25.502 | LSN:00000049 | TXN_START    | TXN:1757942965502 |                 | 事务开始 | INFO:事务ID: 1757942965502
2025-09-15 21:29:25.503 | LSN:00000050 | SYSTEM       | TXN:1757942965502 |                 | SQL执行开始 | INFO:SQL: CREATE SHARD products BY supplier USING RANGE (4)
2025-09-15 21:29:25.529 | LSN:00000051 | SYSTEM       | TXN:1757942965502 |                 | SQL执行成功 | DATA:NEW[无数据返回] | INFO:SQL: CREATE SHARD products BY supplier USING RANGE (4)
2025-09-15 21:29:25.530 | LSN:00000052 | TXN_COMMIT   | TXN:1757942965502 |                 | 事务提交 | INFO:事务ID: 1757942965502
2025-09-15 21:35:31.480 | LSN:00000053 | TXN_START    | TXN:1757943331478 |                 | 事务开始 | INFO:事务ID: 1757943331478
2025-09-15 21:35:31.483 | LSN:00000054 | SELECT       | TXN:1757943331478 | products        | SQL执行开始 | INFO:SQL: SELECT * FROM products
2025-09-15 21:35:31.611 | LSN:00000055 | SELECT       | TXN:1757943331478 | products        | SQL执行成功 | DATA:NEW[返回 6 条记录] | INFO:SQL: SELECT * FROM products
2025-09-15 21:35:31.616 | LSN:00000056 | TXN_COMMIT   | TXN:1757943331478 |                 | 事务提交 | INFO:事务ID: 1757943331478
2025-09-15 21:36:08.868 | LSN:00000057 | TXN_START    | TXN:1757943368868 |                 | 事务开始 | INFO:事务ID: 1757943368868
2025-09-15 21:36:08.869 | LSN:00000058 | SELECT       | TXN:1757943368868 | products        | SQL执行开始 | INFO:SQL: SELECT * FROM products
2025-09-15 21:36:08.992 | LSN:00000059 | SELECT       | TXN:1757943368868 | products        | SQL执行成功 | DATA:NEW[返回 6 条记录] | INFO:SQL: SELECT * FROM products
2025-09-15 21:36:08.993 | LSN:00000060 | TXN_COMMIT   | TXN:1757943368868 |                 | 事务提交 | INFO:事务ID: 1757943368868
2025-09-15 21:36:13.998 | LSN:00000061 | TXN_START    | TXN:1757943373998 |                 | 事务开始 | INFO:事务ID: 1757943373998
2025-09-15 21:36:13.999 | LSN:00000062 | DROP_TABLE   | TXN:1757943373998 | products        | SQL执行开始 | INFO:SQL: DROP TABLE products
2025-09-15 21:36:14.004 | LSN:00000063 | DROP_TABLE   | TXN:1757943373998 | products        | SQL执行成功 | DATA:NEW[无数据返回] | INFO:SQL: DROP TABLE products
2025-09-15 21:36:14.005 | LSN:00000064 | TXN_COMMIT   | TXN:1757943373998 |                 | 事务提交 | INFO:事务ID: 1757943373998
2025-09-15 21:36:31.883 | LSN:00000065 | TXN_START    | TXN:1757943391883 |                 | 事务开始 | INFO:事务ID: 1757943391883
2025-09-15 21:36:31.884 | LSN:00000066 | DROP_TABLE   | TXN:1757943391883 | if              | SQL执行开始 | INFO:SQL: DROP TABLE IF EXISTS products;
2025-09-15 21:36:31.889 | LSN:00000067 | DROP_TABLE   | TXN:1757943391883 | if              | SQL执行成功 | DATA:NEW[无数据返回] | INFO:SQL: DROP TABLE IF EXISTS products;
2025-09-15 21:36:31.889 | LSN:00000068 | TXN_COMMIT   | TXN:1757943391883 |                 | 事务提交 | INFO:事务ID: 1757943391883
2025-09-15 21:36:31.890 | LSN:00000069 | TXN_START    | TXN:1757943391890 |                 | 事务开始 | INFO:事务ID: 1757943391890
2025-09-15 21:36:31.891 | LSN:00000070 | CREATE_TABLE | TXN:1757943391890 | products        | SQL执行开始 | INFO:SQL: CREATE TABLE products (
);
2025-09-15 21:36:31.899 | LSN:00000071 | CREATE_TABLE | TXN:1757943391890 | products        | SQL执行成功 | DATA:NEW[无数据返回] | INFO:SQL: CREATE TABLE products (
);
2025-09-15 21:36:31.900 | LSN:00000072 | TXN_COMMIT   | TXN:1757943391890 |                 | 事务提交 | INFO:事务ID: 1757943391890
2025-09-15 21:36:31.901 | LSN:00000073 | TXN_START    | TXN:1757943391901 |                 | 事务开始 | INFO:事务ID: 1757943391901
2025-09-15 21:36:31.902 | LSN:00000074 | INSERT       | TXN:1757943391901 | products        | SQL执行开始 | INFO:SQL: INSERT INTO products () VALUES ();
2025-09-15 21:36:31.905 | LSN:00000075 | INSERT       | TXN:1757943391901 | products        | SQL执行失败 | DATA:NEW[表 products () 不存在] | INFO:SQL: INSERT INTO products () VALUES ();
2025-09-15 21:36:31.941 | LSN:00000076 | TXN_ABORT    | TXN:1757943391901 |                 | 事务回滚 | INFO:事务ID: 1757943391901
2025-09-15 21:36:31.942 | LSN:00000077 | TXN_START    | TXN:1757943391942 |                 | 事务开始 | INFO:事务ID: 1757943391942
2025-09-15 21:36:31.942 | LSN:00000078 | INSERT       | TXN:1757943391942 | products        | SQL执行开始 | INFO:SQL: INSERT INTO products () VALUES ();
2025-09-15 21:36:31.946 | LSN:00000079 | INSERT       | TXN:1757943391942 | products        | SQL执行失败 | DATA:NEW[表 products () 不存在] | INFO:SQL: INSERT INTO products () VALUES ();
2025-09-15 21:36:31.961 | LSN:00000080 | TXN_ABORT    | TXN:1757943391942 |                 | 事务回滚 | INFO:事务ID: 1757943391942
2025-09-15 21:36:31.963 | LSN:00000081 | TXN_START    | TXN:1757943391963 |                 | 事务开始 | INFO:事务ID: 1757943391963
2025-09-15 21:36:31.964 | LSN:00000082 | INSERT       | TXN:1757943391963 | products        | SQL执行开始 | INFO:SQL: INSERT INTO products () VALUES ();
2025-09-15 21:36:31.966 | LSN:00000083 | INSERT       | TXN:1757943391963 | products        | SQL执行失败 | DATA:NEW[表 products () 不存在] | INFO:SQL: INSERT INTO products () VALUES ();
2025-09-15 21:36:31.982 | LSN:00000084 | TXN_ABORT    | TXN:1757943391963 |                 | 事务回滚 | INFO:事务ID: 1757943391963
2025-09-15 21:36:31.983 | LSN:00000085 | TXN_START    | TXN:1757943391983 |                 | 事务开始 | INFO:事务ID: 1757943391983
2025-09-15 21:36:31.984 | LSN:00000086 | INSERT       | TXN:1757943391983 | products        | SQL执行开始 | INFO:SQL: INSERT INTO products () VALUES ();
2025-09-15 21:36:31.987 | LSN:00000087 | INSERT       | TXN:1757943391983 | products        | SQL执行失败 | DATA:NEW[表 products () 不存在] | INFO:SQL: INSERT INTO products () VALUES ();
2025-09-15 21:36:32.005 | LSN:00000088 | TXN_ABORT    | TXN:1757943391983 |                 | 事务回滚 | INFO:事务ID: 1757943391983
2025-09-15 21:36:32.006 | LSN:00000089 | TXN_START    | TXN:1757943392006 |                 | 事务开始 | INFO:事务ID: 1757943392006
2025-09-15 21:36:32.006 | LSN:00000090 | INSERT       | TXN:1757943392006 | products        | SQL执行开始 | INFO:SQL: INSERT INTO products () VALUES ();
2025-09-15 21:36:32.009 | LSN:00000091 | INSERT       | TXN:1757943392006 | products        | SQL执行失败 | DATA:NEW[表 products () 不存在] | INFO:SQL: INSERT INTO products () VALUES ();
2025-09-15 21:36:32.023 | LSN:00000092 | TXN_ABORT    | TXN:1757943392006 |                 | 事务回滚 | INFO:事务ID: 1757943392006
2025-09-15 21:36:32.024 | LSN:00000093 | TXN_START    | TXN:1757943392024 |                 | 事务开始 | INFO:事务ID: 1757943392024
2025-09-15 21:36:32.025 | LSN:00000094 | INSERT       | TXN:1757943392024 | products        | SQL执行开始 | INFO:SQL: INSERT INTO products () VALUES ();
2025-09-15 21:36:32.027 | LSN:00000095 | INSERT       | TXN:1757943392024 | products        | SQL执行失败 | DATA:NEW[表 products () 不存在] | INFO:SQL: INSERT INTO products () VALUES ();
2025-09-15 21:36:32.041 | LSN:00000096 | TXN_ABORT    | TXN:1757943392024 |                 | 事务回滚 | INFO:事务ID: 1757943392024
2025-09-15 21:36:36.170 | LSN:00000097 | TXN_START    | TXN:1757943396169 |                 | 事务开始 | INFO:事务ID: 1757943396169
2025-09-15 21:36:36.171 | LSN:00000098 | SELECT       | TXN:1757943396169 | products        | SQL执行开始 | INFO:SQL: SELECT * FROM products
2025-09-15 21:36:36.280 | LSN:00000099 | SELECT       | TXN:1757943396169 | products        | SQL执行成功 | DATA:NEW[返回 0 条记录] | INFO:SQL: SELECT * FROM products
2025-09-15 21:36:36.281 | LSN:00000100 | TXN_COMMIT   | TXN:1757943396169 |                 | 事务提交 | INFO:事务ID: 1757943396169
2025-09-15 21:38:23.061 | LSN:00000101 | TXN_START    | TXN:1757943503061 |                 | 事务开始 | INFO:事务ID: 1757943503061
2025-09-15 21:38:23.062 | LSN:00000102 | CREATE_TABLE | TXN:1757943503061 | dog(name        | SQL执行开始 | INFO:SQL: CREATE table dog(name int,id int);
2025-09-15 21:38:23.095 | LSN:00000103 | CREATE_TABLE | TXN:1757943503061 | dog(name        | SQL执行成功 | DATA:NEW[无数据返回] | INFO:SQL: CREATE table dog(name int,id int);
2025-09-15 21:38:23.096 | LSN:00000104 | TXN_COMMIT   | TXN:1757943503061 |                 | 事务提交 | INFO:事务ID: 1757943503061
2025-09-15 21:38:29.156 | LSN:00000105 | TXN_START    | TXN:1757943509156 |                 | 事务开始 | INFO:事务ID: 1757943509156
2025-09-15 21:38:29.157 | LSN:00000106 | SELECT       | TXN:1757943509156 | dog             | SQL执行开始 | INFO:SQL: SELECT * FROM dog
2025-09-15 21:38:29.183 | LSN:00000107 | SELECT       | TXN:1757943509156 | dog             | SQL执行成功 | DATA:NEW[返回 0 条记录] | INFO:SQL: SELECT * FROM dog
2025-09-15 21:38:29.184 | LSN:00000108 | TXN_COMMIT   | TXN:1757943509156 |                 | 事务提交 | INFO:事务ID: 1757943509156
2025-09-15 21:51:17.242 | LSN:00000109 | TXN_START    | TXN:1757944277242 |                 | 事务开始 | INFO:事务ID: 1757944277242
2025-09-15 21:51:17.243 | LSN:00000110 | SELECT       | TXN:1757944277242 | products        | SQL执行开始 | INFO:SQL: SELECT * FROM products
2025-09-15 21:51:17.350 | LSN:00000111 | SELECT       | TXN:1757944277242 | products        | SQL执行成功 | DATA:NEW[返回 0 条记录] | INFO:SQL: SELECT * FROM products
2025-09-15 21:51:17.351 | LSN:00000112 | TXN_COMMIT   | TXN:1757944277242 |                 | 事务提交 | INFO:事务ID: 1757944277242
2025-09-15 21:51:28.558 | LSN:00000113 | TXN_START    | TXN:1757944288558 |                 | 事务开始 | INFO:事务ID: 1757944288558
2025-09-15 21:51:28.559 | LSN:00000114 | DROP_TABLE   | TXN:1757944288558 | products        | SQL执行开始 | INFO:SQL: DROP TABLE products
2025-09-15 21:51:28.562 | LSN:00000115 | DROP_TABLE   | TXN:1757944288558 | products        | SQL执行成功 | DATA:NEW[无数据返回] | INFO:SQL: DROP TABLE products
2025-09-15 21:51:28.562 | LSN:00000116 | TXN_COMMIT   | TXN:1757944288558 |                 | 事务提交 | INFO:事务ID: 1757944288558
2025-09-15 21:51:39.050 | LSN:00000117 | TXN_START    | TXN:1757944299050 |                 | 事务开始 | INFO:事务ID: 1757944299050
2025-09-15 21:51:39.051 | LSN:00000118 | SELECT       | TXN:1757944299050 | orders          | SQL执行开始 | INFO:SQL: SELECT * FROM orders
2025-09-15 21:51:39.181 | LSN:00000119 | SELECT       | TXN:1757944299050 | orders          | SQL执行成功 | DATA:NEW[返回 7 条记录] | INFO:SQL: SELECT * FROM orders
2025-09-15 21:51:39.182 | LSN:00000120 | TXN_COMMIT   | TXN:1757944299050 |                 | 事务提交 | INFO:事务ID: 1757944299050
2025-09-15 21:51:42.863 | LSN:00000121 | TXN_START    | TXN:1757944302863 |                 | 事务开始 | INFO:事务ID: 1757944302863
2025-09-15 21:51:42.863 | LSN:00000122 | SELECT       | TXN:1757944302863 | newtable        | SQL执行开始 | INFO:SQL: SELECT * FROM newtable
2025-09-15 21:51:42.980 | LSN:00000123 | SELECT       | TXN:1757944302863 | newtable        | SQL执行成功 | DATA:NEW[返回 2 条记录] | INFO:SQL: SELECT * FROM newtable
2025-09-15 21:51:42.981 | LSN:00000124 | TXN_COMMIT   | TXN:1757944302863 |                 | 事务提交 | INFO:事务ID: 1757944302863
2025-09-15 21:52:50.890 | LSN:00000125 | TXN_START    | TXN:1757944370890 |                 | 事务开始 | INFO:事务ID: 1757944370890
2025-09-15 21:52:50.892 | LSN:00000126 | SELECT       | TXN:1757944370890 | users           | SQL执行开始 | INFO:SQL: SELECT * FROM users
2025-09-15 21:52:51.005 | LSN:00000127 | SELECT       | TXN:1757944370890 | users           | SQL执行成功 | DATA:NEW[返回 16 条记录] | INFO:SQL: SELECT * FROM users
2025-09-15 21:52:51.005 | LSN:00000128 | TXN_COMMIT   | TXN:1757944370890 |                 | 事务提交 | INFO:事务ID: 1757944370890
2025-09-15 21:53:16.021 | LSN:00000129 | TXN_START    | TXN:1757944396021 |                 | 事务开始 | INFO:事务ID: 1757944396021
2025-09-15 21:53:16.022 | LSN:00000130 | DROP_TABLE   | TXN:1757944396021 | users           | SQL执行开始 | INFO:SQL: DROP TABLE users
2025-09-15 21:53:16.024 | LSN:00000131 | DROP_TABLE   | TXN:1757944396021 | users           | SQL执行成功 | DATA:NEW[无数据返回] | INFO:SQL: DROP TABLE users
2025-09-15 21:53:16.025 | LSN:00000132 | TXN_COMMIT   | TXN:1757944396021 |                 | 事务提交 | INFO:事务ID: 1757944396021
2025-09-15 21:53:49.430 | LSN:00000133 | TXN_START    | TXN:1757944429430 |                 | 事务开始 | INFO:事务ID: 1757944429430
2025-09-15 21:53:49.430 | LSN:00000134 | CREATE_TABLE | TXN:1757944429430 | users           | SQL执行开始 | INFO:SQL: CREATE TABLE users (
    id INT PRIMARY KEY,
    name VARCHAR(50),
    email VARCHAR(100),
    age INT,
    city VARCHAR(50)
);
2025-09-15 21:53:49.476 | LSN:00000135 | CREATE_TABLE | TXN:1757944429430 | users           | SQL执行成功 | DATA:NEW[无数据返回] | INFO:SQL: CREATE TABLE users (
    id INT PRIMARY KEY,
    name VARCHAR(50),
    email VARCHAR(100),
    age INT,
    city VARCHAR(50)
);
2025-09-15 21:53:49.477 | LSN:00000136 | TXN_COMMIT   | TXN:1757944429430 |                 | 事务提交 | INFO:事务ID: 1757944429430
2025-09-15 22:59:14.409 | LSN:00000137 | TXN_START    | TXN:1757948354408 |                 | 事务开始 | INFO:事务ID: 1757948354408
2025-09-15 22:59:14.414 | LSN:00000138 | SELECT       | TXN:1757948354408 | users           | SQL执行开始 | INFO:SQL: SELECT * FROM users
2025-09-15 22:59:14.432 | LSN:00000139 | SELECT       | TXN:1757948354408 | users           | SQL执行成功 | DATA:NEW[返回 0 条记录] | INFO:SQL: SELECT * FROM users
2025-09-15 22:59:14.433 | LSN:00000140 | TXN_COMMIT   | TXN:1757948354408 |                 | 事务提交 | INFO:事务ID: 1757948354408
2025-09-15 22:59:32.706 | LSN:00000141 | TXN_START    | TXN:1757948372706 |                 | 事务开始 | INFO:事务ID: 1757948372706
2025-09-15 22:59:32.706 | LSN:00000142 | DROP_TABLE   | TXN:1757948372706 | users           | SQL执行开始 | INFO:SQL: DROP TABLE users
2025-09-15 22:59:32.710 | LSN:00000143 | DROP_TABLE   | TXN:1757948372706 | users           | SQL执行成功 | DATA:NEW[无数据返回] | INFO:SQL: DROP TABLE users
2025-09-15 22:59:32.711 | LSN:00000144 | TXN_COMMIT   | TXN:1757948372706 |                 | 事务提交 | INFO:事务ID: 1757948372706
2025-09-15 22:59:48.336 | LSN:00000145 | TXN_START    | TXN:1757948388336 |                 | 事务开始 | INFO:事务ID: 1757948388336
2025-09-15 22:59:48.336 | LSN:00000146 | CREATE_TABLE | TXN:1757948388336 | users           | SQL执行开始 | INFO:SQL: CREATE TABLE users (
    id INT PRIMARY KEY,
    name VARCHAR(50),
    email VARCHAR(100),
    age INT,
    city VARCHAR(50)
);
2025-09-15 22:59:48.379 | LSN:00000147 | CREATE_TABLE | TXN:1757948388336 | users           | SQL执行成功 | DATA:NEW[无数据返回] | INFO:SQL: CREATE TABLE users (
    id INT PRIMARY KEY,
    name VARCHAR(50),
    email VARCHAR(100),
    age INT,
    city VARCHAR(50)
);
2025-09-15 22:59:48.380 | LSN:00000148 | TXN_COMMIT   | TXN:1757948388336 |                 | 事务提交 | INFO:事务ID: 1757948388336
2025-09-15 23:00:11.434 | LSN:00000149 | TXN_START    | TXN:1757948411434 |                 | 事务开始 | INFO:事务ID: 1757948411434
2025-09-15 23:00:11.435 | LSN:00000150 | INSERT       | TXN:1757948411434 | users           | SQL执行开始 | INFO:SQL: INSERT INTO users VALUES (1, '张三', 'zhangsan@email.com', 25, '北京');
INSERT INTO users VALUES (2, '李四', 'lisi@email.com', 30, '上海');
INSERT INTO users VALUES (3, '王五', 'wangwu@email.com', 28, '广州');
INSERT INTO users VALUES (4, '赵六', 'zhaoliu@email.com', 35, '深圳');
INSERT INTO users VALUES (5, '钱七', 'qianqi@email.com', 22, '杭州');
INSERT INTO users VALUES (6, '孙八', 'sunba@email.com', 29, '南京');
INSERT INTO users VALUES (7, '周九', 'zhoujiu@email.com', 31, '武汉');
INSERT INTO users VALUES (8, '吴十', 'wushi@email.com', 27, '成都');
2025-09-15 23:00:11.456 | LSN:00000151 | INSERT       | TXN:1757948411434 | users           | SQL执行成功 | DATA:NEW[无数据返回] | INFO:SQL: INSERT INTO users VALUES (1, '张三', 'zhangsan@email.com', 25, '北京');
INSERT INTO users VALUES (2, '李四', 'lisi@email.com', 30, '上海');
INSERT INTO users VALUES (3, '王五', 'wangwu@email.com', 28, '广州');
INSERT INTO users VALUES (4, '赵六', 'zhaoliu@email.com', 35, '深圳');
INSERT INTO users VALUES (5, '钱七', 'qianqi@email.com', 22, '杭州');
INSERT INTO users VALUES (6, '孙八', 'sunba@email.com', 29, '南京');
INSERT INTO users VALUES (7, '周九', 'zhoujiu@email.com', 31, '武汉');
INSERT INTO users VALUES (8, '吴十', 'wushi@email.com', 27, '成都');
2025-09-15 23:00:11.456 | LSN:00000152 | TXN_COMMIT   | TXN:1757948411434 |                 | 事务提交 | INFO:事务ID: 1757948411434
2025-09-15 23:00:20.557 | LSN:00000153 | TXN_START    | TXN:1757948420557 |                 | 事务开始 | INFO:事务ID: 1757948420557
2025-09-15 23:00:20.558 | LSN:00000154 | SELECT       | TXN:1757948420557 | users           | SQL执行开始 | INFO:SQL: SELECT * FROM users
2025-09-15 23:00:20.593 | LSN:00000155 | SELECT       | TXN:1757948420557 | users           | SQL执行成功 | DATA:NEW[返回 8 条记录] | INFO:SQL: SELECT * FROM users
2025-09-15 23:00:20.593 | LSN:00000156 | TXN_COMMIT   | TXN:1757948420557 |                 | 事务提交 | INFO:事务ID: 1757948420557
2025-09-15 23:02:54.586 | LSN:00000157 | TXN_START    | TXN:1757948574586 |                 | 事务开始 | INFO:事务ID: 1757948574586
2025-09-15 23:02:54.587 | LSN:00000158 | SYSTEM       | TXN:1757948574586 |                 | SQL执行开始 | INFO:SQL: CREATE SHARD users BY id USING HASH (4)
2025-09-15 23:02:54.596 | LSN:00000159 | SYSTEM       | TXN:1757948574586 |                 | SQL执行成功 | DATA:NEW[无数据返回] | INFO:SQL: CREATE SHARD users BY id USING HASH (4)
2025-09-15 23:02:54.596 | LSN:00000160 | TXN_COMMIT   | TXN:1757948574586 |                 | 事务提交 | INFO:事务ID: 1757948574586
2025-09-15 23:04:25.586 | LSN:00000161 | TXN_START    | TXN:1757948665586 |                 | 事务开始 | INFO:事务ID: 1757948665586
2025-09-15 23:04:25.586 | LSN:00000162 | DROP_TABLE   | TXN:1757948665586 | users           | SQL执行开始 | INFO:SQL: DROP TABLE users
2025-09-15 23:04:25.589 | LSN:00000163 | DROP_TABLE   | TXN:1757948665586 | users           | SQL执行成功 | DATA:NEW[无数据返回] | INFO:SQL: DROP TABLE users
2025-09-15 23:04:25.590 | LSN:00000164 | TXN_COMMIT   | TXN:1757948665586 |                 | 事务提交 | INFO:事务ID: 1757948665586
2025-09-15 23:05:26.974 | LSN:00000165 | TXN_START    | TXN:1757948726973 |                 | 事务开始 | INFO:事务ID: 1757948726973
2025-09-15 23:05:26.977 | LSN:00000166 | CREATE_TABLE | TXN:1757948726973 | users           | SQL执行开始 | INFO:SQL: CREATE TABLE users (
    id INT PRIMARY KEY,
    name VARCHAR(50),
    email VARCHAR(100),
    age INT,
    city VARCHAR(50)
);
2025-09-15 23:05:27.027 | LSN:00000167 | CREATE_TABLE | TXN:1757948726973 | users           | SQL执行成功 | DATA:NEW[无数据返回] | INFO:SQL: CREATE TABLE users (
    id INT PRIMARY KEY,
    name VARCHAR(50),
    email VARCHAR(100),
    age INT,
    city VARCHAR(50)
);
2025-09-15 23:05:27.028 | LSN:00000168 | TXN_COMMIT   | TXN:1757948726973 |                 | 事务提交 | INFO:事务ID: 1757948726973
2025-09-15 23:05:42.575 | LSN:00000169 | TXN_START    | TXN:1757948742575 |                 | 事务开始 | INFO:事务ID: 1757948742575
2025-09-15 23:05:42.577 | LSN:00000170 | INSERT       | TXN:1757948742575 | users           | SQL执行开始 | INFO:SQL: INSERT INTO users VALUES (1, '张三', 'zhangsan@email.com', 25, '北京');
INSERT INTO users VALUES (2, '李四', 'lisi@email.com', 30, '上海');
INSERT INTO users VALUES (3, '王五', 'wangwu@email.com', 28, '广州');
INSERT INTO users VALUES (4, '赵六', 'zhaoliu@email.com', 35, '深圳');
INSERT INTO users VALUES (5, '钱七', 'qianqi@email.com', 22, '杭州');
INSERT INTO users VALUES (6, '孙八', 'sunba@email.com', 29, '南京');
INSERT INTO users VALUES (7, '周九', 'zhoujiu@email.com', 31, '武汉');
INSERT INTO users VALUES (8, '吴十', 'wushi@email.com', 27, '成都');
2025-09-15 23:05:42.599 | LSN:00000171 | INSERT       | TXN:1757948742575 | users           | SQL执行成功 | DATA:NEW[无数据返回] | INFO:SQL: INSERT INTO users VALUES (1, '张三', 'zhangsan@email.com', 25, '北京');
INSERT INTO users VALUES (2, '李四', 'lisi@email.com', 30, '上海');
INSERT INTO users VALUES (3, '王五', 'wangwu@email.com', 28, '广州');
INSERT INTO users VALUES (4, '赵六', 'zhaoliu@email.com', 35, '深圳');
INSERT INTO users VALUES (5, '钱七', 'qianqi@email.com', 22, '杭州');
INSERT INTO users VALUES (6, '孙八', 'sunba@email.com', 29, '南京');
INSERT INTO users VALUES (7, '周九', 'zhoujiu@email.com', 31, '武汉');
INSERT INTO users VALUES (8, '吴十', 'wushi@email.com', 27, '成都');
2025-09-15 23:05:42.599 | LSN:00000172 | TXN_COMMIT   | TXN:1757948742575 |                 | 事务提交 | INFO:事务ID: 1757948742575
2025-09-15 23:07:37.795 | LSN:00000173 | TXN_START    | TXN:1757948857795 |                 | 事务开始 | INFO:事务ID: 1757948857795
2025-09-15 23:07:37.796 | LSN:00000174 | SYSTEM       | TXN:1757948857795 |                 | SQL执行开始 | INFO:SQL: DROP SHARD users
2025-09-15 23:07:37.798 | LSN:00000175 | SYSTEM       | TXN:1757948857795 |                 | SQL执行成功 | DATA:NEW[无数据返回] | INFO:SQL: DROP SHARD users
2025-09-15 23:07:37.799 | LSN:00000176 | TXN_COMMIT   | TXN:1757948857795 |                 | 事务提交 | INFO:事务ID: 1757948857795
2025-09-15 23:08:08.237 | LSN:00000177 | TXN_START    | TXN:1757948888237 |                 | 事务开始 | INFO:事务ID: 1757948888237
2025-09-15 23:08:08.238 | LSN:00000178 | SYSTEM       | TXN:1757948888237 |                 | SQL执行开始 | INFO:SQL: CREATE SHARD users BY id USING HASH (4)
2025-09-15 23:08:08.247 | LSN:00000179 | SYSTEM       | TXN:1757948888237 |                 | SQL执行成功 | DATA:NEW[无数据返回] | INFO:SQL: CREATE SHARD users BY id USING HASH (4)
2025-09-15 23:08:08.247 | LSN:00000180 | TXN_COMMIT   | TXN:1757948888237 |                 | 事务提交 | INFO:事务ID: 1757948888237
